--- perf frames=1800 ---
fixes: dwActFixes=00000000 cdrom=SCUS94244
cpu: slices=3322372 int=0 cpu_us=75193001 jit_full=0 jit_part=13701 interp_fb=0 hle=397739 exc=3618
wall: wall_us=75216470 vblanks=3822 pal=0 nested=3083968
inside: limit_us=14853853 limit=1678 target=1666 spu_us=5837012 spu=46818 out_us=408088 out=46818 hw_us=32855770 hw=2969123 hw_gpu_us=32649099 hw_gpu=554590
slicecost: sched_us=20185284 jit_us=50092439 post_us=4915277 exit_norm=2105879 exit_irq=815136
slice: cycles=31896361945 avg=9600 tiny=85506
irq: sio=14988 cdr=85 cdread=1245 gpudma=3606 spudma=12 cdrdma=2462 newdrc=11 rcnt=150616
ram: mem1_free_kb=5415 mem2=9094/24575KB peak=9094KB fails=0 null_read=0 heap_ok=1
gpu: tex_hit=823589 miss=83535 resets=9963 loads=0 bytes=0 batches=0
gpu: drawdone=9963 drawdone_us=30219 convert_us=0 present_us=322959
texk: conv_us=112608 conv=686 texels=714862 tile_us=99147 tile=686 mdec_us=0 mdec=0
ogx: gc=0 sub_new=686 sub_hit=902206 skip=450018 unaligned=577 oob=0
ogxskip: b1=437566 b2=12452 op_empty=0 op_semi=0
ogxupl: semi=79 opaque=607 mismatch=0
ogxgeom: coord_rej=0
offsoft: prims=0 rejected=129914 | pad: startpoll=3747 update=3747 ai_calls=3747
sio: write8=22482 start=3747 ctrl16=44964 read8=29976 irq=14988 padtype0=1
ogxoff: prims=47 tex=9 off_roi=0 fills=1799 fills_off=0 va=1807 va_roi=899
ogxva: rect=(512,12)-(1024,228)
ogxva: rect=(512,12)-(1024,228)
ogxva: rect=(512,12)-(1024,228)
ogxva: rect=(512,12)-(1024,228)
ogxva: rect=(512,12)-(1024,228)
ogxva: rect=(512,12)-(1024,228)
ogxva: rect=(512,12)-(1024,228)
ogxva: rect=(512,12)-(1024,228)
autoinput: vblank=23 mask=0000 at_present=2
ptrace: armed_at_present=369 vblank=960 prims/semi/fills per present: 1/1/0 66/29/1 66/29/1 66/29/1 66/29/1 66/29/1 66/29/1 66/29/1 66/29/1 2/1/1 2/1/1 72/1/1 919/103/1 923/107/1 926/107/1 948/106/1
pt: +0 cmd=2a S-Q- abr=2 col=121212 (0,0)-(512,240)
pt: +0 cmd=f5 ---- abr=0 col=000200 (512,0)-(0,0)
pt: +1 cmd=f8 ---- abr=0 col=000002 (0,0)-(0,0)
pt: +1 cmd=e3 ---- abr=0 col=003000 (0,12)-(0,0)
pt: +1 cmd=e4 ---- abr=0 col=038dff (511,227)-(0,0)
pt: +1 cmd=e5 ---- abr=0 col=000000 (0,12)-(0,0)
pt: +1 cmd=02 ---- abr=0 col=000000 (0,12)-(512,228)
pt: +1 cmd=01 ---- abr=0 col=000000 (0,12)-(512,228)
pt: +1 cmd=34 -T-G abr=3 col=5d5d5d (148,205)-(202,230)
pt: +1 cmd=34 -T-G abr=3 col=5d5d5d (148,205)-(202,230)
pt: +1 cmd=34 -T-G abr=3 col=5d5d5d (202,205)-(256,230)
pt: +1 cmd=34 -T-G abr=3 col=5d5d5d (202,205)-(256,230)
pt: +1 cmd=34 -T-G abr=3 col=5d5d5d (256,205)-(309,230)
pt: +1 cmd=34 -T-G abr=3 col=5d5d5d (256,205)-(309,230)
pt: +1 cmd=34 -T-G abr=3 col=5d5d5d (309,205)-(363,230)
pt: +1 cmd=34 -T-G abr=3 col=5d5d5d (309,205)-(363,230)
pt: +1 cmd=34 -T-G abr=3 col=5d5d5d (363,205)-(416,230)
pt: +1 cmd=34 -T-G abr=3 col=5d5d5d (363,205)-(416,230)
pt: +1 cmd=34 -T-G abr=3 col=5d5d5d (95,180)-(148,205)
pt: +1 cmd=34 -T-G abr=3 col=5d5d5d (42,180)-(95,205)
pt: +1 cmd=34 -T-G abr=3 col=5d5d5d (42,180)-(95,205)
pt: +1 cmd=34 -T-G abr=3 col=5d5d5d (42,205)-(95,230)
pt: +1 cmd=34 -T-G abr=3 col=5d5d5d (42,205)-(95,230)
pt: +1 cmd=34 -T-G abr=3 col=5d5d5d (95,205)-(148,230)
pt: +1 cmd=34 -T-G abr=3 col=5d5d5d (95,205)-(148,230)
pt: +1 cmd=34 -T-G abr=3 col=5d5d5d (95,180)-(148,205)
pt: +1 cmd=36 ST-G abr=1 col=5d5d5d (148,29)-(202,79)
pt: +1 cmd=36 ST-G abr=1 col=5d5d5d (148,29)-(202,79)
pt: +1 cmd=36 ST-G abr=1 col=5d5d5d (148,79)-(202,130)
pt: +1 cmd=36 ST-G abr=1 col=5d5d5d (148,79)-(202,130)
pt: +1 cmd=36 ST-G abr=1 col=5d5d5d (148,130)-(202,180)
pt: +1 cmd=34 -T-G abr=3 col=5d5d5d (95,130)-(148,180)
pt: +1 cmd=34 -T-G abr=3 col=5d5d5d (95,130)-(148,180)
pt: +1 cmd=36 ST-G abr=1 col=5d5d5d (95,79)-(148,130)
pt: +1 cmd=36 ST-G abr=1 col=5d5d5d (95,79)-(148,130)
pt: +1 cmd=36 ST-G abr=1 col=5d5d5d (202,79)-(256,130)
pt: +1 cmd=36 ST-G abr=1 col=5d5d5d (202,79)-(256,130)
pt: +1 cmd=36 ST-G abr=1 col=5d5d5d (256,79)-(309,130)
pt: +1 cmd=36 ST-G abr=1 col=5d5d5d (256,79)-(309,130)
pt: +1 cmd=36 ST-G abr=1 col=5d5d5d (256,130)-(309,180)
pt: +1 cmd=36 ST-G abr=1 col=5d5d5d (202,130)-(256,180)
pt: +1 cmd=36 ST-G abr=1 col=5d5d5d (202,130)-(256,180)
pt: +1 cmd=36 ST-G abr=1 col=5d5d5d (148,130)-(202,180)
pt: +1 cmd=34 -T-G abr=3 col=5d5d5d (148,180)-(202,205)
pt: +1 cmd=34 -T-G abr=3 col=5d5d5d (148,180)-(202,205)
pt: +1 cmd=34 -T-G abr=3 col=5d5d5d (202,180)-(256,205)
pt: +1 cmd=34 -T-G abr=3 col=5d5d5d (202,180)-(256,205)
pt: +1 cmd=34 -T-G abr=3 col=5d5d5d (256,180)-(309,205)
pt: +1 cmd=34 -T-G abr=3 col=5d5d5d (256,180)-(309,205)
pt: +1 cmd=36 ST-G abr=1 col=5d5d5d (256,130)-(309,180)
pt: +1 cmd=36 ST-G abr=1 col=5d5d5d (309,130)-(363,180)
pt: +1 cmd=36 ST-G abr=1 col=5d5d5d (309,130)-(363,180)
pt: +1 cmd=34 -T-G abr=3 col=5d5d5d (309,180)-(363,205)
pt: +1 cmd=34 -T-G abr=3 col=5d5d5d (309,180)-(363,205)
pt: +1 cmd=34 -T-G abr=3 col=5d5d5d (416,205)-(469,230)
pt: +1 cmd=34 -T-G abr=3 col=5d5d5d (416,205)-(469,230)
pt: +1 cmd=34 -T-G abr=3 col=5d5d5d (416,180)-(469,205)
pt: +1 cmd=34 -T-G abr=3 col=5d5d5d (416,180)-(469,205)
pt: +1 cmd=34 -T-G abr=3 col=5d5d5d (363,180)-(416,205)
pt: +1 cmd=34 -T-G abr=3 col=5d5d5d (363,180)-(416,205)
pt: +1 cmd=34 -T-G abr=3 col=5d5d5d (363,130)-(416,180)
pt: +1 cmd=34 -T-G abr=3 col=5d5d5d (363,130)-(416,180)
pt: +1 cmd=36 ST-G abr=1 col=5d5d5d (363,79)-(416,130)
pt: +1 cmd=36 ST-G abr=1 col=5d5d5d (363,79)-(416,130)
pt: +1 cmd=36 ST-G abr=1 col=5d5d5d (309,79)-(363,130)
pt: +1 cmd=36 ST-G abr=1 col=5d5d5d (309,79)-(363,130)
pt: +1 cmd=36 ST-G abr=1 col=5d5d5d (309,29)-(363,79)
pt: +1 cmd=36 ST-G abr=1 col=5d5d5d (309,29)-(363,79)
pt: +1 cmd=36 ST-G abr=1 col=5d5d5d (256,29)-(309,79)
pt: +1 cmd=36 ST-G abr=1 col=5d5d5d (256,29)-(309,79)
pt: +1 cmd=36 ST-G abr=1 col=5d5d5d (202,29)-(256,79)
pt: +1 cmd=36 ST-G abr=1 col=5d5d5d (202,29)-(256,79)
pt: +1 cmd=2a S-Q- abr=2 col=191919 (0,0)-(512,240)
pt: +1 cmd=f5 ---- abr=0 col=000000 (0,0)-(0,0)
pt: +2 cmd=f8 ---- abr=0 col=000002 (0,0)-(0,0)
pt: +2 cmd=e3 ---- abr=0 col=003200 (512,12)-(0,0)
pt: +2 cmd=e4 ---- abr=0 col=038fff (1023,227)-(0,0)
pt: +2 cmd=e5 ---- abr=0 col=000000 (512,12)-(0,0)
pt: +2 cmd=02 ---- abr=0 col=000000 (512,12)-(1024,228)
pt: +2 cmd=01 ---- abr=0 col=000000 (0,12)-(512,228)
pt: +2 cmd=34 -T-G abr=3 col=5d5d5d (161,195)-(208,218)
pt: +2 cmd=34 -T-G abr=3 col=5d5d5d (161,195)-(208,218)
pt: +2 cmd=34 -T-G abr=3 col=5d5d5d (208,195)-(256,218)
pt: +2 cmd=34 -T-G abr=3 col=5d5d5d (208,195)-(256,218)
pt: +2 cmd=34 -T-G abr=3 col=5d5d5d (256,195)-(303,218)
pt: +2 cmd=34 -T-G abr=3 col=5d5d5d (256,195)-(303,218)
pt: +2 cmd=34 -T-G abr=3 col=5d5d5d (303,195)-(350,218)
pt: +2 cmd=34 -T-G abr=3 col=5d5d5d (303,195)-(350,218)
pt: +2 cmd=34 -T-G abr=3 col=5d5d5d (350,195)-(396,218)
pt: +2 cmd=34 -T-G abr=3 col=5d5d5d (350,195)-(396,218)
pt: +2 cmd=34 -T-G abr=3 col=5d5d5d (115,174)-(161,195)
pt: +2 cmd=34 -T-G abr=3 col=5d5d5d (68,174)-(115,195)
pt: +2 cmd=34 -T-G abr=3 col=5d5d5d (68,174)-(115,195)
pt: +2 cmd=34 -T-G abr=3 col=5d5d5d (68,195)-(115,218)
pt: +2 cmd=34 -T-G abr=3 col=5d5d5d (68,195)-(115,218)
pt: +2 cmd=34 -T-G abr=3 col=5d5d5d (115,195)-(161,218)
pt: +2 cmd=34 -T-G abr=3 col=5d5d5d (115,195)-(161,218)
pt: +2 cmd=34 -T-G abr=3 col=5d5d5d (115,174)-(161,195)
pt: +2 cmd=36 ST-G abr=1 col=5d5d5d (161,41)-(208,85)
pt: +2 cmd=36 ST-G abr=1 col=5d5d5d (161,41)-(208,85)
pt: +2 cmd=36 ST-G abr=1 col=5d5d5d (161,85)-(208,130)
pt: +2 cmd=36 ST-G abr=1 col=5d5d5d (161,85)-(208,130)
pt: +2 cmd=36 ST-G abr=1 col=5d5d5d (161,130)-(208,174)
pt: +2 cmd=34 -T-G abr=3 col=5d5d5d (115,130)-(161,174)
pt: +2 cmd=34 -T-G abr=3 col=5d5d5d (115,130)-(161,174)
pt: +2 cmd=36 ST-G abr=1 col=5d5d5d (115,85)-(161,130)
pt: +2 cmd=36 ST-G abr=1 col=5d5d5d (115,85)-(161,130)
pt: +2 cmd=36 ST-G abr=1 col=5d5d5d (208,85)-(256,130)
pt: +2 cmd=36 ST-G abr=1 col=5d5d5d (208,85)-(256,130)
pt: +2 cmd=36 ST-G abr=1 col=5d5d5d (256,85)-(303,130)
pt: +2 cmd=36 ST-G abr=1 col=5d5d5d (256,85)-(303,130)
pt: +2 cmd=36 ST-G abr=1 col=5d5d5d (256,130)-(303,174)
pt: +2 cmd=36 ST-G abr=1 col=5d5d5d (208,130)-(256,174)
pt: +2 cmd=36 ST-G abr=1 col=5d5d5d (208,130)-(256,174)
pt: +2 cmd=36 ST-G abr=1 col=5d5d5d (161,130)-(208,174)
pt: +2 cmd=34 -T-G abr=3 col=5d5d5d (161,174)-(208,195)
pt: +2 cmd=34 -T-G abr=3 col=5d5d5d (161,174)-(208,195)
pt: +2 cmd=34 -T-G abr=3 col=5d5d5d (208,174)-(256,195)
pt: +2 cmd=34 -T-G abr=3 col=5d5d5d (208,174)-(256,195)
pt: +2 cmd=34 -T-G abr=3 col=5d5d5d (256,174)-(303,195)
pt: +2 cmd=34 -T-G abr=3 col=5d5d5d (256,174)-(303,195)
pt: +2 cmd=36 ST-G abr=1 col=5d5d5d (256,130)-(303,174)
pt: +2 cmd=36 ST-G abr=1 col=5d5d5d (303,130)-(350,174)
pt: +2 cmd=36 ST-G abr=1 col=5d5d5d (303,130)-(350,174)
pt: +2 cmd=34 -T-G abr=3 col=5d5d5d (303,174)-(350,195)
pt: +2 cmd=34 -T-G abr=3 col=5d5d5d (303,174)-(350,195)
pt: +2 cmd=34 -T-G abr=3 col=5d5d5d (396,195)-(443,218)
pt: +2 cmd=34 -T-G abr=3 col=5d5d5d (396,195)-(443,218)
pt: +2 cmd=34 -T-G abr=3 col=5d5d5d (396,174)-(443,195)
pt: +2 cmd=34 -T-G abr=3 col=5d5d5d (396,174)-(443,195)
pt: +2 cmd=34 -T-G abr=3 col=5d5d5d (350,174)-(396,195)
pt: +2 cmd=34 -T-G abr=3 col=5d5d5d (350,174)-(396,195)
pt: +2 cmd=34 -T-G abr=3 col=5d5d5d (350,130)-(396,174)
pt: +2 cmd=34 -T-G abr=3 col=5d5d5d (350,130)-(396,174)
pt: +2 cmd=36 ST-G abr=1 col=5d5d5d (350,85)-(396,130)
pt: +2 cmd=36 ST-G abr=1 col=5d5d5d (350,85)-(396,130)
pt: +2 cmd=36 ST-G abr=1 col=5d5d5d (303,85)-(350,130)
pt: +2 cmd=36 ST-G abr=1 col=5d5d5d (303,85)-(350,130)
pt: +2 cmd=36 ST-G abr=1 col=5d5d5d (303,41)-(350,85)
pt: +2 cmd=36 ST-G abr=1 col=5d5d5d (303,41)-(350,85)
pt: +2 cmd=36 ST-G abr=1 col=5d5d5d (256,41)-(303,85)
pt: +2 cmd=36 ST-G abr=1 col=5d5d5d (256,41)-(303,85)
pt: +2 cmd=36 ST-G abr=1 col=5d5d5d (208,41)-(256,85)
pt: +2 cmd=36 ST-G abr=1 col=5d5d5d (208,41)-(256,85)
pt: +2 cmd=2a S-Q- abr=2 col=1f1f1f (0,0)-(512,240)
pt: +2 cmd=f5 ---- abr=0 col=000200 (512,0)-(0,0)
pt: +3 cmd=f8 ---- abr=0 col=000002 (0,0)-(0,0)
pt: +3 cmd=e3 ---- abr=0 col=003000 (0,12)-(0,0)
pt: +3 cmd=e4 ---- abr=0 col=038dff (511,227)-(0,0)
pt: +3 cmd=e5 ---- abr=0 col=000000 (0,12)-(0,0)
pt: +3 cmd=02 ---- abr=0 col=000000 (0,12)-(512,228)
pt: +3 cmd=01 ---- abr=0 col=000000 (0,12)-(512,228)
pt: +3 cmd=34 -T-G abr=3 col=5d5d5d (175,186)-(215,205)
pt: +3 cmd=34 -T-G abr=3 col=5d5d5d (175,186)-(215,205)
pt: +3 cmd=34 -T-G abr=3 col=5d5d5d (215,186)-(256,205)
pt: +3 cmd=34 -T-G abr=3 col=5d5d5d (215,186)-(256,205)
pt: +3 cmd=34 -T-G abr=3 col=5d5d5d (256,186)-(296,205)
pt: +3 cmd=34 -T-G abr=3 col=5d5d5d (256,186)-(296,205)
pt: +3 cmd=34 -T-G abr=3 col=5d5d5d (296,186)-(336,205)
pt: +3 cmd=34 -T-G abr=3 col=5d5d5d (296,186)-(336,205)
pt: +3 cmd=34 -T-G abr=3 col=5d5d5d (336,186)-(376,205)
pt: +3 cmd=34 -T-G abr=3 col=5d5d5d (336,186)-(376,205)
pt: +3 cmd=34 -T-G abr=3 col=5d5d5d (135,168)-(175,186)
pt: +3 cmd=34 -T-G abr=3 col=5d5d5d (95,168)-(135,186)
pt: +3 cmd=34 -T-G abr=3 col=5d5d5d (95,168)-(135,186)
pt: +3 cmd=34 -T-G abr=3 col=5d5d5d (95,186)-(135,205)
pt: +3 cmd=34 -T-G abr=3 col=5d5d5d (95,186)-(135,205)
pt: +3 cmd=34 -T-G abr=3 col=5d5d5d (135,186)-(175,205)
pt: +3 cmd=34 -T-G abr=3 col=5d5d5d (135,186)-(175,205)
pt: +3 cmd=34 -T-G abr=3 col=5d5d5d (135,168)-(175,186)
pt: +3 cmd=36 ST-G abr=1 col=5d5d5d (175,54)-(215,91)
pt: +3 cmd=36 ST-G abr=1 col=5d5d5d (175,54)-(215,91)
pt: +3 cmd=36 ST-G abr=1 col=5d5d5d (175,91)-(215,130)
pt: +3 cmd=36 ST-G abr=1 col=5d5d5d (175,91)-(215,130)
pt: +3 cmd=36 ST-G abr=1 col=5d5d5d (175,130)-(215,168)
pt: +3 cmd=34 -T-G abr=3 col=5d5d5d (135,130)-(175,168)
pt: +3 cmd=34 -T-G abr=3 col=5d5d5d (135,130)-(175,168)
pt: +3 cmd=36 ST-G abr=1 col=5d5d5d (135,91)-(175,130)
pt: +3 cmd=36 ST-G abr=1 col=5d5d5d (135,91)-(175,130)
pt: +3 cmd=36 ST-G abr=1 col=5d5d5d (215,91)-(256,130)
pt: +3 cmd=36 ST-G abr=1 col=5d5d5d (215,91)-(256,130)
pt: +3 cmd=36 ST-G abr=1 col=5d5d5d (256,91)-(296,130)
pt: +3 cmd=36 ST-G abr=1 col=5d5d5d (256,91)-(296,130)
pt: +3 cmd=36 ST-G abr=1 col=5d5d5d (256,130)-(296,168)
pt: +3 cmd=36 ST-G abr=1 col=5d5d5d (215,130)-(256,168)
pt: +3 cmd=36 ST-G abr=1 col=5d5d5d (215,130)-(256,168)
pt: +3 cmd=36 ST-G abr=1 col=5d5d5d (175,130)-(215,168)
pt: +3 cmd=34 -T-G abr=3 col=5d5d5d (175,168)-(215,186)
pt: +3 cmd=34 -T-G abr=3 col=5d5d5d (175,168)-(215,186)
pt: +3 cmd=34 -T-G abr=3 col=5d5d5d (215,168)-(256,186)
pt: +3 cmd=34 -T-G abr=3 col=5d5d5d (215,168)-(256,186)
pt: +3 cmd=34 -T-G abr=3 col=5d5d5d (256,168)-(296,186)
pt: +3 cmd=34 -T-G abr=3 col=5d5d5d (256,168)-(296,186)
pt: +3 cmd=36 ST-G abr=1 col=5d5d5d (256,130)-(296,168)
pt: +3 cmd=36 ST-G abr=1 col=5d5d5d (296,130)-(336,168)
pt: +3 cmd=36 ST-G abr=1 col=5d5d5d (296,130)-(336,168)
pt: +3 cmd=34 -T-G abr=3 col=5d5d5d (296,168)-(336,186)
pt: +3 cmd=34 -T-G abr=3 col=5d5d5d (296,168)-(336,186)
pt: +3 cmd=34 -T-G abr=3 col=5d5d5d (376,186)-(416,205)
pt: +3 cmd=34 -T-G abr=3 col=5d5d5d (376,186)-(416,205)
pt: +3 cmd=34 -T-G abr=3 col=5d5d5d (376,168)-(416,186)
pt: +3 cmd=34 -T-G abr=3 col=5d5d5d (376,168)-(416,186)
pt: +3 cmd=34 -T-G abr=3 col=5d5d5d (336,168)-(376,186)
pt: +3 cmd=34 -T-G abr=3 col=5d5d5d (336,168)-(376,186)
pt: +3 cmd=34 -T-G abr=3 col=5d5d5d (336,130)-(376,168)
pt: +3 cmd=34 -T-G abr=3 col=5d5d5d (336,130)-(376,168)
pt: +3 cmd=36 ST-G abr=1 col=5d5d5d (336,91)-(376,130)
pt: +3 cmd=36 ST-G abr=1 col=5d5d5d (336,91)-(376,130)
pt: +3 cmd=36 ST-G abr=1 col=5d5d5d (296,91)-(336,130)
pt: +3 cmd=36 ST-G abr=1 col=5d5d5d (296,91)-(336,130)
pt: +3 cmd=36 ST-G abr=1 col=5d5d5d (296,54)-(336,91)
pt: +3 cmd=36 ST-G abr=1 col=5d5d5d (296,54)-(336,91)
pt: +3 cmd=36 ST-G abr=1 col=5d5d5d (256,54)-(296,91)
pt: +3 cmd=36 ST-G abr=1 col=5d5d5d (256,54)-(296,91)
pt: +3 cmd=36 ST-G abr=1 col=5d5d5d (215,54)-(256,91)
pt: +3 cmd=36 ST-G abr=1 col=5d5d5d (215,54)-(256,91)
pt: +3 cmd=2a S-Q- abr=2 col=262626 (0,0)-(512,240)
pt: +3 cmd=f5 ---- abr=0 col=000000 (0,0)-(0,0)
pt: +4 cmd=f8 ---- abr=0 col=000002 (0,0)-(0,0)
pt: +4 cmd=e3 ---- abr=0 col=003200 (512,12)-(0,0)
pt: +4 cmd=e4 ---- abr=0 col=038fff (1023,227)-(0,0)
pt: +4 cmd=e5 ---- abr=0 col=000000 (512,12)-(0,0)
pt: +4 cmd=02 ---- abr=0 col=000000 (512,12)-(1024,228)
pt: +4 cmd=01 ---- abr=0 col=000000 (0,12)-(512,228)
pt: +4 cmd=34 -T-G abr=3 col=5d5d5d (188,177)-(222,193)
pt: +4 cmd=34 -T-G abr=3 col=5d5d5d (188,177)-(222,193)
pt: +4 cmd=34 -T-G abr=3 col=5d5d5d (222,177)-(256,193)
pt: +4 cmd=34 -T-G abr=3 col=5d5d5d (222,177)-(256,193)
pt: +4 cmd=34 -T-G abr=3 col=5d5d5d (256,177)-(289,193)
pt: +4 cmd=34 -T-G abr=3 col=5d5d5d (256,177)-(289,193)
pt: +4 cmd=34 -T-G abr=3 col=5d5d5d (289,177)-(323,193)
pt: +4 cmd=34 -T-G abr=3 col=5d5d5d (289,177)-(323,193)
pt: +4 cmd=34 -T-G abr=3 col=5d5d5d (323,177)-(356,193)
pt: +4 cmd=34 -T-G abr=3 col=5d5d5d (323,177)-(356,193)
pt: +4 cmd=34 -T-G abr=3 col=5d5d5d (155,161)-(188,177)
pt: +4 cmd=34 -T-G abr=3 col=5d5d5d (122,161)-(155,177)
pt: +4 cmd=34 -T-G abr=3 col=5d5d5d (122,161)-(155,177)
pt: +4 cmd=34 -T-G abr=3 col=5d5d5d (122,177)-(155,193)
pt: +4 cmd=34 -T-G abr=3 col=5d5d5d (122,177)-(155,193)
pt: +4 cmd=34 -T-G abr=3 col=5d5d5d (155,177)-(188,193)
pt: +4 cmd=34 -T-G abr=3 col=5d5d5d (155,177)-(188,193)
pt: +4 cmd=34 -T-G abr=3 col=5d5d5d (155,161)-(188,177)
pt: +4 cmd=36 ST-G abr=1 col=5d5d5d (188,66)-(222,98)
pt: +4 cmd=36 ST-G abr=1 col=5d5d5d (188,66)-(222,98)
pt: +4 cmd=36 ST-G abr=1 col=5d5d5d (188,98)-(222,130)
pt: +4 cmd=36 ST-G abr=1 col=5d5d5d (188,98)-(222,130)
pt: +4 cmd=36 ST-G abr=1 col=5d5d5d (188,130)-(222,161)
pt: +4 cmd=34 -T-G abr=3 col=5d5d5d (155,130)-(188,161)
pt: +4 cmd=34 -T-G abr=3 col=5d5d5d (155,130)-(188,161)
pt: +4 cmd=36 ST-G abr=1 col=5d5d5d (155,98)-(188,130)
pt: +4 cmd=36 ST-G abr=1 col=5d5d5d (155,98)-(188,130)
pt: +4 cmd=36 ST-G abr=1 col=5d5d5d (222,98)-(256,130)
pt: +4 cmd=36 ST-G abr=1 col=5d5d5d (222,98)-(256,130)
pt: +4 cmd=36 ST-G abr=1 col=5d5d5d (256,98)-(289,130)
pt: +4 cmd=36 ST-G abr=1 col=5d5d5d (256,98)-(289,130)
pt: +4 cmd=36 ST-G abr=1 col=5d5d5d (256,130)-(289,161)
pt: +4 cmd=36 ST-G abr=1 col=5d5d5d (222,130)-(256,161)
pt: +4 cmd=36 ST-G abr=1 col=5d5d5d (222,130)-(256,161)
pt: +4 cmd=36 ST-G abr=1 col=5d5d5d (188,130)-(222,161)
pt: +4 cmd=34 -T-G abr=3 col=5d5d5d (188,161)-(222,177)
pt: +4 cmd=34 -T-G abr=3 col=5d5d5d (188,161)-(222,177)
pt: +4 cmd=34 -T-G abr=3 col=5d5d5d (222,161)-(256,177)
pt: +4 cmd=34 -T-G abr=3 col=5d5d5d (222,161)-(256,177)
pt: +4 cmd=34 -T-G abr=3 col=5d5d5d (256,161)-(289,177)
pt: +4 cmd=34 -T-G abr=3 col=5d5d5d (256,161)-(289,177)
pt: +4 cmd=36 ST-G abr=1 col=5d5d5d (256,130)-(289,161)
pt: +4 cmd=36 ST-G abr=1 col=5d5d5d (289,130)-(323,161)
pt: +4 cmd=36 ST-G abr=1 col=5d5d5d (289,130)-(323,161)
pt: +4 cmd=34 -T-G abr=3 col=5d5d5d (289,161)-(323,177)
pt: +4 cmd=34 -T-G abr=3 col=5d5d5d (289,161)-(323,177)
pt: +4 cmd=34 -T-G abr=3 col=5d5d5d (356,177)-(389,193)
pt: +4 cmd=34 -T-G abr=3 col=5d5d5d (356,177)-(389,193)
pt: +4 cmd=34 -T-G abr=3 col=5d5d5d (356,161)-(389,177)
pt: +4 cmd=34 -T-G abr=3 col=5d5d5d (356,161)-(389,177)
pt: +4 cmd=34 -T-G abr=3 col=5d5d5d (323,161)-(356,177)
pt: +4 cmd=34 -T-G abr=3 col=5d5d5d (323,161)-(356,177)
pt: +4 cmd=34 -T-G abr=3 col=5d5d5d (323,130)-(356,161)
pt: +4 cmd=34 -T-G abr=3 col=5d5d5d (323,130)-(356,161)
pt: +4 cmd=36 ST-G abr=1 col=5d5d5d (323,98)-(356,130)
pt: +4 cmd=36 ST-G abr=1 col=5d5d5d (323,98)-(356,130)
pt: +4 cmd=36 ST-G abr=1 col=5d5d5d (289,98)-(323,130)
pt: +4 cmd=36 ST-G abr=1 col=5d5d5d (289,98)-(323,130)
pt: +4 cmd=36 ST-G abr=1 col=5d5d5d (289,66)-(323,98)
pt: +4 cmd=36 ST-G abr=1 col=5d5d5d (289,66)-(323,98)
pt: +4 cmd=36 ST-G abr=1 col=5d5d5d (256,66)-(289,98)
pt: +4 cmd=36 ST-G abr=1 col=5d5d5d (256,66)-(289,98)
pt: +4 cmd=36 ST-G abr=1 col=5d5d5d (222,66)-(256,98)
pt: +4 cmd=36 ST-G abr=1 col=5d5d5d (222,66)-(256,98)
pt: +4 cmd=2a S-Q- abr=2 col=2c2c2c (0,0)-(512,240)
pt: +4 cmd=f5 ---- abr=0 col=000200 (512,0)-(0,0)
pt: +5 cmd=f8 ---- abr=0 col=000002 (0,0)-(0,0)
pt: +5 cmd=e3 ---- abr=0 col=003000 (0,12)-(0,0)
pt: +5 cmd=e4 ---- abr=0 col=038dff (511,227)-(0,0)
pt: +5 cmd=e5 ---- abr=0 col=000000 (0,12)-(0,0)
pt: +5 cmd=02 ---- abr=0 col=000000 (0,12)-(512,228)
pt: +5 cmd=01 ---- abr=0 col=000000 (0,12)-(512,228)
pt: +5 cmd=34 -T-G abr=3 col=5d5d5d (202,167)-(229,180)
pt: +5 cmd=34 -T-G abr=3 col=5d5d5d (202,167)-(229,180)
pt: +5 cmd=34 -T-G abr=3 col=5d5d5d (229,167)-(256,180)
pt: +5 cmd=34 -T-G abr=3 col=5d5d5d (229,167)-(256,180)
pt: +5 cmd=34 -T-G abr=3 col=5d5d5d (256,167)-(282,180)
pt: +5 cmd=34 -T-G abr=3 col=5d5d5d (256,167)-(282,180)
pt: +5 cmd=34 -T-G abr=3 col=5d5d5d (282,167)-(309,180)
pt: +5 cmd=34 -T-G abr=3 col=5d5d5d (282,167)-(309,180)
pt: +5 cmd=34 -T-G abr=3 col=5d5d5d (309,167)-(336,180)
pt: +5 cmd=34 -T-G abr=3 col=5d5d5d (309,167)-(336,180)
pt: +5 cmd=34 -T-G abr=3 col=5d5d5d (175,155)-(202,167)
pt: +5 cmd=34 -T-G abr=3 col=5d5d5d (149,155)-(175,167)
pt: +5 cmd=34 -T-G abr=3 col=5d5d5d (149,155)-(175,167)
pt: +5 cmd=34 -T-G abr=3 col=5d5d5d (149,167)-(175,180)
pt: +5 cmd=34 -T-G abr=3 col=5d5d5d (149,167)-(175,180)
pt: +5 cmd=34 -T-G abr=3 col=5d5d5d (175,167)-(202,180)
pt: +5 cmd=34 -T-G abr=3 col=5d5d5d (175,167)-(202,180)
pt: +5 cmd=34 -T-G abr=3 col=5d5d5d (175,155)-(202,167)
pt: +5 cmd=36 ST-G abr=1 col=5d5d5d (202,79)-(229,104)
pt: +5 cmd=36 ST-G abr=1 col=5d5d5d (202,79)-(229,104)
pt: +5 cmd=36 ST-G abr=1 col=5d5d5d (202,104)-(229,130)
pt: +5 cmd=36 ST-G abr=1 col=5d5d5d (202,104)-(229,130)
pt: +5 cmd=36 ST-G abr=1 col=5d5d5d (202,130)-(229,155)
pt: +5 cmd=34 -T-G abr=3 col=5d5d5d (175,130)-(202,155)
pt: +5 cmd=34 -T-G abr=3 col=5d5d5d (175,130)-(202,155)
pt: +5 cmd=36 ST-G abr=1 col=5d5d5d (175,104)-(202,130)
pt: +5 cmd=36 ST-G abr=1 col=5d5d5d (175,104)-(202,130)
pt: +5 cmd=36 ST-G abr=1 col=5d5d5d (229,104)-(256,130)
pt: +5 cmd=36 ST-G abr=1 col=5d5d5d (229,104)-(256,130)
pt: +5 cmd=36 ST-G abr=1 col=5d5d5d (256,104)-(282,130)
pt: +5 cmd=36 ST-G abr=1 col=5d5d5d (256,104)-(282,130)
pt: +5 cmd=36 ST-G abr=1 col=5d5d5d (256,130)-(282,155)
pt: +5 cmd=36 ST-G abr=1 col=5d5d5d (229,130)-(256,155)
pt: +5 cmd=36 ST-G abr=1 col=5d5d5d (229,130)-(256,155)
pt: +5 cmd=36 ST-G abr=1 col=5d5d5d (202,130)-(229,155)
pt: +5 cmd=34 -T-G abr=3 col=5d5d5d (202,155)-(229,167)
pt: +5 cmd=34 -T-G abr=3 col=5d5d5d (202,155)-(229,167)
pt: +5 cmd=34 -T-G abr=3 col=5d5d5d (229,155)-(256,167)
pt: +5 cmd=34 -T-G abr=3 col=5d5d5d (229,155)-(256,167)
pt: +5 cmd=34 -T-G abr=3 col=5d5d5d (256,155)-(282,167)
pt: +5 cmd=34 -T-G abr=3 col=5d5d5d (256,155)-(282,167)
pt: +5 cmd=36 ST-G abr=1 col=5d5d5d (256,130)-(282,155)
pt: +5 cmd=36 ST-G abr=1 col=5d5d5d (282,130)-(309,155)
pt: +5 cmd=36 ST-G abr=1 col=5d5d5d (282,130)-(309,155)
pt: +5 cmd=34 -T-G abr=3 col=5d5d5d (282,155)-(309,167)
pt: +5 cmd=34 -T-G abr=3 col=5d5d5d (282,155)-(309,167)
pt: +5 cmd=34 -T-G abr=3 col=5d5d5d (336,167)-(362,180)
pt: +5 cmd=34 -T-G abr=3 col=5d5d5d (336,167)-(362,180)
pt: +5 cmd=34 -T-G abr=3 col=5d5d5d (336,155)-(362,167)
pt: +5 cmd=34 -T-G abr=3 col=5d5d5d (336,155)-(362,167)
pt: +5 cmd=34 -T-G abr=3 col=5d5d5d (309,155)-(336,167)
pt: +5 cmd=34 -T-G abr=3 col=5d5d5d (309,155)-(336,167)
pt: +5 cmd=34 -T-G abr=3 col=5d5d5d (309,130)-(336,155)
pt: +5 cmd=34 -T-G abr=3 col=5d5d5d (309,130)-(336,155)
pt: +5 cmd=36 ST-G abr=1 col=5d5d5d (309,104)-(336,130)
pt: +5 cmd=36 ST-G abr=1 col=5d5d5d (309,104)-(336,130)
pt: +5 cmd=36 ST-G abr=1 col=5d5d5d (282,104)-(309,130)
pt: +5 cmd=36 ST-G abr=1 col=5d5d5d (282,104)-(309,130)
pt: +5 cmd=36 ST-G abr=1 col=5d5d5d (282,79)-(309,104)
pt: +5 cmd=36 ST-G abr=1 col=5d5d5d (282,79)-(309,104)
pt: +5 cmd=36 ST-G abr=1 col=5d5d5d (256,79)-(282,104)
pt: +5 cmd=36 ST-G abr=1 col=5d5d5d (256,79)-(282,104)
pt: +5 cmd=36 ST-G abr=1 col=5d5d5d (229,79)-(256,104)
pt: +5 cmd=36 ST-G abr=1 col=5d5d5d (229,79)-(256,104)
pt: +5 cmd=2a S-Q- abr=2 col=333333 (0,0)-(512,240)
pt: +5 cmd=f5 ---- abr=0 col=000000 (0,0)-(0,0)
pt: +6 cmd=f8 ---- abr=0 col=000002 (0,0)-(0,0)
pt: +6 cmd=e3 ---- abr=0 col=003200 (512,12)-(0,0)
pt: +6 cmd=e4 ---- abr=0 col=038fff (1023,227)-(0,0)
pt: +6 cmd=e5 ---- abr=0 col=000000 (512,12)-(0,0)
pt: +6 cmd=02 ---- abr=0 col=000000 (512,12)-(1024,228)
pt: +6 cmd=01 ---- abr=0 col=000000 (0,12)-(512,228)
pt: +6 cmd=34 -T-G abr=3 col=5d5d5d (215,158)-(235,167)
pt: +6 cmd=34 -T-G abr=3 col=5d5d5d (215,158)-(235,167)
pt: +6 cmd=34 -T-G abr=3 col=5d5d5d (235,158)-(256,167)
pt: +6 cmd=34 -T-G abr=3 col=5d5d5d (235,158)-(256,167)
pt: +6 cmd=34 -T-G abr=3 col=5d5d5d (256,158)-(276,167)
pt: +6 cmd=34 -T-G abr=3 col=5d5d5d (256,158)-(276,167)
pt: +6 cmd=34 -T-G abr=3 col=5d5d5d (276,158)-(296,167)
pt: +6 cmd=34 -T-G abr=3 col=5d5d5d (276,158)-(296,167)
pt: +6 cmd=34 -T-G abr=3 col=5d5d5d (296,158)-(316,167)
pt: +6 cmd=34 -T-G abr=3 col=5d5d5d (296,158)-(316,167)
pt: +6 cmd=34 -T-G abr=3 col=5d5d5d (195,149)-(215,158)
pt: +6 cmd=34 -T-G abr=3 col=5d5d5d (175,149)-(195,158)
pt: +6 cmd=34 -T-G abr=3 col=5d5d5d (175,149)-(195,158)
pt: +6 cmd=34 -T-G abr=3 col=5d5d5d (175,158)-(195,167)
pt: +6 cmd=34 -T-G abr=3 col=5d5d5d (175,158)-(195,167)
pt: +6 cmd=34 -T-G abr=3 col=5d5d5d (195,158)-(215,167)
pt: +6 cmd=34 -T-G abr=3 col=5d5d5d (195,158)-(215,167)
pt: +6 cmd=34 -T-G abr=3 col=5d5d5d (195,149)-(215,158)
pt: +6 cmd=36 ST-G abr=1 col=5d5d5d (215,92)-(235,110)
pt: +6 cmd=36 ST-G abr=1 col=5d5d5d (215,92)-(235,110)
pt: +6 cmd=36 ST-G abr=1 col=5d5d5d (215,110)-(235,130)
pt: +6 cmd=36 ST-G abr=1 col=5d5d5d (215,110)-(235,130)
pt: +6 cmd=36 ST-G abr=1 col=5d5d5d (215,130)-(235,149)
pt: +6 cmd=34 -T-G abr=3 col=5d5d5d (195,130)-(215,149)
pt: +6 cmd=34 -T-G abr=3 col=5d5d5d (195,130)-(215,149)
pt: +6 cmd=36 ST-G abr=1 col=5d5d5d (195,110)-(215,130)
pt: +6 cmd=36 ST-G abr=1 col=5d5d5d (195,110)-(215,130)
pt: +6 cmd=36 ST-G abr=1 col=5d5d5d (235,110)-(256,130)
pt: +6 cmd=36 ST-G abr=1 col=5d5d5d (235,110)-(256,130)
pt: +6 cmd=36 ST-G abr=1 col=5d5d5d (256,110)-(276,130)
pt: +6 cmd=36 ST-G abr=1 col=5d5d5d (256,110)-(276,130)
pt: +6 cmd=36 ST-G abr=1 col=5d5d5d (256,130)-(276,149)
pt: +6 cmd=36 ST-G abr=1 col=5d5d5d (235,130)-(256,149)
pt: +6 cmd=36 ST-G abr=1 col=5d5d5d (235,130)-(256,149)
pt: +6 cmd=36 ST-G abr=1 col=5d5d5d (215,130)-(235,149)
pt: +6 cmd=34 -T-G abr=3 col=5d5d5d (215,149)-(235,158)
pt: +6 cmd=34 -T-G abr=3 col=5d5d5d (215,149)-(235,158)
pt: +6 cmd=34 -T-G abr=3 col=5d5d5d (235,149)-(256,158)
pt: +6 cmd=34 -T-G abr=3 col=5d5d5d (235,149)-(256,158)
pt: +6 cmd=34 -T-G abr=3 col=5d5d5d (256,149)-(276,158)
pt: +6 cmd=34 -T-G abr=3 col=5d5d5d (256,149)-(276,158)
pt: +6 cmd=36 ST-G abr=1 col=5d5d5d (256,130)-(276,149)
pt: +6 cmd=36 ST-G abr=1 col=5d5d5d (276,130)-(296,149)
pt: +6 cmd=36 ST-G abr=1 col=5d5d5d (276,130)-(296,149)
pt: +6 cmd=34 -T-G abr=3 col=5d5d5d (276,149)-(296,158)
pt: +6 cmd=34 -T-G abr=3 col=5d5d5d (276,149)-(296,158)
pt: +6 cmd=34 -T-G abr=3 col=5d5d5d (316,158)-(336,167)
pt: +6 cmd=34 -T-G abr=3 col=5d5d5d (316,158)-(336,167)
pt: +6 cmd=34 -T-G abr=3 col=5d5d5d (316,149)-(336,158)
pt: +6 cmd=34 -T-G abr=3 col=5d5d5d (316,149)-(336,158)
pt: +6 cmd=34 -T-G abr=3 col=5d5d5d (296,149)-(316,158)
pt: +6 cmd=34 -T-G abr=3 col=5d5d5d (296,149)-(316,158)
pt: +6 cmd=34 -T-G abr=3 col=5d5d5d (296,130)-(316,149)
pt: +6 cmd=34 -T-G abr=3 col=5d5d5d (296,130)-(316,149)
pt: +6 cmd=36 ST-G abr=1 col=5d5d5d (296,110)-(316,130)
pt: +6 cmd=36 ST-G abr=1 col=5d5d5d (296,110)-(316,130)
pt: +6 cmd=36 ST-G abr=1 col=5d5d5d (276,110)-(296,130)
pt: +6 cmd=36 ST-G abr=1 col=5d5d5d (276,110)-(296,130)
pt: +6 cmd=36 ST-G abr=1 col=5d5d5d (276,92)-(296,110)
pt: +6 cmd=36 ST-G abr=1 col=5d5d5d (276,92)-(296,110)
pt: +6 cmd=36 ST-G abr=1 col=5d5d5d (256,92)-(276,110)
pt: +6 cmd=36 ST-G abr=1 col=5d5d5d (256,92)-(276,110)
pt: +6 cmd=36 ST-G abr=1 col=5d5d5d (235,92)-(256,110)
pt: +6 cmd=36 ST-G abr=1 col=5d5d5d (235,92)-(256,110)
pt: +6 cmd=2a S-Q- abr=2 col=393939 (0,0)-(512,240)
pt: +6 cmd=f5 ---- abr=0 col=000200 (512,0)-(0,0)
pt: +7 cmd=f8 ---- abr=0 col=000002 (0,0)-(0,0)
pt: +7 cmd=e3 ---- abr=0 col=003000 (0,12)-(0,0)
pt: +7 cmd=e4 ---- abr=0 col=038dff (511,227)-(0,0)
pt: +7 cmd=e5 ---- abr=0 col=000000 (0,12)-(0,0)
pt: +7 cmd=02 ---- abr=0 col=000000 (0,12)-(512,228)
pt: +7 cmd=01 ---- abr=0 col=000000 (0,12)-(512,228)
pt: +7 cmd=34 -T-G abr=3 col=5d5d5d (229,148)-(242,155)
pt: +7 cmd=34 -T-G abr=3 col=5d5d5d (229,148)-(242,155)
pt: +7 cmd=34 -T-G abr=3 col=5d5d5d (242,148)-(256,155)
pt: +7 cmd=34 -T-G abr=3 col=5d5d5d (242,148)-(256,155)
pt: +7 cmd=34 -T-G abr=3 col=5d5d5d (256,148)-(269,155)
pt: +7 cmd=34 -T-G abr=3 col=5d5d5d (256,148)-(269,155)
pt: +7 cmd=34 -T-G abr=3 col=5d5d5d (269,148)-(282,155)
pt: +7 cmd=34 -T-G abr=3 col=5d5d5d (269,148)-(282,155)
pt: +7 cmd=34 -T-G abr=3 col=5d5d5d (282,148)-(295,155)
pt: +7 cmd=34 -T-G abr=3 col=5d5d5d (282,148)-(295,155)
pt: +7 cmd=34 -T-G abr=3 col=5d5d5d (216,142)-(229,148)
pt: +7 cmd=34 -T-G abr=3 col=5d5d5d (202,142)-(216,148)
pt: +7 cmd=34 -T-G abr=3 col=5d5d5d (202,142)-(216,148)
pt: +7 cmd=34 -T-G abr=3 col=5d5d5d (202,148)-(216,155)
pt: +7 cmd=34 -T-G abr=3 col=5d5d5d (202,148)-(216,155)
pt: +7 cmd=34 -T-G abr=3 col=5d5d5d (216,148)-(229,155)
pt: +7 cmd=34 -T-G abr=3 col=5d5d5d (216,148)-(229,155)
pt: +7 cmd=34 -T-G abr=3 col=5d5d5d (216,142)-(229,148)
pt: +7 cmd=36 ST-G abr=1 col=5d5d5d (229,104)-(242,117)
pt: +7 cmd=36 ST-G abr=1 col=5d5d5d (229,104)-(242,117)
pt: +7 cmd=36 ST-G abr=1 col=5d5d5d (229,117)-(242,130)
pt: +7 cmd=36 ST-G abr=1 col=5d5d5d (229,117)-(242,130)
pt: +7 cmd=36 ST-G abr=1 col=5d5d5d (229,130)-(242,142)
pt: +7 cmd=34 -T-G abr=3 col=5d5d5d (216,130)-(229,142)
pt: +7 cmd=34 -T-G abr=3 col=5d5d5d (216,130)-(229,142)
pt: +7 cmd=36 ST-G abr=1 col=5d5d5d (216,117)-(229,130)
pt: +7 cmd=36 ST-G abr=1 col=5d5d5d (216,117)-(229,130)
pt: +7 cmd=36 ST-G abr=1 col=5d5d5d (242,117)-(256,130)
pt: +7 cmd=36 ST-G abr=1 col=5d5d5d (242,117)-(256,130)
pt: +7 cmd=36 ST-G abr=1 col=5d5d5d (256,117)-(269,130)
pt: +7 cmd=36 ST-G abr=1 col=5d5d5d (256,117)-(269,130)
pt: +7 cmd=36 ST-G abr=1 col=5d5d5d (256,130)-(269,142)
pt: +7 cmd=36 ST-G abr=1 col=5d5d5d (242,130)-(256,142)
pt: +7 cmd=36 ST-G abr=1 col=5d5d5d (242,130)-(256,142)
pt: +7 cmd=36 ST-G abr=1 col=5d5d5d (229,130)-(242,142)
pt: +7 cmd=34 -T-G abr=3 col=5d5d5d (229,142)-(242,148)
pt: +7 cmd=34 -T-G abr=3 col=5d5d5d (229,142)-(242,148)
pt: +7 cmd=34 -T-G abr=3 col=5d5d5d (242,142)-(256,148)
pt: +7 cmd=34 -T-G abr=3 col=5d5d5d (242,142)-(256,148)
pt: +7 cmd=34 -T-G abr=3 col=5d5d5d (256,142)-(269,148)
pt: +7 cmd=34 -T-G abr=3 col=5d5d5d (256,142)-(269,148)
pt: +7 cmd=36 ST-G abr=1 col=5d5d5d (256,130)-(269,142)
pt: +7 cmd=36 ST-G abr=1 col=5d5d5d (269,130)-(282,142)
pt: +7 cmd=36 ST-G abr=1 col=5d5d5d (269,130)-(282,142)
pt: +7 cmd=34 -T-G abr=3 col=5d5d5d (269,142)-(282,148)
pt: +7 cmd=34 -T-G abr=3 col=5d5d5d (269,142)-(282,148)
pt: +7 cmd=34 -T-G abr=3 col=5d5d5d (295,148)-(309,155)
pt: +7 cmd=34 -T-G abr=3 col=5d5d5d (295,148)-(309,155)
pt: +7 cmd=34 -T-G abr=3 col=5d5d5d (295,142)-(309,148)
pt: +7 cmd=34 -T-G abr=3 col=5d5d5d (295,142)-(309,148)
pt: +7 cmd=34 -T-G abr=3 col=5d5d5d (282,142)-(295,148)
pt: +7 cmd=34 -T-G abr=3 col=5d5d5d (282,142)-(295,148)
pt: +7 cmd=34 -T-G abr=3 col=5d5d5d (282,130)-(295,142)
pt: +7 cmd=34 -T-G abr=3 col=5d5d5d (282,130)-(295,142)
pt: +7 cmd=36 ST-G abr=1 col=5d5d5d (282,117)-(295,130)
pt: +7 cmd=36 ST-G abr=1 col=5d5d5d (282,117)-(295,130)
pt: +7 cmd=36 ST-G abr=1 col=5d5d5d (269,117)-(282,130)
pt: +7 cmd=36 ST-G abr=1 col=5d5d5d (269,117)-(282,130)
pt: +7 cmd=36 ST-G abr=1 col=5d5d5d (269,104)-(282,117)
pt: +7 cmd=36 ST-G abr=1 col=5d5d5d (269,104)-(282,117)
pt: +7 cmd=36 ST-G abr=1 col=5d5d5d (256,104)-(269,117)
pt: +7 cmd=36 ST-G abr=1 col=5d5d5d (256,104)-(269,117)
pt: +7 cmd=36 ST-G abr=1 col=5d5d5d (242,104)-(256,117)
pt: +7 cmd=36 ST-G abr=1 col=5d5d5d (242,104)-(256,117)
pt: +7 cmd=2a S-Q- abr=2 col=404040 (0,0)-(512,240)
pt: +7 cmd=f5 ---- abr=0 col=000000 (0,0)-(0,0)
pt: +8 cmd=f8 ---- abr=0 col=000002 (0,0)-(0,0)
pt: +8 cmd=e3 ---- abr=0 col=003200 (512,12)-(0,0)
pt: +8 cmd=e4 ---- abr=0 col=038fff (1023,227)-(0,0)
pt: +8 cmd=e5 ---- abr=0 col=000000 (512,12)-(0,0)
pt: +8 cmd=02 ---- abr=0 col=000000 (512,12)-(1024,228)
pt: +8 cmd=01 ---- abr=0 col=000000 (0,12)-(512,228)
pt: +8 cmd=34 -T-G abr=3 col=5d5d5d (242,139)-(249,142)
pt: +8 cmd=34 -T-G abr=3 col=5d5d5d (242,139)-(249,142)
pt: +8 cmd=34 -T-G abr=3 col=5d5d5d (249,139)-(256,142)
pt: +8 cmd=34 -T-G abr=3 col=5d5d5d (249,139)-(256,142)
pt: +8 cmd=34 -T-G abr=3 col=5d5d5d (256,139)-(262,142)
pt: +8 cmd=34 -T-G abr=3 col=5d5d5d (256,139)-(262,142)
pt: +8 cmd=34 -T-G abr=3 col=5d5d5d (262,139)-(269,142)
pt: +8 cmd=34 -T-G abr=3 col=5d5d5d (262,139)-(269,142)
pt: +8 cmd=34 -T-G abr=3 col=5d5d5d (269,139)-(275,142)
pt: +8 cmd=34 -T-G abr=3 col=5d5d5d (269,139)-(275,142)
pt: +8 cmd=34 -T-G abr=3 col=5d5d5d (236,136)-(242,139)
pt: +8 cmd=34 -T-G abr=3 col=5d5d5d (229,136)-(236,139)
pt: +8 cmd=34 -T-G abr=3 col=5d5d5d (229,136)-(236,139)
pt: +8 cmd=34 -T-G abr=3 col=5d5d5d (229,139)-(236,142)
pt: +8 cmd=34 -T-G abr=3 col=5d5d5d (229,139)-(236,142)
pt: +8 cmd=34 -T-G abr=3 col=5d5d5d (236,139)-(242,142)
pt: +8 cmd=34 -T-G abr=3 col=5d5d5d (236,139)-(242,142)
pt: +8 cmd=34 -T-G abr=3 col=5d5d5d (236,136)-(242,139)
pt: +8 cmd=36 ST-G abr=1 col=5d5d5d (242,117)-(249,123)
pt: +8 cmd=36 ST-G abr=1 col=5d5d5d (242,117)-(249,123)
pt: +8 cmd=36 ST-G abr=1 col=5d5d5d (242,123)-(249,130)
pt: +8 cmd=36 ST-G abr=1 col=5d5d5d (242,123)-(249,130)
pt: +8 cmd=36 ST-G abr=1 col=5d5d5d (242,130)-(249,136)
pt: +8 cmd=34 -T-G abr=3 col=5d5d5d (236,130)-(242,136)
pt: +8 cmd=34 -T-G abr=3 col=5d5d5d (236,130)-(242,136)
pt: +8 cmd=36 ST-G abr=1 col=5d5d5d (236,123)-(242,130)
pt: +8 cmd=36 ST-G abr=1 col=5d5d5d (236,123)-(242,130)
pt: +8 cmd=36 ST-G abr=1 col=5d5d5d (249,123)-(256,130)
pt: +8 cmd=36 ST-G abr=1 col=5d5d5d (249,123)-(256,130)
pt: +8 cmd=36 ST-G abr=1 col=5d5d5d (256,123)-(262,130)
pt: +8 cmd=36 ST-G abr=1 col=5d5d5d (256,123)-(262,130)
pt: +8 cmd=36 ST-G abr=1 col=5d5d5d (256,130)-(262,136)
pt: +8 cmd=36 ST-G abr=1 col=5d5d5d (249,130)-(256,136)
pt: +8 cmd=36 ST-G abr=1 col=5d5d5d (249,130)-(256,136)
pt: +8 cmd=36 ST-G abr=1 col=5d5d5d (242,130)-(249,136)
pt: +8 cmd=34 -T-G abr=3 col=5d5d5d (242,136)-(249,139)
pt: +8 cmd=34 -T-G abr=3 col=5d5d5d (242,136)-(249,139)
pt: +8 cmd=34 -T-G abr=3 col=5d5d5d (249,136)-(256,139)
pt: +8 cmd=34 -T-G abr=3 col=5d5d5d (249,136)-(256,139)
pt: +8 cmd=34 -T-G abr=3 col=5d5d5d (256,136)-(262,139)
pt: +8 cmd=34 -T-G abr=3 col=5d5d5d (256,136)-(262,139)
pt: +8 cmd=36 ST-G abr=1 col=5d5d5d (256,130)-(262,136)
pt: +8 cmd=36 ST-G abr=1 col=5d5d5d (262,130)-(269,136)
pt: +8 cmd=36 ST-G abr=1 col=5d5d5d (262,130)-(269,136)
pt: +8 cmd=34 -T-G abr=3 col=5d5d5d (262,136)-(269,139)
pt: +8 cmd=34 -T-G abr=3 col=5d5d5d (262,136)-(269,139)
pt: +8 cmd=34 -T-G abr=3 col=5d5d5d (275,139)-(282,142)
pt: +8 cmd=34 -T-G abr=3 col=5d5d5d (275,139)-(282,142)
pt: +8 cmd=34 -T-G abr=3 col=5d5d5d (275,136)-(282,139)
pt: +8 cmd=34 -T-G abr=3 col=5d5d5d (275,136)-(282,139)
pt: +8 cmd=34 -T-G abr=3 col=5d5d5d (269,136)-(275,139)
pt: +8 cmd=34 -T-G abr=3 col=5d5d5d (269,136)-(275,139)
pt: +8 cmd=34 -T-G abr=3 col=5d5d5d (269,130)-(275,136)
pt: +8 cmd=34 -T-G abr=3 col=5d5d5d (269,130)-(275,136)
pt: +8 cmd=36 ST-G abr=1 col=5d5d5d (269,123)-(275,130)
pt: +8 cmd=36 ST-G abr=1 col=5d5d5d (269,123)-(275,130)
pt: +8 cmd=36 ST-G abr=1 col=5d5d5d (262,123)-(269,130)
pt: +8 cmd=36 ST-G abr=1 col=5d5d5d (262,123)-(269,130)
pt: +8 cmd=36 ST-G abr=1 col=5d5d5d (262,117)-(269,123)
pt: +8 cmd=36 ST-G abr=1 col=5d5d5d (262,117)-(269,123)
pt: +8 cmd=36 ST-G abr=1 col=5d5d5d (256,117)-(262,123)
pt: +8 cmd=36 ST-G abr=1 col=5d5d5d (256,117)-(262,123)
pt: +8 cmd=36 ST-G abr=1 col=5d5d5d (249,117)-(256,123)
pt: +8 cmd=36 ST-G abr=1 col=5d5d5d (249,117)-(256,123)
pt: +8 cmd=2a S-Q- abr=2 col=464646 (0,0)-(512,240)
pt: +8 cmd=f5 ---- abr=0 col=000200 (512,0)-(0,0)
pt: +9 cmd=f8 ---- abr=0 col=000002 (0,0)-(0,0)
pt: +9 cmd=e3 ---- abr=0 col=003000 (0,12)-(0,0)
pt: +9 cmd=e4 ---- abr=0 col=038dff (511,227)-(0,0)
pt: +9 cmd=e5 ---- abr=0 col=000000 (0,12)-(0,0)
pt: +9 cmd=02 ---- abr=0 col=000000 (0,12)-(512,228)
pt: +9 cmd=01 ---- abr=0 col=000000 (0,12)-(512,228)
pt: +9 cmd=2a S-Q- abr=2 col=4d4d4d (0,0)-(512,240)
pt: +9 cmd=f5 ---- abr=0 col=000000 (0,0)-(0,0)
pt: +10 cmd=f8 ---- abr=0 col=000002 (0,0)-(0,0)
pt: +10 cmd=e3 ---- abr=0 col=003200 (512,12)-(0,0)
pt: +10 cmd=e4 ---- abr=0 col=038fff (1023,227)-(0,0)
pt: +10 cmd=e5 ---- abr=0 col=000000 (512,12)-(0,0)
pt: +10 cmd=02 ---- abr=0 col=000000 (512,12)-(1024,228)
pt: +10 cmd=01 ---- abr=0 col=000000 (0,12)-(512,228)
pt: +10 cmd=2a S-Q- abr=2 col=545454 (0,0)-(512,240)
pt: +10 cmd=f5 ---- abr=0 col=000200 (512,0)-(0,0)
pt: +11 cmd=f8 ---- abr=0 col=000002 (0,0)-(0,0)
pt: +11 cmd=e3 ---- abr=0 col=003000 (0,12)-(0,0)
pt: +11 cmd=e4 ---- abr=0 col=038dff (511,227)-(0,0)
pt: +11 cmd=e5 ---- abr=0 col=000000 (0,12)-(0,0)
pt: +11 cmd=02 ---- abr=0 col=000000 (0,12)-(512,228)
pt: +11 cmd=01 ---- abr=0 col=000000 (0,12)-(512,228)
pt: +11 cmd=30 ---G abr=0 col=120002 (141,215)-(256,276)
pt: +11 cmd=30 ---G abr=0 col=3b002f (141,215)-(256,276)
pt: +11 cmd=30 ---G abr=0 col=261654 (6,223)-(141,307)
pt: +11 cmd=30 ---G abr=0 col=400009 (-22,223)-(141,307)
pt: +11 cmd=30 ---G abr=0 col=240005 (-25,187)-(140,257)
pt: +11 cmd=30 ---G abr=0 col=3b002f (-22,187)-(141,257)
pt: +11 cmd=30 ---G abr=0 col=240005 (140,182)-(256,223)
pt: +11 cmd=30 ---G abr=0 col=120002 (141,182)-(256,223)
pt: +11 cmd=30 ---G abr=0 col=120002 (256,182)-(370,215)
pt: +11 cmd=30 ---G abr=0 col=120002 (256,187)-(370,223)
pt: +11 cmd=30 ---G abr=0 col=6e0010 (256,215)-(369,265)
pt: +11 cmd=30 ---G abr=0 col=120002 (256,223)-(369,276)
pt: +11 cmd=30 ---G abr=0 col=120002 (368,223)-(531,276)
pt: +11 cmd=30 ---G abr=0 col=400030 (369,210)-(535,257)
pt: +11 cmd=30 ---G abr=0 col=240005 (369,187)-(535,223)
pt: +11 cmd=30 ---G abr=0 col=240005 (370,173)-(537,210)
pt: +11 cmd=30 ---G abr=0 col=2e0007 (370,158)-(537,187)
pt: +11 cmd=30 ---G abr=0 col=240005 (256,158)-(373,187)
pt: +11 cmd=30 ---G abr=0 col=49000b (256,154)-(373,182)
pt: +11 cmd=30 ---G abr=0 col=240005 (140,154)-(256,187)
pt: +11 cmd=30 ---G abr=0 col=490031 (137,154)-(256,187)
pt: +11 cmd=30 ---G abr=0 col=3c0b30 (-25,158)-(140,210)
pt: +11 cmd=30 ---G abr=0 col=3c0b30 (-27,158)-(137,210)
pt: +11 cmd=30 ---G abr=0 col=400030 (-30,133)-(136,173)
pt: +11 cmd=30 ---G abr=0 col=490031 (-27,133)-(137,173)
pt: +11 cmd=30 ---G abr=0 col=6e0010 (136,131)-(256,158)
pt: +11 cmd=30 ---G abr=0 col=49000b (137,131)-(256,158)
pt: +11 cmd=30 ---G abr=0 col=400009 (256,131)-(374,154)
pt: +11 cmd=30 ---G abr=0 col=2e0007 (256,133)-(374,158)
pt: +11 cmd=30 ---G abr=0 col=6e0010 (373,133)-(540,158)
pt: +11 cmd=30 ---G abr=0 col=3d0025 (373,140)-(540,173)
pt: +11 cmd=30 ---G abr=0 col=400009 (374,109)-(542,140)
pt: +11 cmd=30 ---G abr=0 col=400030 (374,109)-(542,133)
pt: +11 cmd=30 ---G abr=0 col=6e0010 (256,110)-(375,133)
pt: +11 cmd=30 ---G abr=0 col=400030 (256,110)-(375,131)
pt: +11 cmd=30 ---G abr=0 col=400030 (136,110)-(256,133)
pt: +11 cmd=30 ---G abr=0 col=930016 (135,110)-(256,133)
pt: +11 cmd=30 ---G abr=0 col=400009 (-30,110)-(136,140)
pt: +11 cmd=30 ---G abr=0 col=49000b (-32,109)-(135,140)
pt: +11 cmd=30 ---G abr=0 col=240005 (376,-52)-(559,28)
pt: +11 cmd=30 ---G abr=0 col=3b002f (376,-52)-(559,28)
pt: +11 cmd=30 ---G abr=0 col=240005 (256,-12)-(376,35)
pt: +11 cmd=30 ---G abr=0 col=120002 (256,-12)-(376,35)
pt: +11 cmd=30 ---G abr=0 col=120002 (134,-3)-(256,35)
pt: +11 cmd=30 ---G abr=0 col=120002 (133,-12)-(256,28)
pt: +11 cmd=30 ---G abr=0 col=240005 (-44,-12)-(134,28)
pt: +11 cmd=30 ---G abr=0 col=240005 (-44,3)-(134,44)
pt: +11 cmd=30 ---G abr=0 col=2e0007 (-38,28)-(134,60)
pt: +11 cmd=30 ---G abr=0 col=240005 (134,28)-(256,60)
pt: +11 cmd=30 ---G abr=0 col=49000b (134,35)-(256,65)
pt: +11 cmd=2a S-Q- abr=2 col=b9b9b9 (0,0)-(512,240)
pt: +11 cmd=f5 ---- abr=0 col=000000 (0,0)-(0,0)
pt: +12 cmd=f8 ---- abr=0 col=000002 (0,0)-(0,0)
pt: +12 cmd=e3 ---- abr=0 col=003200 (512,12)-(0,0)
pt: +12 cmd=e4 ---- abr=0 col=038fff (1023,227)-(0,0)
pt: +12 cmd=e5 ---- abr=0 col=000000 (512,12)-(0,0)
pt: +12 cmd=02 ---- abr=0 col=000000 (512,12)-(1024,228)
pt: +12 cmd=01 ---- abr=0 col=000000 (0,12)-(512,228)
pt: +12 cmd=36 ST-G abr=1 col=001700 (246,123)-(263,155)
pt: +12 cmd=36 ST-G abr=1 col=001700 (260,124)-(280,155)
pt: +12 cmd=36 ST-G abr=1 col=2f5d2f (250,124)-(263,155)
pt: +12 cmd=36 ST-G abr=1 col=001700 (229,123)-(246,156)
pt: +12 cmd=36 ST-G abr=1 col=2f5d2f (239,123)-(250,156)
pt: +12 cmd=36 ST-G abr=1 col=001700 (271,126)-(295,156)
pt: +12 cmd=36 ST-G abr=1 col=2f5d2f (260,127)-(280,156)
pt: +12 cmd=36 ST-G abr=1 col=2f5d2f (229,125)-(239,157)
pt: +12 cmd=36 ST-G abr=1 col=001700 (214,125)-(231,157)
pt: +12 cmd=36 ST-G abr=1 col=2f5d2f (271,126)-(295,157)
pt: +12 cmd=36 ST-G abr=1 col=001700 (278,124)-(306,157)
pt: +12 cmd=36 ST-G abr=1 col=2f5d2f (214,125)-(231,159)
pt: +12 cmd=36 ST-G abr=1 col=001700 (204,125)-(227,159)
pt: +12 cmd=36 ST-G abr=1 col=2f5d2f (278,124)-(306,159)
pt: +12 cmd=36 ST-G abr=1 col=2f5d2f (204,126)-(227,161)
pt: +12 cmd=36 ST-G abr=1 col=001700 (284,124)-(310,159)
pt: +12 cmd=36 ST-G abr=1 col=002c00 (355,46)-(409,67)
pt: +12 cmd=36 ST-G abr=1 col=001700 (201,126)-(226,161)
pt: +12 cmd=36 ST-G abr=1 col=2f5d2f (284,126)-(310,161)
pt: +12 cmd=36 ST-G abr=1 col=005400 (224,137)-(228,161)
pt: +12 cmd=36 ST-G abr=1 col=005d00 (227,138)-(231,162)
pt: +12 cmd=36 ST-G abr=1 col=005d00 (278,137)-(286,163)
pt: +12 cmd=36 ST-G abr=1 col=004900 (213,113)-(224,137)
pt: +12 cmd=36 ST-G abr=1 col=005400 (281,113)-(297,138)
pt: +12 cmd=36 ST-G abr=1 col=005400 (217,113)-(227,138)
pt: +12 cmd=36 ST-G abr=1 col=005400 (278,137)-(286,163)
pt: +12 cmd=36 ST-G abr=1 col=003d00 (190,87)-(213,113)
pt: +12 cmd=36 ST-G abr=1 col=004900 (281,113)-(297,138)
pt: +12 cmd=36 ST-G abr=1 col=005400 (227,138)-(236,162)
pt: +12 cmd=36 ST-G abr=1 col=005d00 (231,139)-(238,164)
pt: +12 cmd=36 ST-G abr=1 col=005d00 (271,138)-(281,164)
pt: +12 cmd=36 ST-G abr=1 col=2f5d2f (276,140)-(307,164)
pt: +12 cmd=36 ST-G abr=1 col=004900 (193,87)-(217,113)
pt: +12 cmd=36 ST-G abr=1 col=004900 (291,88)-(322,113)
pt: +12 cmd=36 ST-G abr=1 col=005400 (271,138)-(281,164)
pt: +12 cmd=36 ST-G abr=1 col=001700 (201,137)-(227,161)
pt: +12 cmd=36 ST-G abr=1 col=2f5d2f (209,137)-(231,163)
pt: +12 cmd=36 ST-G abr=1 col=000000 (370,29)-(445,61)
pt: +12 cmd=36 ST-G abr=1 col=004900 (217,113)-(228,138)
pt: +12 cmd=36 ST-G abr=1 col=005400 (227,113)-(236,139)
pt: +12 cmd=36 ST-G abr=1 col=005400 (272,113)-(291,139)
pt: +12 cmd=36 ST-G abr=1 col=005400 (236,139)-(247,164)
pt: +12 cmd=36 ST-G abr=1 col=005d00 (238,140)-(248,165)
pt: +12 cmd=36 ST-G abr=1 col=005d00 (260,139)-(272,165)
pt: +12 cmd=36 ST-G abr=1 col=005400 (247,140)-(260,165)
pt: +12 cmd=36 ST-G abr=1 col=005d00 (248,140)-(260,165)
pt: +12 cmd=36 ST-G abr=1 col=005400 (260,139)-(272,165)
pt: +12 cmd=36 ST-G abr=1 col=002c00 (143,55)-(190,89)
pt: +12 cmd=36 ST-G abr=1 col=003d00 (291,86)-(322,113)
pt: +12 cmd=36 ST-G abr=1 col=004900 (272,113)-(291,139)
pt: +12 cmd=36 ST-G abr=1 col=2f5d2f (226,136)-(240,165)
pt: +12 cmd=36 ST-G abr=1 col=2f5d2f (265,141)-(296,165)
pt: +12 cmd=36 ST-G abr=1 col=001700 (276,140)-(307,164)
pt: +12 cmd=36 ST-G abr=1 col=003d00 (316,61)-(370,88)
pt: +12 cmd=36 ST-G abr=1 col=004900 (228,113)-(243,139)
pt: +12 cmd=36 ST-G abr=1 col=005400 (236,114)-(247,140)
pt: +12 cmd=36 ST-G abr=1 col=005400 (247,114)-(261,140)
pt: +12 cmd=36 ST-G abr=1 col=005400 (260,113)-(279,140)
pt: +12 cmd=36 ST-G abr=1 col=001700 (209,136)-(231,163)
pt: +12 cmd=36 ST-G abr=1 col=003d00 (143,55)-(193,89)
pt: +12 cmd=36 ST-G abr=1 col=004900 (208,85)-(228,113)
pt: +12 cmd=36 ST-G abr=1 col=004900 (279,86)-(316,113)
pt: +12 cmd=36 ST-G abr=1 col=004900 (260,113)-(279,140)
pt: +12 cmd=36 ST-G abr=1 col=2f5d2f (240,140)-(253,166)
pt: +12 cmd=36 ST-G abr=1 col=2f5d2f (253,138)-(276,166)
pt: +12 cmd=36 ST-G abr=1 col=003d00 (193,85)-(217,113)
pt: +12 cmd=36 ST-G abr=1 col=004900 (243,114)-(261,140)
pt: +12 cmd=36 ST-G abr=1 col=001700 (265,138)-(296,165)
pt: +12 cmd=36 ST-G abr=1 col=001700 (226,136)-(249,165)
pt: +12 cmd=36 ST-G abr=1 col=003d00 (279,85)-(316,113)
pt: +12 cmd=36 ST-G abr=1 col=001700 (249,138)-(276,166)
pt: +12 cmd=36 ST-G abr=1 col=000000 (51,12)-(145,63)
pt: +12 cmd=36 ST-G abr=1 col=002c00 (316,52)-(370,86)
pt: +12 cmd=36 ST-G abr=1 col=004900 (228,84)-(243,114)
pt: +12 cmd=36 ST-G abr=1 col=004900 (261,85)-(296,114)
pt: +12 cmd=36 ST-G abr=1 col=002c00 (365,29)-(445,61)
pt: +12 cmd=36 ST-G abr=1 col=003d00 (208,84)-(234,113)
pt: +12 cmd=36 ST-G abr=1 col=004900 (243,84)-(267,114)
pt: +12 cmd=36 ST-G abr=1 col=002c00 (51,12)-(145,63)
pt: +12 cmd=36 ST-G abr=1 col=003d00 (296,52)-(365,86)
pt: +12 cmd=36 ST-G abr=1 col=003d00 (234,84)-(267,114)
pt: +12 cmd=36 ST-G abr=1 col=003d00 (261,84)-(296,114)
pt: +12 cmd=36 ST-G abr=1 col=002c00 (143,47)-(193,87)
pt: +12 cmd=36 ST-G abr=1 col=003d00 (165,47)-(208,87)
pt: +12 cmd=36 ST-G abr=1 col=000000 (365,3)-(461,52)
pt: +12 cmd=36 ST-G abr=1 col=003d00 (208,40)-(234,85)
pt: +12 cmd=36 ST-G abr=1 col=003d00 (267,45)-(334,85)
pt: +12 cmd=36 ST-G abr=1 col=002c00 (296,45)-(365,85)
pt: +12 cmd=36 ST-G abr=1 col=003d00 (234,40)-(278,84)
pt: +12 cmd=36 ST-G abr=1 col=002c00 (165,40)-(213,85)
pt: +12 cmd=36 ST-G abr=1 col=002c00 (334,3)-(461,52)
pt: +12 cmd=36 ST-G abr=1 col=002c00 (267,40)-(334,84)
pt: +12 cmd=36 ST-G abr=1 col=002c00 (213,40)-(278,84)
pt: +12 cmd=36 ST-G abr=1 col=000000 (51,-19)-(143,55)
pt: +12 cmd=36 ST-G abr=1 col=002c00 (67,-19)-(165,55)
pt: +12 cmd=36 ST-G abr=1 col=002c00 (278,-29)-(425,45)
pt: +12 cmd=36 ST-G abr=1 col=000000 (334,-29)-(461,45)
pt: +12 cmd=36 ST-G abr=1 col=002c00 (159,-48)-(213,47)
pt: +12 cmd=36 ST-G abr=1 col=000000 (67,-48)-(165,47)
pt: +12 cmd=36 ST-G abr=1 col=002c00 (213,-53)-(308,40)
pt: +12 cmd=36 ST-G abr=1 col=000000 (278,-53)-(425,40)
pt: +12 cmd=36 ST-G abr=1 col=000000 (159,-53)-(308,40)
pt: +12 cmd=2a S-Q- abr=2 col=787878 (0,0)-(512,240)
pt: +12 cmd=f5 ---- abr=0 col=000200 (512,0)-(0,0)
pt: +13 cmd=f8 ---- abr=0 col=000002 (0,0)-(0,0)
pt: +13 cmd=e3 ---- abr=0 col=003000 (0,12)-(0,0)
pt: +13 cmd=e4 ---- abr=0 col=038dff (511,227)-(0,0)
pt: +13 cmd=e5 ---- abr=0 col=000000 (0,12)-(0,0)
pt: +13 cmd=02 ---- abr=0 col=000000 (0,12)-(512,228)
pt: +13 cmd=01 ---- abr=0 col=000000 (0,12)-(512,228)
pt: +13 cmd=36 ST-G abr=1 col=001700 (258,125)-(276,155)
pt: +13 cmd=36 ST-G abr=1 col=001700 (241,124)-(259,155)
pt: +13 cmd=36 ST-G abr=1 col=2f5d2f (247,125)-(259,155)
pt: +13 cmd=36 ST-G abr=1 col=001700 (268,124)-(292,156)
pt: +13 cmd=36 ST-G abr=1 col=2f5d2f (258,126)-(276,156)
pt: +13 cmd=36 ST-G abr=1 col=001700 (225,124)-(241,156)
pt: +13 cmd=36 ST-G abr=1 col=2f5d2f (237,124)-(247,156)
pt: +13 cmd=36 ST-G abr=1 col=2f5d2f (268,124)-(292,157)
pt: +13 cmd=36 ST-G abr=1 col=2f5d2f (225,124)-(237,157)
pt: +13 cmd=36 ST-G abr=1 col=001700 (276,124)-(304,157)
pt: +13 cmd=36 ST-G abr=1 col=001700 (212,124)-(230,157)
pt: +13 cmd=36 ST-G abr=1 col=2f5d2f (276,124)-(304,158)
pt: +13 cmd=36 ST-G abr=1 col=2f5d2f (212,125)-(230,159)
pt: +13 cmd=36 ST-G abr=1 col=001700 (203,125)-(226,159)
pt: +13 cmd=36 ST-G abr=1 col=001700 (283,124)-(310,158)
pt: +13 cmd=36 ST-G abr=1 col=2f5d2f (203,126)-(226,161)
pt: +13 cmd=36 ST-G abr=1 col=2f5d2f (283,127)-(310,160)
pt: +13 cmd=36 ST-G abr=1 col=005400 (285,113)-(296,137)
pt: +13 cmd=36 ST-G abr=1 col=005400 (225,137)-(229,160)
pt: +13 cmd=36 ST-G abr=1 col=005400 (282,136)-(286,161)
pt: +13 cmd=36 ST-G abr=1 col=2f5d2f (284,133)-(310,162)
pt: +13 cmd=36 ST-G abr=1 col=003d00 (319,66)-(358,90)
pt: +13 cmd=36 ST-G abr=1 col=004900 (214,113)-(225,137)
pt: +13 cmd=36 ST-G abr=1 col=005d00 (227,138)-(230,162)
pt: +13 cmd=36 ST-G abr=1 col=001700 (202,126)-(226,161)
pt: +13 cmd=36 ST-G abr=1 col=002c00 (358,43)-(416,66)
pt: +13 cmd=36 ST-G abr=1 col=005400 (216,113)-(227,138)
pt: +13 cmd=36 ST-G abr=1 col=005d00 (277,137)-(285,163)
pt: +13 cmd=36 ST-G abr=1 col=003d00 (190,87)-(214,113)
pt: +13 cmd=36 ST-G abr=1 col=005400 (280,113)-(297,139)
pt: +13 cmd=36 ST-G abr=1 col=005400 (227,138)-(234,162)
pt: +13 cmd=36 ST-G abr=1 col=005400 (277,137)-(285,163)
pt: +13 cmd=36 ST-G abr=1 col=004900 (191,87)-(216,113)
pt: +13 cmd=36 ST-G abr=1 col=005d00 (230,139)-(236,164)
pt: +13 cmd=36 ST-G abr=1 col=2f5d2f (277,137)-(308,164)
pt: +13 cmd=36 ST-G abr=1 col=004900 (216,113)-(227,138)
pt: +13 cmd=36 ST-G abr=1 col=004900 (280,113)-(297,139)
pt: +13 cmd=36 ST-G abr=1 col=005d00 (269,139)-(280,164)
pt: +13 cmd=36 ST-G abr=1 col=001700 (201,136)-(226,162)
pt: +13 cmd=36 ST-G abr=1 col=2f5d2f (211,136)-(232,164)
pt: +13 cmd=36 ST-G abr=1 col=002c00 (142,56)-(190,89)
pt: +13 cmd=36 ST-G abr=1 col=004900 (290,88)-(321,113)
pt: +13 cmd=36 ST-G abr=1 col=005400 (225,113)-(234,139)
pt: +13 cmd=36 ST-G abr=1 col=005400 (234,139)-(245,164)
pt: +13 cmd=36 ST-G abr=1 col=005d00 (236,140)-(246,165)
pt: +13 cmd=36 ST-G abr=1 col=005d00 (258,139)-(270,165)
pt: +13 cmd=36 ST-G abr=1 col=005400 (269,139)-(280,164)
pt: +13 cmd=36 ST-G abr=1 col=005400 (270,113)-(290,139)
pt: +13 cmd=36 ST-G abr=1 col=005400 (245,140)-(258,165)
pt: +13 cmd=36 ST-G abr=1 col=005d00 (246,140)-(258,165)
pt: +13 cmd=36 ST-G abr=1 col=005400 (258,139)-(270,165)
pt: +13 cmd=36 ST-G abr=1 col=001700 (277,137)-(308,164)
pt: +13 cmd=36 ST-G abr=1 col=003d00 (142,56)-(191,89)
pt: +13 cmd=36 ST-G abr=1 col=005400 (234,113)-(245,140)
pt: +13 cmd=36 ST-G abr=1 col=2f5d2f (228,138)-(241,165)
pt: +13 cmd=36 ST-G abr=1 col=2f5d2f (267,141)-(298,165)
pt: +13 cmd=36 ST-G abr=1 col=000000 (370,25)-(450,59)
pt: +13 cmd=36 ST-G abr=1 col=003d00 (290,86)-(321,113)
pt: +13 cmd=36 ST-G abr=1 col=004900 (225,113)-(241,139)
pt: +13 cmd=36 ST-G abr=1 col=005400 (245,113)-(258,140)
pt: +13 cmd=36 ST-G abr=1 col=005400 (258,113)-(276,140)
pt: +13 cmd=36 ST-G abr=1 col=004900 (270,113)-(290,139)
pt: +13 cmd=36 ST-G abr=1 col=000000 (53,16)-(147,64)
pt: +13 cmd=36 ST-G abr=1 col=003d00 (313,59)-(370,88)
pt: +13 cmd=36 ST-G abr=1 col=003d00 (191,85)-(216,113)
pt: +13 cmd=36 ST-G abr=1 col=004900 (205,85)-(225,113)
pt: +13 cmd=36 ST-G abr=1 col=001700 (211,136)-(232,164)
pt: +13 cmd=36 ST-G abr=1 col=2f5d2f (241,139)-(254,166)
pt: +13 cmd=36 ST-G abr=1 col=2f5d2f (254,140)-(278,166)
pt: +13 cmd=36 ST-G abr=1 col=004900 (276,86)-(313,113)
pt: +13 cmd=36 ST-G abr=1 col=004900 (241,113)-(258,140)
pt: +13 cmd=36 ST-G abr=1 col=004900 (258,113)-(276,140)
pt: +13 cmd=36 ST-G abr=1 col=001700 (267,140)-(298,165)
pt: +13 cmd=36 ST-G abr=1 col=001700 (228,138)-(252,165)
pt: +13 cmd=36 ST-G abr=1 col=004900 (225,84)-(241,113)
pt: +13 cmd=36 ST-G abr=1 col=001700 (252,139)-(278,166)
pt: +13 cmd=36 ST-G abr=1 col=002c00 (53,16)-(147,64)
pt: +13 cmd=36 ST-G abr=1 col=004900 (258,84)-(291,113)
pt: +13 cmd=36 ST-G abr=1 col=003d00 (276,84)-(313,113)
pt: +13 cmd=36 ST-G abr=1 col=003d00 (205,84)-(229,113)
pt: +13 cmd=36 ST-G abr=1 col=004900 (241,84)-(261,113)
pt: +13 cmd=36 ST-G abr=1 col=002c00 (313,51)-(370,86)
pt: +13 cmd=36 ST-G abr=1 col=002c00 (361,25)-(450,59)
pt: +13 cmd=36 ST-G abr=1 col=002c00 (142,48)-(191,87)
pt: +13 cmd=36 ST-G abr=1 col=003d00 (159,48)-(205,87)
pt: +13 cmd=36 ST-G abr=1 col=003d00 (229,84)-(261,113)
pt: +13 cmd=36 ST-G abr=1 col=003d00 (258,84)-(291,113)
pt: +13 cmd=36 ST-G abr=1 col=003d00 (291,51)-(361,86)
pt: +13 cmd=36 ST-G abr=1 col=003d00 (203,41)-(229,85)
pt: +13 cmd=36 ST-G abr=1 col=003d00 (261,43)-(326,84)
pt: +13 cmd=36 ST-G abr=1 col=002c00 (291,43)-(361,84)
pt: +13 cmd=36 ST-G abr=1 col=002c00 (159,41)-(205,85)
pt: +13 cmd=36 ST-G abr=1 col=003d00 (229,39)-(267,84)
pt: +13 cmd=36 ST-G abr=1 col=000000 (361,-2)-(458,51)
pt: +13 cmd=36 ST-G abr=1 col=000000 (53,-13)-(142,56)
pt: +13 cmd=36 ST-G abr=1 col=002c00 (61,-13)-(159,56)
pt: +13 cmd=36 ST-G abr=1 col=002c00 (203,39)-(267,84)
pt: +13 cmd=36 ST-G abr=1 col=002c00 (261,39)-(326,84)
pt: +13 cmd=36 ST-G abr=1 col=002c00 (326,-2)-(458,51)
pt: +13 cmd=36 ST-G abr=1 col=002c00 (137,-44)-(203,48)
pt: +13 cmd=36 ST-G abr=1 col=002c00 (267,-35)-(410,43)
pt: +13 cmd=36 ST-G abr=1 col=000000 (326,-35)-(458,43)
pt: +13 cmd=36 ST-G abr=1 col=000000 (61,-44)-(159,48)
pt: +13 cmd=36 ST-G abr=1 col=002c00 (203,-55)-(280,41)
pt: +13 cmd=36 ST-G abr=1 col=000000 (137,-55)-(280,41)
pt: +13 cmd=36 ST-G abr=1 col=000000 (267,-55)-(410,39)
pt: +13 cmd=2a S-Q- abr=2 col=404040 (0,0)-(512,240)
pt: +13 cmd=f5 ---- abr=0 col=000000 (0,0)-(0,0)
pt: +14 cmd=f8 ---- abr=0 col=000002 (0,0)-(0,0)
pt: +14 cmd=e3 ---- abr=0 col=003200 (512,12)-(0,0)
pt: +14 cmd=e4 ---- abr=0 col=038fff (1023,227)-(0,0)
pt: +14 cmd=e5 ---- abr=0 col=000000 (512,12)-(0,0)
pt: +14 cmd=02 ---- abr=0 col=000000 (512,12)-(1024,228)
pt: +14 cmd=01 ---- abr=0 col=000000 (0,12)-(512,228)
pt: +14 cmd=36 ST-G abr=1 col=001700 (254,125)-(272,155)
pt: +14 cmd=36 ST-G abr=1 col=001700 (237,124)-(254,155)
pt: +14 cmd=36 ST-G abr=1 col=001700 (266,122)-(288,155)
pt: +14 cmd=36 ST-G abr=1 col=2f5d2f (245,126)-(256,155)
pt: +14 cmd=36 ST-G abr=1 col=2f5d2f (256,125)-(272,155)
pt: +14 cmd=36 ST-G abr=1 col=2f5d2f (235,124)-(245,156)
pt: +14 cmd=36 ST-G abr=1 col=001700 (221,124)-(237,156)
pt: +14 cmd=36 ST-G abr=1 col=2f5d2f (266,122)-(288,156)
pt: +14 cmd=36 ST-G abr=1 col=001700 (274,122)-(301,156)
pt: +14 cmd=36 ST-G abr=1 col=2f5d2f (221,124)-(235,158)
pt: +14 cmd=36 ST-G abr=1 col=001700 (208,124)-(229,158)
pt: +14 cmd=36 ST-G abr=1 col=2f5d2f (274,124)-(301,158)
pt: +14 cmd=36 ST-G abr=1 col=001700 (282,124)-(309,158)
pt: +14 cmd=36 ST-G abr=1 col=2f5d2f (208,126)-(229,160)
pt: +14 cmd=36 ST-G abr=1 col=2f5d2f (282,128)-(309,160)
pt: +14 cmd=36 ST-G abr=1 col=001700 (201,126)-(225,160)
pt: +14 cmd=36 ST-G abr=1 col=005400 (225,136)-(229,160)
pt: +14 cmd=36 ST-G abr=1 col=2f5d2f (201,126)-(226,162)
pt: +14 cmd=36 ST-G abr=1 col=005400 (285,113)-(297,138)
pt: +14 cmd=36 ST-G abr=1 col=005400 (282,136)-(286,162)
pt: +14 cmd=36 ST-G abr=1 col=001700 (202,135)-(225,160)
pt: +14 cmd=36 ST-G abr=1 col=004900 (296,89)-(320,113)
pt: +14 cmd=36 ST-G abr=1 col=005400 (214,113)-(226,138)
pt: +14 cmd=36 ST-G abr=1 col=2f5d2f (285,128)-(309,162)
pt: +14 cmd=36 ST-G abr=1 col=003d00 (320,65)-(362,89)
pt: +14 cmd=36 ST-G abr=1 col=003d00 (190,87)-(214,113)
pt: +14 cmd=36 ST-G abr=1 col=004900 (285,113)-(297,138)
pt: +14 cmd=36 ST-G abr=1 col=005d00 (276,138)-(285,163)
pt: +14 cmd=36 ST-G abr=1 col=005400 (226,138)-(232,162)
pt: +14 cmd=36 ST-G abr=1 col=005d00 (229,139)-(235,163)
pt: +14 cmd=36 ST-G abr=1 col=002c00 (141,58)-(190,89)
pt: +14 cmd=36 ST-G abr=1 col=003d00 (296,87)-(321,113)
pt: +14 cmd=36 ST-G abr=1 col=005400 (279,113)-(296,139)
pt: +14 cmd=36 ST-G abr=1 col=005400 (276,138)-(285,163)
pt: +14 cmd=36 ST-G abr=1 col=2f5d2f (279,135)-(309,164)
pt: +14 cmd=36 ST-G abr=1 col=002c00 (362,40)-(424,65)
pt: +14 cmd=36 ST-G abr=1 col=004900 (214,113)-(226,138)
pt: +14 cmd=36 ST-G abr=1 col=005400 (222,113)-(232,139)
pt: +14 cmd=36 ST-G abr=1 col=005d00 (267,139)-(279,165)
pt: +14 cmd=36 ST-G abr=1 col=004900 (279,113)-(296,139)
pt: +14 cmd=36 ST-G abr=1 col=005400 (232,139)-(243,163)
pt: +14 cmd=36 ST-G abr=1 col=005d00 (235,139)-(244,165)
pt: +14 cmd=36 ST-G abr=1 col=005400 (267,139)-(279,165)
pt: +14 cmd=36 ST-G abr=1 col=001700 (202,135)-(226,162)
pt: +14 cmd=36 ST-G abr=1 col=2f5d2f (212,135)-(233,164)
pt: +14 cmd=36 ST-G abr=1 col=000000 (56,21)-(149,65)
pt: +14 cmd=36 ST-G abr=1 col=003d00 (141,58)-(190,89)
pt: +14 cmd=36 ST-G abr=1 col=002c00 (321,58)-(370,87)
pt: +14 cmd=36 ST-G abr=1 col=004900 (289,87)-(321,113)
pt: +14 cmd=36 ST-G abr=1 col=005400 (268,113)-(289,139)
pt: +14 cmd=36 ST-G abr=1 col=005400 (243,139)-(256,165)
pt: +14 cmd=36 ST-G abr=1 col=005d00 (244,140)-(256,165)
pt: +14 cmd=36 ST-G abr=1 col=005400 (256,139)-(268,165)
pt: +14 cmd=36 ST-G abr=1 col=005d00 (256,139)-(268,165)
pt: +14 cmd=36 ST-G abr=1 col=2f5d2f (268,141)-(300,165)
pt: +14 cmd=36 ST-G abr=1 col=001700 (279,135)-(309,164)
pt: +14 cmd=36 ST-G abr=1 col=005400 (232,113)-(243,139)
pt: +14 cmd=36 ST-G abr=1 col=003d00 (190,85)-(214,113)
pt: +14 cmd=36 ST-G abr=1 col=004900 (201,85)-(222,113)
pt: +14 cmd=36 ST-G abr=1 col=004900 (222,113)-(238,139)
pt: +14 cmd=36 ST-G abr=1 col=005400 (243,113)-(256,140)
pt: +14 cmd=36 ST-G abr=1 col=005400 (256,113)-(273,140)
pt: +14 cmd=36 ST-G abr=1 col=004900 (268,113)-(289,139)
pt: +14 cmd=36 ST-G abr=1 col=2f5d2f (231,140)-(243,165)
pt: +14 cmd=36 ST-G abr=1 col=003d00 (289,85)-(321,113)
pt: +14 cmd=36 ST-G abr=1 col=001700 (212,135)-(233,164)
pt: +14 cmd=36 ST-G abr=1 col=2f5d2f (243,139)-(256,166)
pt: +14 cmd=36 ST-G abr=1 col=2f5d2f (256,141)-(280,166)
pt: +14 cmd=36 ST-G abr=1 col=004900 (238,113)-(256,139)
pt: +14 cmd=36 ST-G abr=1 col=004900 (256,113)-(273,140)
pt: +14 cmd=36 ST-G abr=1 col=001700 (268,141)-(300,165)
pt: +14 cmd=36 ST-G abr=1 col=002c00 (56,21)-(149,65)
pt: +14 cmd=36 ST-G abr=1 col=000000 (370,20)-(454,58)
pt: +14 cmd=36 ST-G abr=1 col=003d00 (310,58)-(370,87)
pt: +14 cmd=36 ST-G abr=1 col=004900 (273,85)-(310,113)
pt: +14 cmd=36 ST-G abr=1 col=004900 (222,84)-(238,113)
pt: +14 cmd=36 ST-G abr=1 col=001700 (231,139)-(256,165)
pt: +14 cmd=36 ST-G abr=1 col=001700 (256,139)-(280,166)
pt: +14 cmd=36 ST-G abr=1 col=003d00 (201,84)-(224,113)
pt: +14 cmd=36 ST-G abr=1 col=004900 (256,84)-(287,113)
pt: +14 cmd=36 ST-G abr=1 col=002c00 (141,49)-(190,87)
pt: +14 cmd=36 ST-G abr=1 col=003d00 (153,49)-(201,87)
pt: +14 cmd=36 ST-G abr=1 col=004900 (238,83)-(256,113)
pt: +14 cmd=36 ST-G abr=1 col=003d00 (273,84)-(310,113)
pt: +14 cmd=36 ST-G abr=1 col=003d00 (224,83)-(256,113)
pt: +14 cmd=36 ST-G abr=1 col=003d00 (256,83)-(287,113)
pt: +14 cmd=36 ST-G abr=1 col=002c00 (310,49)-(370,85)
pt: +14 cmd=36 ST-G abr=1 col=003d00 (287,49)-(357,85)
pt: +14 cmd=36 ST-G abr=1 col=002c00 (357,20)-(454,58)
pt: +14 cmd=36 ST-G abr=1 col=003d00 (194,42)-(224,85)
pt: +14 cmd=36 ST-G abr=1 col=000000 (55,-8)-(141,58)
pt: +14 cmd=36 ST-G abr=1 col=002c00 (153,42)-(201,85)
pt: +14 cmd=36 ST-G abr=1 col=003d00 (256,42)-(317,84)
pt: +14 cmd=36 ST-G abr=1 col=002c00 (55,-8)-(153,58)
pt: +14 cmd=36 ST-G abr=1 col=003d00 (224,39)-(256,84)
pt: +14 cmd=36 ST-G abr=1 col=002c00 (287,42)-(357,84)
pt: +14 cmd=36 ST-G abr=1 col=000000 (357,-8)-(455,49)
pt: +14 cmd=36 ST-G abr=1 col=002c00 (194,39)-(256,84)
pt: +14 cmd=36 ST-G abr=1 col=002c00 (256,39)-(317,83)
pt: +14 cmd=36 ST-G abr=1 col=002c00 (317,-8)-(455,49)
pt: +14 cmd=36 ST-G abr=1 col=002c00 (116,-40)-(194,49)
pt: +14 cmd=36 ST-G abr=1 col=000000 (55,-40)-(153,49)
pt: +14 cmd=36 ST-G abr=1 col=002c00 (256,-41)-(393,42)
pt: +14 cmd=36 ST-G abr=1 col=002c00 (194,-56)-(256,42)
pt: +14 cmd=36 ST-G abr=1 col=000000 (317,-41)-(455,42)
pt: +14 cmd=36 ST-G abr=1 col=000000 (116,-56)-(252,42)
pt: +14 cmd=36 ST-G abr=1 col=000000 (252,-56)-(393,39)
pt: +14 cmd=f5 ---- abr=0 col=000200 (512,0)-(0,0)
pt: +15 cmd=f8 ---- abr=0 col=000002 (0,0)-(0,0)
pt: +15 cmd=e3 ---- abr=0 col=003000 (0,12)-(0,0)
pt: +15 cmd=e4 ---- abr=0 col=038dff (511,227)-(0,0)
pt: +15 cmd=e5 ---- abr=0 col=000000 (0,12)-(0,0)
pt: +15 cmd=02 ---- abr=0 col=000000 (0,12)-(512,228)
pt: +15 cmd=01 ---- abr=0 col=000000 (0,12)-(512,228)
pt: +15 cmd=36 ST-G abr=1 col=001700 (251,123)-(268,155)
pt: +15 cmd=36 ST-G abr=1 col=001700 (233,126)-(251,156)
pt: +15 cmd=36 ST-G abr=1 col=001700 (263,122)-(285,155)
pt: +15 cmd=36 ST-G abr=1 col=2f5d2f (253,123)-(268,155)
pt: +15 cmd=36 ST-G abr=1 col=2f5d2f (243,126)-(253,156)
pt: +15 cmd=36 ST-G abr=1 col=001700 (218,124)-(233,157)
pt: +15 cmd=36 ST-G abr=1 col=001700 (273,122)-(299,156)
pt: +15 cmd=36 ST-G abr=1 col=2f5d2f (263,122)-(285,156)
pt: +15 cmd=36 ST-G abr=1 col=2f5d2f (233,126)-(243,157)
pt: +15 cmd=36 ST-G abr=1 col=2f5d2f (273,125)-(299,157)
pt: +15 cmd=36 ST-G abr=1 col=2f5d2f (218,124)-(233,158)
pt: +15 cmd=36 ST-G abr=1 col=001700 (206,124)-(228,158)
pt: +15 cmd=36 ST-G abr=1 col=001700 (280,125)-(308,157)
pt: +15 cmd=36 ST-G abr=1 col=2f5d2f (280,127)-(308,159)
pt: +15 cmd=36 ST-G abr=1 col=2f5d2f (206,125)-(228,160)
pt: +15 cmd=36 ST-G abr=1 col=001700 (201,125)-(225,160)
pt: +15 cmd=36 ST-G abr=1 col=005400 (225,136)-(229,159)
pt: +15 cmd=36 ST-G abr=1 col=001700 (285,127)-(310,159)
pt: +15 cmd=36 ST-G abr=1 col=005d00 (281,137)-(286,162)
pt: +15 cmd=36 ST-G abr=1 col=2f5d2f (285,127)-(310,161)
pt: +15 cmd=36 ST-G abr=1 col=005400 (214,113)-(226,137)
pt: +15 cmd=36 ST-G abr=1 col=005400 (284,113)-(297,138)
pt: +15 cmd=36 ST-G abr=1 col=005400 (281,137)-(286,162)
pt: +15 cmd=36 ST-G abr=1 col=001700 (201,134)-(225,160)
pt: +15 cmd=36 ST-G abr=1 col=004900 (295,89)-(321,113)
pt: +15 cmd=36 ST-G abr=1 col=005400 (226,137)-(231,161)
pt: +15 cmd=36 ST-G abr=1 col=2f5d2f (202,134)-(227,162)
pt: +15 cmd=36 ST-G abr=1 col=004900 (284,113)-(297,138)
pt: +15 cmd=36 ST-G abr=1 col=005d00 (229,138)-(234,163)
pt: +15 cmd=36 ST-G abr=1 col=005d00 (275,138)-(284,164)
pt: +15 cmd=36 ST-G abr=1 col=2f5d2f (279,134)-(310,163)
pt: +15 cmd=36 ST-G abr=1 col=000000 (61,25)-(153,66)
pt: +15 cmd=36 ST-G abr=1 col=003d00 (320,64)-(364,89)
pt: +15 cmd=36 ST-G abr=1 col=004900 (214,113)-(226,137)
pt: +15 cmd=36 ST-G abr=1 col=005400 (275,138)-(284,164)
pt: +15 cmd=36 ST-G abr=1 col=003d00 (295,87)-(321,113)
pt: +15 cmd=36 ST-G abr=1 col=005400 (221,113)-(231,138)
pt: +15 cmd=36 ST-G abr=1 col=005400 (277,113)-(295,139)
pt: +15 cmd=36 ST-G abr=1 col=005400 (231,138)-(241,163)
pt: +15 cmd=36 ST-G abr=1 col=005d00 (234,139)-(242,164)
pt: +15 cmd=36 ST-G abr=1 col=005d00 (265,139)-(277,165)
pt: +15 cmd=36 ST-G abr=1 col=2f5d2f (214,137)-(234,164)
pt: +15 cmd=36 ST-G abr=1 col=001700 (279,134)-(310,163)
pt: +15 cmd=36 ST-G abr=1 col=004900 (277,113)-(295,139)
pt: +15 cmd=36 ST-G abr=1 col=005400 (241,139)-(253,164)
pt: +15 cmd=36 ST-G abr=1 col=005d00 (242,140)-(253,165)
pt: +15 cmd=36 ST-G abr=1 col=005d00 (253,139)-(266,165)
pt: +15 cmd=36 ST-G abr=1 col=005400 (265,139)-(277,165)
pt: +15 cmd=36 ST-G abr=1 col=001700 (202,134)-(227,162)
pt: +15 cmd=36 ST-G abr=1 col=2f5d2f (270,138)-(301,165)
pt: +15 cmd=36 ST-G abr=1 col=002c00 (364,37)-(430,64)
pt: +15 cmd=36 ST-G abr=1 col=003d00 (190,86)-(214,113)
pt: +15 cmd=36 ST-G abr=1 col=004900 (198,86)-(221,113)
pt: +15 cmd=36 ST-G abr=1 col=004900 (286,87)-(320,113)
pt: +15 cmd=36 ST-G abr=1 col=004900 (221,113)-(235,138)
pt: +15 cmd=36 ST-G abr=1 col=005400 (231,113)-(241,139)
pt: +15 cmd=36 ST-G abr=1 col=005400 (266,113)-(286,139)
pt: +15 cmd=36 ST-G abr=1 col=005400 (253,139)-(266,165)
pt: +15 cmd=36 ST-G abr=1 col=002c00 (61,25)-(153,66)
pt: +15 cmd=36 ST-G abr=1 col=002c00 (320,56)-(369,87)
pt: +15 cmd=36 ST-G abr=1 col=005400 (241,113)-(253,140)
pt: +15 cmd=36 ST-G abr=1 col=005400 (253,113)-(270,140)
pt: +15 cmd=36 ST-G abr=1 col=2f5d2f (234,140)-(244,165)
pt: +15 cmd=36 ST-G abr=1 col=004900 (235,113)-(252,139)
pt: +15 cmd=36 ST-G abr=1 col=004900 (266,113)-(286,139)
pt: +15 cmd=36 ST-G abr=1 col=2f5d2f (244,140)-(259,165)
pt: +15 cmd=36 ST-G abr=1 col=2f5d2f (257,142)-(283,165)
pt: +15 cmd=36 ST-G abr=1 col=001700 (270,138)-(301,165)
pt: +15 cmd=36 ST-G abr=1 col=003d00 (286,85)-(320,113)
pt: +15 cmd=36 ST-G abr=1 col=004900 (252,113)-(270,140)
pt: +15 cmd=36 ST-G abr=1 col=001700 (214,137)-(234,164)
pt: +15 cmd=36 ST-G abr=1 col=004900 (270,85)-(306,113)
pt: +15 cmd=36 ST-G abr=1 col=002c00 (141,51)-(190,88)
pt: +15 cmd=36 ST-G abr=1 col=003d00 (306,56)-(369,87)
pt: +15 cmd=36 ST-G abr=1 col=003d00 (198,84)-(221,113)
pt: +15 cmd=36 ST-G abr=1 col=004900 (220,84)-(235,113)
pt: +15 cmd=36 ST-G abr=1 col=001700 (234,140)-(259,165)
pt: +15 cmd=36 ST-G abr=1 col=001700 (257,140)-(283,165)
pt: +15 cmd=36 ST-G abr=1 col=003d00 (149,51)-(198,88)
pt: +15 cmd=36 ST-G abr=1 col=000000 (369,15)-(458,56)
pt: +15 cmd=36 ST-G abr=1 col=004900 (235,83)-(252,113)
pt: +15 cmd=36 ST-G abr=1 col=004900 (252,84)-(281,113)
pt: +15 cmd=36 ST-G abr=1 col=003d00 (270,84)-(306,113)
pt: +15 cmd=36 ST-G abr=1 col=003d00 (220,83)-(250,113)
pt: +15 cmd=36 ST-G abr=1 col=003d00 (250,83)-(281,113)
pt: +15 cmd=36 ST-G abr=1 col=002c00 (306,47)-(369,85)
pt: +15 cmd=36 ST-G abr=1 col=003d00 (184,43)-(220,86)
pt: +15 cmd=36 ST-G abr=1 col=003d00 (281,47)-(352,85)
pt: +15 cmd=36 ST-G abr=1 col=000000 (52,-2)-(141,59)
pt: +15 cmd=36 ST-G abr=1 col=002c00 (352,15)-(458,56)
pt: +15 cmd=36 ST-G abr=1 col=002c00 (149,43)-(198,86)
pt: +15 cmd=36 ST-G abr=1 col=002c00 (52,-2)-(149,59)
pt: +15 cmd=36 ST-G abr=1 col=003d00 (250,41)-(307,84)
pt: +15 cmd=36 ST-G abr=1 col=003d00 (220,39)-(250,84)
pt: +15 cmd=36 ST-G abr=1 col=002c00 (281,41)-(352,84)
pt: +15 cmd=36 ST-G abr=1 col=002c00 (184,39)-(243,84)
pt: +15 cmd=36 ST-G abr=1 col=002c00 (243,39)-(307,83)
pt: +15 cmd=36 ST-G abr=1 col=000000 (352,-15)-(458,47)
pt: +15 cmd=36 ST-G abr=1 col=002c00 (99,-35)-(184,51)
pt: +15 cmd=36 ST-G abr=1 col=002c00 (307,-15)-(450,47)
pt: +15 cmd=36 ST-G abr=1 col=000000 (52,-35)-(149,51)
pt: +15 cmd=36 ST-G abr=1 col=002c00 (184,-56)-(243,43)
pt: +15 cmd=36 ST-G abr=1 col=002c00 (243,-46)-(372,41)
pt: +15 cmd=36 ST-G abr=1 col=000000 (307,-46)-(450,41)
pt: +15 cmd=36 ST-G abr=1 col=000000 (99,-56)-(226,43)
pt: +15 cmd=36 ST-G abr=1 col=000000 (226,-56)-(372,39)
pt: +15 cmd=f5 ---- abr=0 col=000000 (0,0)-(0,0)
ogxeq: n=448642 mism=0 hole=0
ogxdraw: ft=0 gt=902892 uni_ft=0 uni_gt=239224 vram_wr=1807 inval=8
ogxud: gt=1 nv=3 mode=0 page=26 clut=6024 tex=1 256x256 semi=3 texel=0000 uv1024=(128,128)(4,4)(128,4)(0,0)
ogxud: gt=1 nv=3 mode=0 page=26 clut=6024 tex=1 256x256 semi=3 texel=0000 uv1024=(4,128)(128,128)(4,4)(0,0)
ogxud: gt=1 nv=3 mode=0 page=26 clut=6024 tex=1 256x256 semi=3 texel=0000 uv1024=(128,128)(4,4)(128,4)(0,0)
ogxud: gt=1 nv=3 mode=0 page=26 clut=6024 tex=1 256x256 semi=3 texel=0000 uv1024=(4,128)(128,128)(4,4)(0,0)
ogxud: gt=1 nv=3 mode=0 page=26 clut=6024 tex=1 256x256 semi=3 texel=0000 uv1024=(128,128)(4,4)(128,4)(0,0)
ogxud: gt=1 nv=3 mode=0 page=26 clut=6024 tex=1 256x256 semi=3 texel=0000 uv1024=(4,128)(128,128)(4,4)(0,0)
ogxud: gt=1 nv=3 mode=0 page=26 clut=6024 tex=1 256x256 semi=1 texel=0000 uv1024=(264,128)(140,4)(264,4)(0,0)
ogxud: gt=1 nv=3 mode=0 page=26 clut=6024 tex=1 256x256 semi=1 texel=0000 uv1024=(140,128)(264,128)(140,4)(0,0)
cd: reads=1231 bytes=2895312 seq=1218 rand=13 worst_us=782 total_us=36556
chd: hit=0 miss=0 err=0 chd_us=0
xa: sectors=0 starts=0 fed=0 trunc=0 fill_min=0 fill_max=0 freq=0 stereo=0 dt_min=0 dt_max=0 filtered=0
xamix: mix=0 hold=0 gaps=0 gap_calls=0 gap_samples=0 | spu: ns=2809080 pulls=0 busy=75 desync=0 aev=3072 | out: dry=534491 drop=0
rate: ppm=-5000 i=-749 min=-5000 max=119 occ_min=0 occ_max=6510 occ_avg=1417 updates=7040 sat=3892 changes=0 prefill=7168 | limit: debt_max=1250 debt_drops=959
menu: frames=0 menu_us=0 strings=73800 glyphs=234865 texloads=234865
