--- perf frames=1800 ---
fixes: dwActFixes=00000000 cdrom=SCUS94227
cpu: slices=1978055 int=0 cpu_us=57621652 jit_full=0 jit_part=7392 interp_fb=0 hle=146572 exc=39
wall: wall_us=57637357 vblanks=3304 pal=0 nested=1827824
inside: limit_us=16856397 limit=2390 target=1666 spu_us=668636 spu=40472 out_us=352387 out=40472 hw_us=24657812 hw=11422732 hw_gpu_us=21365786 hw_gpu=4703587
slicecost: sched_us=18886623 jit_us=36341523 post_us=2393505 exit_norm=792933 exit_irq=1038511
slice: cycles=23112149459 avg=11684 tiny=70885
irq: sio=11816 cdr=133 cdread=7360 gpudma=12631 mdecoutdma=9406 spudma=1 mdecindma=6 gpuotcdma=1326 cdrdma=7392 newdrc=42 rcnt=73906
ram: mem1_free_kb=5415 mem2=7174/24575KB peak=7174KB fails=0 null_read=0 heap_ok=1
gpu: tex_hit=328169 miss=4936 resets=982 loads=0 bytes=0 batches=0
gpu: drawdone=982 drawdone_us=3139 convert_us=0 present_us=473929
texk: conv_us=12833 conv=32 texels=189467 tile_us=9175 tile=32 mdec_us=2516241 mdec=9406
ogx: gc=0 sub_new=32 sub_hit=332963 skip=3484 unaligned=21 oob=0
ogxskip: b1=2644 b2=840 op_empty=0 op_semi=0
ogxupl: semi=3 opaque=29 mismatch=0
ogxgeom: coord_rej=0
offsoft: prims=28897 rejected=152553 | pad: startpoll=2954 update=2954 ai_calls=2954
sio: write8=16381 start=2954 ctrl16=34641 read8=20946 irq=11816 padtype0=1
ogxoff: prims=1665 tex=1665 off_roi=0 fills=1331 fills_off=2 va=39348 va_roi=21
ogxva: rect=(0,0)-(1023,300)
ogxva: rect=(768,0)-(791,239)
ogxva: rect=(792,0)-(815,239)
ogxva: rect=(816,0)-(839,239)
ogxva: rect=(840,0)-(863,239)
ogxva: rect=(864,0)-(887,239)
ogxva: rect=(888,0)-(911,239)
ogxva: rect=(768,240)-(791,479)
autoinput: vblank=0 mask=0000 at_present=1
ptrace: armed_at_present=477 vblank=1980 prims/semi/fills per present: 1/1/0 208/5/1 208/5/1 208/5/1 208/5/1 208/5/1 208/5/1 208/5/1 208/5/1 208/5/1 208/5/1 208/5/1 208/5/1 208/5/1 208/5/1 207/4/1
pt: +0 cmd=2a S-Q- abr=2 col=efefef (40,0)-(360,480)
pt: +1 cmd=f5 ---- abr=0 col=000000 (0,0)-(0,0)
pt: +1 cmd=e3 ---- abr=0 col=000000 (0,0)-(0,0)
pt: +1 cmd=e4 ---- abr=0 col=077e7f (639,479)-(0,0)
pt: +1 cmd=e5 ---- abr=0 col=000000 (0,0)-(0,0)
pt: +1 cmd=02 ---- abr=0 col=000000 (0,0)-(640,480)
pt: +1 cmd=01 ---- abr=0 col=000000 (0,0)-(640,480)
pt: +1 cmd=e5 ---- abr=0 col=000000 (0,0)-(0,0)
pt: +1 cmd=e3 ---- abr=0 col=000000 (0,0)-(0,0)
pt: +1 cmd=e4 ---- abr=0 col=077e7f (639,479)-(0,0)
pt: +1 cmd=66 ST-- abr=1 col=0f0f0f (384,144)-(608,336)
pt: +1 cmd=66 ST-- abr=1 col=000000 (384,144)-(608,336)
pt: +1 cmd=24 -T-- abr=1 col=00000b (-1,-1)-(-1,-1)
pt: +1 cmd=64 -T-- abr=1 col=808080 (323,645)-(327,660)
pt: +1 cmd=64 -T-- abr=1 col=808080 (312,645)-(323,660)
pt: +1 cmd=64 -T-- abr=1 col=808080 (298,645)-(312,660)
pt: +1 cmd=64 -T-- abr=1 col=808080 (288,645)-(298,660)
pt: +1 cmd=64 -T-- abr=1 col=808080 (270,645)-(278,660)
pt: +1 cmd=64 -T-- abr=1 col=808080 (263,645)-(270,660)
pt: +1 cmd=64 -T-- abr=1 col=808080 (252,645)-(263,660)
pt: +1 cmd=64 -T-- abr=1 col=808080 (233,645)-(242,660)
pt: +1 cmd=64 -T-- abr=1 col=808080 (223,645)-(233,660)
pt: +1 cmd=64 -T-- abr=1 col=808080 (215,645)-(223,660)
pt: +1 cmd=64 -T-- abr=1 col=808080 (189,645)-(205,660)
pt: +1 cmd=64 -T-- abr=1 col=808080 (183,645)-(189,660)
pt: +1 cmd=64 -T-- abr=1 col=808080 (174,645)-(183,660)
pt: +1 cmd=64 -T-- abr=1 col=808080 (166,645)-(174,660)
pt: +1 cmd=64 -T-- abr=1 col=808080 (157,645)-(166,660)
pt: +1 cmd=64 -T-- abr=1 col=808080 (139,645)-(147,660)
pt: +1 cmd=64 -T-- abr=1 col=808080 (128,645)-(139,660)
pt: +1 cmd=64 -T-- abr=1 col=808080 (119,645)-(128,660)
pt: +1 cmd=64 -T-- abr=1 col=808080 (101,645)-(109,660)
pt: +1 cmd=64 -T-- abr=1 col=808080 (90,645)-(101,660)
pt: +1 cmd=64 -T-- abr=1 col=808080 (81,645)-(90,660)
pt: +1 cmd=64 -T-- abr=1 col=808080 (72,645)-(81,660)
pt: +1 cmd=64 -T-- abr=1 col=808080 (335,630)-(345,645)
pt: +1 cmd=64 -T-- abr=1 col=808080 (326,630)-(335,645)
pt: +1 cmd=64 -T-- abr=1 col=808080 (307,630)-(316,645)
pt: +1 cmd=64 -T-- abr=1 col=808080 (295,630)-(307,645)
pt: +1 cmd=64 -T-- abr=1 col=808080 (285,630)-(295,645)
pt: +1 cmd=64 -T-- abr=1 col=808080 (266,630)-(275,645)
pt: +1 cmd=64 -T-- abr=1 col=808080 (258,630)-(266,645)
pt: +1 cmd=64 -T-- abr=1 col=808080 (250,630)-(258,645)
pt: +1 cmd=64 -T-- abr=1 col=808080 (230,630)-(240,645)
pt: +1 cmd=64 -T-- abr=1 col=808080 (219,630)-(230,645)
pt: +1 cmd=64 -T-- abr=1 col=808080 (210,630)-(219,645)
pt: +1 cmd=64 -T-- abr=1 col=808080 (192,630)-(200,645)
pt: +1 cmd=64 -T-- abr=1 col=808080 (181,630)-(192,645)
pt: +1 cmd=64 -T-- abr=1 col=808080 (171,630)-(181,645)
pt: +1 cmd=64 -T-- abr=1 col=808080 (155,630)-(171,645)
pt: +1 cmd=64 -T-- abr=1 col=808080 (147,630)-(155,645)
pt: +1 cmd=64 -T-- abr=1 col=808080 (137,630)-(147,645)
pt: +1 cmd=64 -T-- abr=1 col=808080 (119,630)-(127,645)
pt: +1 cmd=64 -T-- abr=1 col=808080 (109,630)-(119,645)
pt: +1 cmd=64 -T-- abr=1 col=808080 (89,630)-(99,645)
pt: +1 cmd=64 -T-- abr=1 col=808080 (73,630)-(89,645)
pt: +1 cmd=64 -T-- abr=1 col=808080 (64,630)-(73,645)
pt: +1 cmd=64 -T-- abr=1 col=808080 (55,630)-(64,645)
pt: +1 cmd=64 -T-- abr=1 col=808080 (346,615)-(357,630)
pt: +1 cmd=64 -T-- abr=1 col=808080 (337,615)-(346,630)
pt: +1 cmd=64 -T-- abr=1 col=808080 (317,615)-(327,630)
pt: +1 cmd=64 -T-- abr=1 col=808080 (309,615)-(317,630)
pt: +1 cmd=64 -T-- abr=1 col=808080 (301,615)-(309,630)
pt: +1 cmd=64 -T-- abr=1 col=808080 (294,615)-(301,630)
pt: +1 cmd=64 -T-- abr=1 col=808080 (285,615)-(294,630)
pt: +1 cmd=64 -T-- abr=1 col=808080 (276,615)-(285,630)
pt: +1 cmd=64 -T-- abr=1 col=808080 (258,615)-(266,630)
pt: +1 cmd=64 -T-- abr=1 col=808080 (247,615)-(258,630)
pt: +1 cmd=64 -T-- abr=1 col=808080 (227,615)-(237,630)
pt: +1 cmd=64 -T-- abr=1 col=808080 (219,615)-(227,630)
pt: +1 cmd=64 -T-- abr=1 col=808080 (204,615)-(209,630)
pt: +1 cmd=64 -T-- abr=1 col=808080 (196,615)-(204,630)
pt: +1 cmd=64 -T-- abr=1 col=808080 (186,615)-(196,630)
pt: +1 cmd=64 -T-- abr=1 col=808080 (177,615)-(186,630)
pt: +1 cmd=64 -T-- abr=1 col=808080 (163,615)-(177,630)
pt: +1 cmd=64 -T-- abr=1 col=808080 (147,615)-(153,630)
pt: +1 cmd=64 -T-- abr=1 col=808080 (135,615)-(147,630)
pt: +1 cmd=64 -T-- abr=1 col=808080 (127,615)-(135,630)
pt: +1 cmd=64 -T-- abr=1 col=808080 (119,615)-(127,630)
pt: +1 cmd=64 -T-- abr=1 col=808080 (109,615)-(119,630)
pt: +1 cmd=64 -T-- abr=1 col=808080 (100,615)-(109,630)
pt: +1 cmd=64 -T-- abr=1 col=808080 (92,615)-(100,630)
pt: +1 cmd=64 -T-- abr=1 col=808080 (82,615)-(92,630)
pt: +1 cmd=64 -T-- abr=1 col=808080 (62,615)-(72,630)
pt: +1 cmd=64 -T-- abr=1 col=808080 (51,615)-(62,630)
pt: +1 cmd=64 -T-- abr=1 col=808080 (42,615)-(51,630)
pt: +1 cmd=64 -T-- abr=1 col=808080 (336,600)-(344,615)
pt: +1 cmd=64 -T-- abr=1 col=808080 (330,600)-(336,615)
pt: +1 cmd=64 -T-- abr=1 col=808080 (320,600)-(330,615)
pt: +1 cmd=64 -T-- abr=1 col=808080 (304,600)-(320,615)
pt: +1 cmd=64 -T-- abr=1 col=808080 (297,600)-(304,615)
pt: +1 cmd=64 -T-- abr=1 col=808080 (289,600)-(297,615)
pt: +1 cmd=64 -T-- abr=1 col=808080 (270,600)-(279,615)
pt: +1 cmd=64 -T-- abr=1 col=808080 (263,600)-(270,615)
pt: +1 cmd=64 -T-- abr=1 col=808080 (255,600)-(263,615)
pt: +1 cmd=64 -T-- abr=1 col=808080 (244,600)-(255,615)
pt: +1 cmd=64 -T-- abr=1 col=808080 (235,600)-(244,615)
pt: +1 cmd=64 -T-- abr=1 col=808080 (216,600)-(225,615)
pt: +1 cmd=64 -T-- abr=1 col=808080 (206,600)-(216,615)
pt: +1 cmd=64 -T-- abr=1 col=808080 (198,600)-(206,615)
pt: +1 cmd=64 -T-- abr=1 col=808080 (180,600)-(188,615)
pt: +1 cmd=64 -T-- abr=1 col=808080 (169,600)-(180,615)
pt: +1 cmd=64 -T-- abr=1 col=808080 (161,600)-(169,615)
pt: +1 cmd=64 -T-- abr=1 col=808080 (151,600)-(161,615)
pt: +1 cmd=64 -T-- abr=1 col=808080 (144,600)-(151,615)
pt: +1 cmd=64 -T-- abr=1 col=808080 (135,600)-(144,615)
pt: +1 cmd=64 -T-- abr=1 col=808080 (128,600)-(135,615)
pt: +1 cmd=64 -T-- abr=1 col=808080 (118,600)-(128,615)
pt: +1 cmd=64 -T-- abr=1 col=808080 (94,600)-(108,615)
pt: +1 cmd=64 -T-- abr=1 col=808080 (84,600)-(94,615)
pt: +1 cmd=64 -T-- abr=1 col=808080 (78,600)-(84,615)
pt: +1 cmd=64 -T-- abr=1 col=808080 (72,600)-(78,615)
pt: +1 cmd=64 -T-- abr=1 col=808080 (64,600)-(72,615)
pt: +1 cmd=64 -T-- abr=1 col=808080 (56,600)-(64,615)
pt: +1 cmd=64 -T-- abr=1 col=808080 (339,585)-(347,600)
pt: +1 cmd=64 -T-- abr=1 col=808080 (332,585)-(339,600)
pt: +1 cmd=64 -T-- abr=1 col=808080 (321,585)-(332,600)
pt: +1 cmd=64 -T-- abr=1 col=808080 (301,585)-(311,600)
pt: +1 cmd=64 -T-- abr=1 col=808080 (293,585)-(301,600)
pt: +1 cmd=64 -T-- abr=1 col=808080 (284,585)-(293,600)
pt: +1 cmd=64 -T-- abr=1 col=808080 (275,585)-(284,600)
pt: +1 cmd=64 -T-- abr=1 col=808080 (264,585)-(275,600)
pt: +1 cmd=64 -T-- abr=1 col=808080 (243,585)-(254,600)
pt: +1 cmd=64 -T-- abr=1 col=808080 (234,585)-(243,600)
pt: +1 cmd=64 -T-- abr=1 col=808080 (218,585)-(234,600)
pt: +1 cmd=64 -T-- abr=1 col=808080 (200,585)-(208,600)
pt: +1 cmd=64 -T-- abr=1 col=808080 (192,585)-(200,600)
pt: +1 cmd=64 -T-- abr=1 col=808080 (184,585)-(192,600)
pt: +1 cmd=64 -T-- abr=1 col=808080 (178,585)-(184,600)
pt: +1 cmd=64 -T-- abr=1 col=808080 (171,585)-(178,600)
pt: +1 cmd=64 -T-- abr=1 col=808080 (162,585)-(171,600)
pt: +1 cmd=64 -T-- abr=1 col=808080 (155,585)-(162,600)
pt: +1 cmd=64 -T-- abr=1 col=808080 (145,585)-(155,600)
pt: +1 cmd=64 -T-- abr=1 col=808080 (130,585)-(135,600)
pt: +1 cmd=64 -T-- abr=1 col=808080 (121,585)-(130,600)
pt: +1 cmd=64 -T-- abr=1 col=808080 (110,585)-(121,600)
pt: +1 cmd=64 -T-- abr=1 col=808080 (101,585)-(110,600)
pt: +1 cmd=64 -T-- abr=1 col=808080 (90,585)-(101,600)
pt: +1 cmd=64 -T-- abr=1 col=808080 (80,585)-(90,600)
pt: +1 cmd=64 -T-- abr=1 col=808080 (71,585)-(80,600)
pt: +1 cmd=64 -T-- abr=1 col=808080 (62,585)-(71,600)
pt: +1 cmd=64 -T-- abr=1 col=808080 (53,585)-(62,600)
pt: +1 cmd=64 -T-- abr=1 col=808080 (317,570)-(325,585)
pt: +1 cmd=64 -T-- abr=1 col=808080 (310,570)-(317,585)
pt: +1 cmd=64 -T-- abr=1 col=808080 (299,570)-(310,585)
pt: +1 cmd=64 -T-- abr=1 col=808080 (286,570)-(299,585)
pt: +1 cmd=64 -T-- abr=1 col=808080 (272,570)-(276,585)
pt: +1 cmd=64 -T-- abr=1 col=808080 (261,570)-(272,585)
pt: +1 cmd=64 -T-- abr=1 col=808080 (251,570)-(261,585)
pt: +1 cmd=64 -T-- abr=1 col=808080 (242,570)-(251,585)
pt: +1 cmd=64 -T-- abr=1 col=808080 (233,570)-(242,585)
pt: +1 cmd=64 -T-- abr=1 col=808080 (220,570)-(233,585)
pt: +1 cmd=64 -T-- abr=1 col=808080 (200,570)-(210,585)
pt: +1 cmd=64 -T-- abr=1 col=808080 (192,570)-(200,585)
pt: +1 cmd=64 -T-- abr=1 col=808080 (176,570)-(192,585)
pt: +1 cmd=64 -T-- abr=1 col=808080 (167,570)-(176,585)
pt: +1 cmd=64 -T-- abr=1 col=808080 (156,570)-(167,585)
pt: +1 cmd=64 -T-- abr=1 col=808080 (137,570)-(146,585)
pt: +1 cmd=64 -T-- abr=1 col=808080 (129,570)-(137,585)
pt: +1 cmd=64 -T-- abr=1 col=808080 (120,570)-(129,585)
pt: +1 cmd=64 -T-- abr=1 col=808080 (112,570)-(120,585)
pt: +1 cmd=64 -T-- abr=1 col=808080 (102,570)-(112,585)
pt: +1 cmd=64 -T-- abr=1 col=808080 (93,570)-(102,585)
pt: +1 cmd=64 -T-- abr=1 col=808080 (83,570)-(93,585)
pt: +1 cmd=64 -T-- abr=1 col=808080 (75,570)-(83,585)
pt: +1 cmd=64 -T-- abr=1 col=808080 (326,555)-(335,570)
pt: +1 cmd=64 -T-- abr=1 col=808080 (308,555)-(316,570)
pt: +1 cmd=64 -T-- abr=1 col=808080 (299,555)-(308,570)
pt: +1 cmd=64 -T-- abr=1 col=808080 (291,555)-(299,570)
pt: +1 cmd=64 -T-- abr=1 col=808080 (275,555)-(291,570)
pt: +1 cmd=64 -T-- abr=1 col=808080 (261,555)-(275,570)
pt: +1 cmd=64 -T-- abr=1 col=808080 (251,555)-(261,570)
pt: +1 cmd=64 -T-- abr=1 col=808080 (245,555)-(251,570)
pt: +1 cmd=64 -T-- abr=1 col=808080 (239,555)-(245,570)
pt: +1 cmd=64 -T-- abr=1 col=808080 (230,555)-(239,570)
pt: +1 cmd=64 -T-- abr=1 col=808080 (217,555)-(230,570)
pt: +1 cmd=64 -T-- abr=1 col=808080 (199,555)-(207,570)
pt: +1 cmd=64 -T-- abr=1 col=808080 (189,555)-(199,570)
pt: +1 cmd=64 -T-- abr=1 col=808080 (163,555)-(179,570)
pt: +1 cmd=64 -T-- abr=1 col=808080 (153,555)-(163,570)
pt: +1 cmd=64 -T-- abr=1 col=808080 (143,555)-(153,570)
pt: +1 cmd=64 -T-- abr=1 col=808080 (132,555)-(143,570)
pt: +1 cmd=64 -T-- abr=1 col=808080 (121,555)-(132,570)
pt: +1 cmd=64 -T-- abr=1 col=808080 (114,555)-(121,570)
pt: +1 cmd=64 -T-- abr=1 col=808080 (103,555)-(114,570)
pt: +1 cmd=64 -T-- abr=1 col=808080 (85,555)-(93,570)
pt: +1 cmd=64 -T-- abr=1 col=808080 (74,555)-(85,570)
pt: +1 cmd=64 -T-- abr=1 col=808080 (65,555)-(74,570)
pt: +1 cmd=64 -T-- abr=1 col=808080 (344,540)-(355,555)
pt: +1 cmd=64 -T-- abr=1 col=808080 (337,540)-(344,555)
pt: +1 cmd=64 -T-- abr=1 col=808080 (317,540)-(327,555)
pt: +1 cmd=64 -T-- abr=1 col=808080 (309,540)-(317,555)
pt: +1 cmd=64 -T-- abr=1 col=808080 (299,540)-(309,555)
pt: +1 cmd=64 -T-- abr=1 col=808080 (292,540)-(299,555)
pt: +1 cmd=64 -T-- abr=1 col=808080 (286,540)-(292,555)
pt: +1 cmd=64 -T-- abr=1 col=808080 (268,540)-(276,555)
pt: +1 cmd=64 -T-- abr=1 col=808080 (259,540)-(268,555)
pt: +1 cmd=64 -T-- abr=1 col=808080 (251,540)-(259,555)
pt: +1 cmd=64 -T-- abr=1 col=808080 (240,540)-(251,555)
pt: +1 cmd=64 -T-- abr=1 col=808080 (231,540)-(240,555)
pt: +1 cmd=64 -T-- abr=1 col=808080 (211,540)-(221,555)
pt: +1 cmd=64 -T-- abr=1 col=808080 (200,540)-(211,555)
pt: +1 cmd=64 -T-- abr=1 col=808080 (191,540)-(200,555)
pt: +1 cmd=64 -T-- abr=1 col=808080 (170,540)-(181,555)
pt: +1 cmd=64 -T-- abr=1 col=808080 (159,540)-(170,555)
pt: +1 cmd=64 -T-- abr=1 col=808080 (149,540)-(159,555)
pt: +1 cmd=64 -T-- abr=1 col=808080 (143,540)-(149,555)
pt: +1 cmd=64 -T-- abr=1 col=808080 (125,540)-(133,555)
pt: +1 cmd=64 -T-- abr=1 col=808080 (109,540)-(125,555)
pt: +1 cmd=64 -T-- abr=1 col=808080 (102,540)-(109,555)
pt: +1 cmd=64 -T-- abr=1 col=808080 (93,540)-(102,555)
pt: +1 cmd=64 -T-- abr=1 col=808080 (74,540)-(83,555)
pt: +1 cmd=64 -T-- abr=1 col=808080 (53,540)-(64,555)
pt: +1 cmd=64 -T-- abr=1 col=808080 (44,540)-(53,555)
pt: +1 cmd=3a S-QG abr=2 col=000000 (40,400)-(360,480)
pt: +1 cmd=3a S-QG abr=2 col=ffffff (40,0)-(360,80)
pt: +1 cmd=2a S-Q- abr=2 col=dfdfdf (40,0)-(360,480)
pt: +2 cmd=f5 ---- abr=0 col=000000 (0,0)-(0,0)
pt: +2 cmd=e3 ---- abr=0 col=000000 (0,0)-(0,0)
pt: +2 cmd=e4 ---- abr=0 col=077e7f (639,479)-(0,0)
pt: +2 cmd=e5 ---- abr=0 col=000000 (0,0)-(0,0)
pt: +2 cmd=02 ---- abr=0 col=000000 (0,0)-(640,480)
pt: +2 cmd=01 ---- abr=0 col=000000 (0,0)-(640,480)
pt: +2 cmd=e5 ---- abr=0 col=000000 (0,0)-(0,0)
pt: +2 cmd=e3 ---- abr=0 col=000000 (0,0)-(0,0)
pt: +2 cmd=e4 ---- abr=0 col=077e7f (639,479)-(0,0)
pt: +2 cmd=66 ST-- abr=1 col=161616 (384,144)-(608,336)
pt: +2 cmd=66 ST-- abr=1 col=010101 (384,144)-(608,336)
pt: +2 cmd=24 -T-- abr=1 col=000cda (-1,-1)-(-1,-1)
pt: +2 cmd=64 -T-- abr=1 col=808080 (323,645)-(327,660)
pt: +2 cmd=64 -T-- abr=1 col=808080 (312,645)-(323,660)
pt: +2 cmd=64 -T-- abr=1 col=808080 (298,645)-(312,660)
pt: +2 cmd=64 -T-- abr=1 col=808080 (288,645)-(298,660)
pt: +2 cmd=64 -T-- abr=1 col=808080 (270,645)-(278,660)
pt: +2 cmd=64 -T-- abr=1 col=808080 (263,645)-(270,660)
pt: +2 cmd=64 -T-- abr=1 col=808080 (252,645)-(263,660)
pt: +2 cmd=64 -T-- abr=1 col=808080 (233,645)-(242,660)
pt: +2 cmd=64 -T-- abr=1 col=808080 (223,645)-(233,660)
pt: +2 cmd=64 -T-- abr=1 col=808080 (215,645)-(223,660)
pt: +2 cmd=64 -T-- abr=1 col=808080 (189,645)-(205,660)
pt: +2 cmd=64 -T-- abr=1 col=808080 (183,645)-(189,660)
pt: +2 cmd=64 -T-- abr=1 col=808080 (174,645)-(183,660)
pt: +2 cmd=64 -T-- abr=1 col=808080 (166,645)-(174,660)
pt: +2 cmd=64 -T-- abr=1 col=808080 (157,645)-(166,660)
pt: +2 cmd=64 -T-- abr=1 col=808080 (139,645)-(147,660)
pt: +2 cmd=64 -T-- abr=1 col=808080 (128,645)-(139,660)
pt: +2 cmd=64 -T-- abr=1 col=808080 (119,645)-(128,660)
pt: +2 cmd=64 -T-- abr=1 col=808080 (101,645)-(109,660)
pt: +2 cmd=64 -T-- abr=1 col=808080 (90,645)-(101,660)
pt: +2 cmd=64 -T-- abr=1 col=808080 (81,645)-(90,660)
pt: +2 cmd=64 -T-- abr=1 col=808080 (72,645)-(81,660)
pt: +2 cmd=64 -T-- abr=1 col=808080 (335,630)-(345,645)
pt: +2 cmd=64 -T-- abr=1 col=808080 (326,630)-(335,645)
pt: +2 cmd=64 -T-- abr=1 col=808080 (307,630)-(316,645)
pt: +2 cmd=64 -T-- abr=1 col=808080 (295,630)-(307,645)
pt: +2 cmd=64 -T-- abr=1 col=808080 (285,630)-(295,645)
pt: +2 cmd=64 -T-- abr=1 col=808080 (266,630)-(275,645)
pt: +2 cmd=64 -T-- abr=1 col=808080 (258,630)-(266,645)
pt: +2 cmd=64 -T-- abr=1 col=808080 (250,630)-(258,645)
pt: +2 cmd=64 -T-- abr=1 col=808080 (230,630)-(240,645)
pt: +2 cmd=64 -T-- abr=1 col=808080 (219,630)-(230,645)
pt: +2 cmd=64 -T-- abr=1 col=808080 (210,630)-(219,645)
pt: +2 cmd=64 -T-- abr=1 col=808080 (192,630)-(200,645)
pt: +2 cmd=64 -T-- abr=1 col=808080 (181,630)-(192,645)
pt: +2 cmd=64 -T-- abr=1 col=808080 (171,630)-(181,645)
pt: +2 cmd=64 -T-- abr=1 col=808080 (155,630)-(171,645)
pt: +2 cmd=64 -T-- abr=1 col=808080 (147,630)-(155,645)
pt: +2 cmd=64 -T-- abr=1 col=808080 (137,630)-(147,645)
pt: +2 cmd=64 -T-- abr=1 col=808080 (119,630)-(127,645)
pt: +2 cmd=64 -T-- abr=1 col=808080 (109,630)-(119,645)
pt: +2 cmd=64 -T-- abr=1 col=808080 (89,630)-(99,645)
pt: +2 cmd=64 -T-- abr=1 col=808080 (73,630)-(89,645)
pt: +2 cmd=64 -T-- abr=1 col=808080 (64,630)-(73,645)
pt: +2 cmd=64 -T-- abr=1 col=808080 (55,630)-(64,645)
pt: +2 cmd=64 -T-- abr=1 col=808080 (346,615)-(357,630)
pt: +2 cmd=64 -T-- abr=1 col=808080 (337,615)-(346,630)
pt: +2 cmd=64 -T-- abr=1 col=808080 (317,615)-(327,630)
pt: +2 cmd=64 -T-- abr=1 col=808080 (309,615)-(317,630)
pt: +2 cmd=64 -T-- abr=1 col=808080 (301,615)-(309,630)
pt: +2 cmd=64 -T-- abr=1 col=808080 (294,615)-(301,630)
pt: +2 cmd=64 -T-- abr=1 col=808080 (285,615)-(294,630)
pt: +2 cmd=64 -T-- abr=1 col=808080 (276,615)-(285,630)
pt: +2 cmd=64 -T-- abr=1 col=808080 (258,615)-(266,630)
pt: +2 cmd=64 -T-- abr=1 col=808080 (247,615)-(258,630)
pt: +2 cmd=64 -T-- abr=1 col=808080 (227,615)-(237,630)
pt: +2 cmd=64 -T-- abr=1 col=808080 (219,615)-(227,630)
pt: +2 cmd=64 -T-- abr=1 col=808080 (204,615)-(209,630)
pt: +2 cmd=64 -T-- abr=1 col=808080 (196,615)-(204,630)
pt: +2 cmd=64 -T-- abr=1 col=808080 (186,615)-(196,630)
pt: +2 cmd=64 -T-- abr=1 col=808080 (177,615)-(186,630)
pt: +2 cmd=64 -T-- abr=1 col=808080 (163,615)-(177,630)
pt: +2 cmd=64 -T-- abr=1 col=808080 (147,615)-(153,630)
pt: +2 cmd=64 -T-- abr=1 col=808080 (135,615)-(147,630)
pt: +2 cmd=64 -T-- abr=1 col=808080 (127,615)-(135,630)
pt: +2 cmd=64 -T-- abr=1 col=808080 (119,615)-(127,630)
pt: +2 cmd=64 -T-- abr=1 col=808080 (109,615)-(119,630)
pt: +2 cmd=64 -T-- abr=1 col=808080 (100,615)-(109,630)
pt: +2 cmd=64 -T-- abr=1 col=808080 (92,615)-(100,630)
pt: +2 cmd=64 -T-- abr=1 col=808080 (82,615)-(92,630)
pt: +2 cmd=64 -T-- abr=1 col=808080 (62,615)-(72,630)
pt: +2 cmd=64 -T-- abr=1 col=808080 (51,615)-(62,630)
pt: +2 cmd=64 -T-- abr=1 col=808080 (42,615)-(51,630)
pt: +2 cmd=64 -T-- abr=1 col=808080 (336,600)-(344,615)
pt: +2 cmd=64 -T-- abr=1 col=808080 (330,600)-(336,615)
pt: +2 cmd=64 -T-- abr=1 col=808080 (320,600)-(330,615)
pt: +2 cmd=64 -T-- abr=1 col=808080 (304,600)-(320,615)
pt: +2 cmd=64 -T-- abr=1 col=808080 (297,600)-(304,615)
pt: +2 cmd=64 -T-- abr=1 col=808080 (289,600)-(297,615)
pt: +2 cmd=64 -T-- abr=1 col=808080 (270,600)-(279,615)
pt: +2 cmd=64 -T-- abr=1 col=808080 (263,600)-(270,615)
pt: +2 cmd=64 -T-- abr=1 col=808080 (255,600)-(263,615)
pt: +2 cmd=64 -T-- abr=1 col=808080 (244,600)-(255,615)
pt: +2 cmd=64 -T-- abr=1 col=808080 (235,600)-(244,615)
pt: +2 cmd=64 -T-- abr=1 col=808080 (216,600)-(225,615)
pt: +2 cmd=64 -T-- abr=1 col=808080 (206,600)-(216,615)
pt: +2 cmd=64 -T-- abr=1 col=808080 (198,600)-(206,615)
pt: +2 cmd=64 -T-- abr=1 col=808080 (180,600)-(188,615)
pt: +2 cmd=64 -T-- abr=1 col=808080 (169,600)-(180,615)
pt: +2 cmd=64 -T-- abr=1 col=808080 (161,600)-(169,615)
pt: +2 cmd=64 -T-- abr=1 col=808080 (151,600)-(161,615)
pt: +2 cmd=64 -T-- abr=1 col=808080 (144,600)-(151,615)
pt: +2 cmd=64 -T-- abr=1 col=808080 (135,600)-(144,615)
pt: +2 cmd=64 -T-- abr=1 col=808080 (128,600)-(135,615)
pt: +2 cmd=64 -T-- abr=1 col=808080 (118,600)-(128,615)
pt: +2 cmd=64 -T-- abr=1 col=808080 (94,600)-(108,615)
pt: +2 cmd=64 -T-- abr=1 col=808080 (84,600)-(94,615)
pt: +2 cmd=64 -T-- abr=1 col=808080 (78,600)-(84,615)
pt: +2 cmd=64 -T-- abr=1 col=808080 (72,600)-(78,615)
pt: +2 cmd=64 -T-- abr=1 col=808080 (64,600)-(72,615)
pt: +2 cmd=64 -T-- abr=1 col=808080 (56,600)-(64,615)
pt: +2 cmd=64 -T-- abr=1 col=808080 (339,585)-(347,600)
pt: +2 cmd=64 -T-- abr=1 col=808080 (332,585)-(339,600)
pt: +2 cmd=64 -T-- abr=1 col=808080 (321,585)-(332,600)
pt: +2 cmd=64 -T-- abr=1 col=808080 (301,585)-(311,600)
pt: +2 cmd=64 -T-- abr=1 col=808080 (293,585)-(301,600)
pt: +2 cmd=64 -T-- abr=1 col=808080 (284,585)-(293,600)
pt: +2 cmd=64 -T-- abr=1 col=808080 (275,585)-(284,600)
pt: +2 cmd=64 -T-- abr=1 col=808080 (264,585)-(275,600)
pt: +2 cmd=64 -T-- abr=1 col=808080 (243,585)-(254,600)
pt: +2 cmd=64 -T-- abr=1 col=808080 (234,585)-(243,600)
pt: +2 cmd=64 -T-- abr=1 col=808080 (218,585)-(234,600)
pt: +2 cmd=64 -T-- abr=1 col=808080 (200,585)-(208,600)
pt: +2 cmd=64 -T-- abr=1 col=808080 (192,585)-(200,600)
pt: +2 cmd=64 -T-- abr=1 col=808080 (184,585)-(192,600)
pt: +2 cmd=64 -T-- abr=1 col=808080 (178,585)-(184,600)
pt: +2 cmd=64 -T-- abr=1 col=808080 (171,585)-(178,600)
pt: +2 cmd=64 -T-- abr=1 col=808080 (162,585)-(171,600)
pt: +2 cmd=64 -T-- abr=1 col=808080 (155,585)-(162,600)
pt: +2 cmd=64 -T-- abr=1 col=808080 (145,585)-(155,600)
pt: +2 cmd=64 -T-- abr=1 col=808080 (130,585)-(135,600)
pt: +2 cmd=64 -T-- abr=1 col=808080 (121,585)-(130,600)
pt: +2 cmd=64 -T-- abr=1 col=808080 (110,585)-(121,600)
pt: +2 cmd=64 -T-- abr=1 col=808080 (101,585)-(110,600)
pt: +2 cmd=64 -T-- abr=1 col=808080 (90,585)-(101,600)
pt: +2 cmd=64 -T-- abr=1 col=808080 (80,585)-(90,600)
pt: +2 cmd=64 -T-- abr=1 col=808080 (71,585)-(80,600)
pt: +2 cmd=64 -T-- abr=1 col=808080 (62,585)-(71,600)
pt: +2 cmd=64 -T-- abr=1 col=808080 (53,585)-(62,600)
pt: +2 cmd=64 -T-- abr=1 col=808080 (317,570)-(325,585)
pt: +2 cmd=64 -T-- abr=1 col=808080 (310,570)-(317,585)
pt: +2 cmd=64 -T-- abr=1 col=808080 (299,570)-(310,585)
pt: +2 cmd=64 -T-- abr=1 col=808080 (286,570)-(299,585)
pt: +2 cmd=64 -T-- abr=1 col=808080 (272,570)-(276,585)
pt: +2 cmd=64 -T-- abr=1 col=808080 (261,570)-(272,585)
pt: +2 cmd=64 -T-- abr=1 col=808080 (251,570)-(261,585)
pt: +2 cmd=64 -T-- abr=1 col=808080 (242,570)-(251,585)
pt: +2 cmd=64 -T-- abr=1 col=808080 (233,570)-(242,585)
pt: +2 cmd=64 -T-- abr=1 col=808080 (220,570)-(233,585)
pt: +2 cmd=64 -T-- abr=1 col=808080 (200,570)-(210,585)
pt: +2 cmd=64 -T-- abr=1 col=808080 (192,570)-(200,585)
pt: +2 cmd=64 -T-- abr=1 col=808080 (176,570)-(192,585)
pt: +2 cmd=64 -T-- abr=1 col=808080 (167,570)-(176,585)
pt: +2 cmd=64 -T-- abr=1 col=808080 (156,570)-(167,585)
pt: +2 cmd=64 -T-- abr=1 col=808080 (137,570)-(146,585)
pt: +2 cmd=64 -T-- abr=1 col=808080 (129,570)-(137,585)
pt: +2 cmd=64 -T-- abr=1 col=808080 (120,570)-(129,585)
pt: +2 cmd=64 -T-- abr=1 col=808080 (112,570)-(120,585)
pt: +2 cmd=64 -T-- abr=1 col=808080 (102,570)-(112,585)
pt: +2 cmd=64 -T-- abr=1 col=808080 (93,570)-(102,585)
pt: +2 cmd=64 -T-- abr=1 col=808080 (83,570)-(93,585)
pt: +2 cmd=64 -T-- abr=1 col=808080 (75,570)-(83,585)
pt: +2 cmd=64 -T-- abr=1 col=808080 (326,555)-(335,570)
pt: +2 cmd=64 -T-- abr=1 col=808080 (308,555)-(316,570)
pt: +2 cmd=64 -T-- abr=1 col=808080 (299,555)-(308,570)
pt: +2 cmd=64 -T-- abr=1 col=808080 (291,555)-(299,570)
pt: +2 cmd=64 -T-- abr=1 col=808080 (275,555)-(291,570)
pt: +2 cmd=64 -T-- abr=1 col=808080 (261,555)-(275,570)
pt: +2 cmd=64 -T-- abr=1 col=808080 (251,555)-(261,570)
pt: +2 cmd=64 -T-- abr=1 col=808080 (245,555)-(251,570)
pt: +2 cmd=64 -T-- abr=1 col=808080 (239,555)-(245,570)
pt: +2 cmd=64 -T-- abr=1 col=808080 (230,555)-(239,570)
pt: +2 cmd=64 -T-- abr=1 col=808080 (217,555)-(230,570)
pt: +2 cmd=64 -T-- abr=1 col=808080 (199,555)-(207,570)
pt: +2 cmd=64 -T-- abr=1 col=808080 (189,555)-(199,570)
pt: +2 cmd=64 -T-- abr=1 col=808080 (163,555)-(179,570)
pt: +2 cmd=64 -T-- abr=1 col=808080 (153,555)-(163,570)
pt: +2 cmd=64 -T-- abr=1 col=808080 (143,555)-(153,570)
pt: +2 cmd=64 -T-- abr=1 col=808080 (132,555)-(143,570)
pt: +2 cmd=64 -T-- abr=1 col=808080 (121,555)-(132,570)
pt: +2 cmd=64 -T-- abr=1 col=808080 (114,555)-(121,570)
pt: +2 cmd=64 -T-- abr=1 col=808080 (103,555)-(114,570)
pt: +2 cmd=64 -T-- abr=1 col=808080 (85,555)-(93,570)
pt: +2 cmd=64 -T-- abr=1 col=808080 (74,555)-(85,570)
pt: +2 cmd=64 -T-- abr=1 col=808080 (65,555)-(74,570)
pt: +2 cmd=64 -T-- abr=1 col=808080 (344,540)-(355,555)
pt: +2 cmd=64 -T-- abr=1 col=808080 (337,540)-(344,555)
pt: +2 cmd=64 -T-- abr=1 col=808080 (317,540)-(327,555)
pt: +2 cmd=64 -T-- abr=1 col=808080 (309,540)-(317,555)
pt: +2 cmd=64 -T-- abr=1 col=808080 (299,540)-(309,555)
pt: +2 cmd=64 -T-- abr=1 col=808080 (292,540)-(299,555)
pt: +2 cmd=64 -T-- abr=1 col=808080 (286,540)-(292,555)
pt: +2 cmd=64 -T-- abr=1 col=808080 (268,540)-(276,555)
pt: +2 cmd=64 -T-- abr=1 col=808080 (259,540)-(268,555)
pt: +2 cmd=64 -T-- abr=1 col=808080 (251,540)-(259,555)
pt: +2 cmd=64 -T-- abr=1 col=808080 (240,540)-(251,555)
pt: +2 cmd=64 -T-- abr=1 col=808080 (231,540)-(240,555)
pt: +2 cmd=64 -T-- abr=1 col=808080 (211,540)-(221,555)
pt: +2 cmd=64 -T-- abr=1 col=808080 (200,540)-(211,555)
pt: +2 cmd=64 -T-- abr=1 col=808080 (191,540)-(200,555)
pt: +2 cmd=64 -T-- abr=1 col=808080 (170,540)-(181,555)
pt: +2 cmd=64 -T-- abr=1 col=808080 (159,540)-(170,555)
pt: +2 cmd=64 -T-- abr=1 col=808080 (149,540)-(159,555)
pt: +2 cmd=64 -T-- abr=1 col=808080 (143,540)-(149,555)
pt: +2 cmd=64 -T-- abr=1 col=808080 (125,540)-(133,555)
pt: +2 cmd=64 -T-- abr=1 col=808080 (109,540)-(125,555)
pt: +2 cmd=64 -T-- abr=1 col=808080 (102,540)-(109,555)
pt: +2 cmd=64 -T-- abr=1 col=808080 (93,540)-(102,555)
pt: +2 cmd=64 -T-- abr=1 col=808080 (74,540)-(83,555)
pt: +2 cmd=64 -T-- abr=1 col=808080 (53,540)-(64,555)
pt: +2 cmd=64 -T-- abr=1 col=808080 (44,540)-(53,555)
pt: +2 cmd=3a S-QG abr=2 col=000000 (40,400)-(360,480)
pt: +2 cmd=3a S-QG abr=2 col=ffffff (40,0)-(360,80)
pt: +2 cmd=2a S-Q- abr=2 col=cfcfcf (40,0)-(360,480)
pt: +3 cmd=f5 ---- abr=0 col=000000 (0,0)-(0,0)
pt: +3 cmd=e3 ---- abr=0 col=000000 (0,0)-(0,0)
pt: +3 cmd=e4 ---- abr=0 col=077e7f (639,479)-(0,0)
pt: +3 cmd=e5 ---- abr=0 col=000000 (0,0)-(0,0)
pt: +3 cmd=02 ---- abr=0 col=000000 (0,0)-(640,480)
pt: +3 cmd=01 ---- abr=0 col=000000 (0,0)-(640,480)
pt: +3 cmd=e5 ---- abr=0 col=000000 (0,0)-(0,0)
pt: +3 cmd=e3 ---- abr=0 col=000000 (0,0)-(0,0)
pt: +3 cmd=e4 ---- abr=0 col=077e7f (639,479)-(0,0)
pt: +3 cmd=66 ST-- abr=1 col=1d1d1d (384,144)-(608,336)
pt: +3 cmd=66 ST-- abr=1 col=030303 (384,144)-(608,336)
pt: +3 cmd=24 -T-- abr=1 col=00000b (-1,-1)-(-1,-1)
pt: +3 cmd=64 -T-- abr=1 col=808080 (323,645)-(327,660)
pt: +3 cmd=64 -T-- abr=1 col=808080 (312,645)-(323,660)
pt: +3 cmd=64 -T-- abr=1 col=808080 (298,645)-(312,660)
pt: +3 cmd=64 -T-- abr=1 col=808080 (288,645)-(298,660)
pt: +3 cmd=64 -T-- abr=1 col=808080 (270,645)-(278,660)
pt: +3 cmd=64 -T-- abr=1 col=808080 (263,645)-(270,660)
pt: +3 cmd=64 -T-- abr=1 col=808080 (252,645)-(263,660)
pt: +3 cmd=64 -T-- abr=1 col=808080 (233,645)-(242,660)
pt: +3 cmd=64 -T-- abr=1 col=808080 (223,645)-(233,660)
pt: +3 cmd=64 -T-- abr=1 col=808080 (215,645)-(223,660)
pt: +3 cmd=64 -T-- abr=1 col=808080 (189,645)-(205,660)
pt: +3 cmd=64 -T-- abr=1 col=808080 (183,645)-(189,660)
pt: +3 cmd=64 -T-- abr=1 col=808080 (174,645)-(183,660)
pt: +3 cmd=64 -T-- abr=1 col=808080 (166,645)-(174,660)
pt: +3 cmd=64 -T-- abr=1 col=808080 (157,645)-(166,660)
pt: +3 cmd=64 -T-- abr=1 col=808080 (139,645)-(147,660)
pt: +3 cmd=64 -T-- abr=1 col=808080 (128,645)-(139,660)
pt: +3 cmd=64 -T-- abr=1 col=808080 (119,645)-(128,660)
pt: +3 cmd=64 -T-- abr=1 col=808080 (101,645)-(109,660)
pt: +3 cmd=64 -T-- abr=1 col=808080 (90,645)-(101,660)
pt: +3 cmd=64 -T-- abr=1 col=808080 (81,645)-(90,660)
pt: +3 cmd=64 -T-- abr=1 col=808080 (72,645)-(81,660)
pt: +3 cmd=64 -T-- abr=1 col=808080 (335,630)-(345,645)
pt: +3 cmd=64 -T-- abr=1 col=808080 (326,630)-(335,645)
pt: +3 cmd=64 -T-- abr=1 col=808080 (307,630)-(316,645)
pt: +3 cmd=64 -T-- abr=1 col=808080 (295,630)-(307,645)
pt: +3 cmd=64 -T-- abr=1 col=808080 (285,630)-(295,645)
pt: +3 cmd=64 -T-- abr=1 col=808080 (266,630)-(275,645)
pt: +3 cmd=64 -T-- abr=1 col=808080 (258,630)-(266,645)
pt: +3 cmd=64 -T-- abr=1 col=808080 (250,630)-(258,645)
pt: +3 cmd=64 -T-- abr=1 col=808080 (230,630)-(240,645)
pt: +3 cmd=64 -T-- abr=1 col=808080 (219,630)-(230,645)
pt: +3 cmd=64 -T-- abr=1 col=808080 (210,630)-(219,645)
pt: +3 cmd=64 -T-- abr=1 col=808080 (192,630)-(200,645)
pt: +3 cmd=64 -T-- abr=1 col=808080 (181,630)-(192,645)
pt: +3 cmd=64 -T-- abr=1 col=808080 (171,630)-(181,645)
pt: +3 cmd=64 -T-- abr=1 col=808080 (155,630)-(171,645)
pt: +3 cmd=64 -T-- abr=1 col=808080 (147,630)-(155,645)
pt: +3 cmd=64 -T-- abr=1 col=808080 (137,630)-(147,645)
pt: +3 cmd=64 -T-- abr=1 col=808080 (119,630)-(127,645)
pt: +3 cmd=64 -T-- abr=1 col=808080 (109,630)-(119,645)
pt: +3 cmd=64 -T-- abr=1 col=808080 (89,630)-(99,645)
pt: +3 cmd=64 -T-- abr=1 col=808080 (73,630)-(89,645)
pt: +3 cmd=64 -T-- abr=1 col=808080 (64,630)-(73,645)
pt: +3 cmd=64 -T-- abr=1 col=808080 (55,630)-(64,645)
pt: +3 cmd=64 -T-- abr=1 col=808080 (346,615)-(357,630)
pt: +3 cmd=64 -T-- abr=1 col=808080 (337,615)-(346,630)
pt: +3 cmd=64 -T-- abr=1 col=808080 (317,615)-(327,630)
pt: +3 cmd=64 -T-- abr=1 col=808080 (309,615)-(317,630)
pt: +3 cmd=64 -T-- abr=1 col=808080 (301,615)-(309,630)
pt: +3 cmd=64 -T-- abr=1 col=808080 (294,615)-(301,630)
pt: +3 cmd=64 -T-- abr=1 col=808080 (285,615)-(294,630)
pt: +3 cmd=64 -T-- abr=1 col=808080 (276,615)-(285,630)
pt: +3 cmd=64 -T-- abr=1 col=808080 (258,615)-(266,630)
pt: +3 cmd=64 -T-- abr=1 col=808080 (247,615)-(258,630)
pt: +3 cmd=64 -T-- abr=1 col=808080 (227,615)-(237,630)
pt: +3 cmd=64 -T-- abr=1 col=808080 (219,615)-(227,630)
pt: +3 cmd=64 -T-- abr=1 col=808080 (204,615)-(209,630)
pt: +3 cmd=64 -T-- abr=1 col=808080 (196,615)-(204,630)
pt: +3 cmd=64 -T-- abr=1 col=808080 (186,615)-(196,630)
pt: +3 cmd=64 -T-- abr=1 col=808080 (177,615)-(186,630)
pt: +3 cmd=64 -T-- abr=1 col=808080 (163,615)-(177,630)
pt: +3 cmd=64 -T-- abr=1 col=808080 (147,615)-(153,630)
pt: +3 cmd=64 -T-- abr=1 col=808080 (135,615)-(147,630)
pt: +3 cmd=64 -T-- abr=1 col=808080 (127,615)-(135,630)
pt: +3 cmd=64 -T-- abr=1 col=808080 (119,615)-(127,630)
pt: +3 cmd=64 -T-- abr=1 col=808080 (109,615)-(119,630)
pt: +3 cmd=64 -T-- abr=1 col=808080 (100,615)-(109,630)
pt: +3 cmd=64 -T-- abr=1 col=808080 (92,615)-(100,630)
pt: +3 cmd=64 -T-- abr=1 col=808080 (82,615)-(92,630)
pt: +3 cmd=64 -T-- abr=1 col=808080 (62,615)-(72,630)
pt: +3 cmd=64 -T-- abr=1 col=808080 (51,615)-(62,630)
pt: +3 cmd=64 -T-- abr=1 col=808080 (42,615)-(51,630)
pt: +3 cmd=64 -T-- abr=1 col=808080 (336,600)-(344,615)
pt: +3 cmd=64 -T-- abr=1 col=808080 (330,600)-(336,615)
pt: +3 cmd=64 -T-- abr=1 col=808080 (320,600)-(330,615)
pt: +3 cmd=64 -T-- abr=1 col=808080 (304,600)-(320,615)
pt: +3 cmd=64 -T-- abr=1 col=808080 (297,600)-(304,615)
pt: +3 cmd=64 -T-- abr=1 col=808080 (289,600)-(297,615)
pt: +3 cmd=64 -T-- abr=1 col=808080 (270,600)-(279,615)
pt: +3 cmd=64 -T-- abr=1 col=808080 (263,600)-(270,615)
pt: +3 cmd=64 -T-- abr=1 col=808080 (255,600)-(263,615)
pt: +3 cmd=64 -T-- abr=1 col=808080 (244,600)-(255,615)
pt: +3 cmd=64 -T-- abr=1 col=808080 (235,600)-(244,615)
pt: +3 cmd=64 -T-- abr=1 col=808080 (216,600)-(225,615)
pt: +3 cmd=64 -T-- abr=1 col=808080 (206,600)-(216,615)
pt: +3 cmd=64 -T-- abr=1 col=808080 (198,600)-(206,615)
pt: +3 cmd=64 -T-- abr=1 col=808080 (180,600)-(188,615)
pt: +3 cmd=64 -T-- abr=1 col=808080 (169,600)-(180,615)
pt: +3 cmd=64 -T-- abr=1 col=808080 (161,600)-(169,615)
pt: +3 cmd=64 -T-- abr=1 col=808080 (151,600)-(161,615)
pt: +3 cmd=64 -T-- abr=1 col=808080 (144,600)-(151,615)
pt: +3 cmd=64 -T-- abr=1 col=808080 (135,600)-(144,615)
pt: +3 cmd=64 -T-- abr=1 col=808080 (128,600)-(135,615)
pt: +3 cmd=64 -T-- abr=1 col=808080 (118,600)-(128,615)
pt: +3 cmd=64 -T-- abr=1 col=808080 (94,600)-(108,615)
pt: +3 cmd=64 -T-- abr=1 col=808080 (84,600)-(94,615)
pt: +3 cmd=64 -T-- abr=1 col=808080 (78,600)-(84,615)
pt: +3 cmd=64 -T-- abr=1 col=808080 (72,600)-(78,615)
pt: +3 cmd=64 -T-- abr=1 col=808080 (64,600)-(72,615)
pt: +3 cmd=64 -T-- abr=1 col=808080 (56,600)-(64,615)
pt: +3 cmd=64 -T-- abr=1 col=808080 (339,585)-(347,600)
pt: +3 cmd=64 -T-- abr=1 col=808080 (332,585)-(339,600)
pt: +3 cmd=64 -T-- abr=1 col=808080 (321,585)-(332,600)
pt: +3 cmd=64 -T-- abr=1 col=808080 (301,585)-(311,600)
pt: +3 cmd=64 -T-- abr=1 col=808080 (293,585)-(301,600)
pt: +3 cmd=64 -T-- abr=1 col=808080 (284,585)-(293,600)
pt: +3 cmd=64 -T-- abr=1 col=808080 (275,585)-(284,600)
pt: +3 cmd=64 -T-- abr=1 col=808080 (264,585)-(275,600)
pt: +3 cmd=64 -T-- abr=1 col=808080 (243,585)-(254,600)
pt: +3 cmd=64 -T-- abr=1 col=808080 (234,585)-(243,600)
pt: +3 cmd=64 -T-- abr=1 col=808080 (218,585)-(234,600)
pt: +3 cmd=64 -T-- abr=1 col=808080 (200,585)-(208,600)
pt: +3 cmd=64 -T-- abr=1 col=808080 (192,585)-(200,600)
pt: +3 cmd=64 -T-- abr=1 col=808080 (184,585)-(192,600)
pt: +3 cmd=64 -T-- abr=1 col=808080 (178,585)-(184,600)
pt: +3 cmd=64 -T-- abr=1 col=808080 (171,585)-(178,600)
pt: +3 cmd=64 -T-- abr=1 col=808080 (162,585)-(171,600)
pt: +3 cmd=64 -T-- abr=1 col=808080 (155,585)-(162,600)
pt: +3 cmd=64 -T-- abr=1 col=808080 (145,585)-(155,600)
pt: +3 cmd=64 -T-- abr=1 col=808080 (130,585)-(135,600)
pt: +3 cmd=64 -T-- abr=1 col=808080 (121,585)-(130,600)
pt: +3 cmd=64 -T-- abr=1 col=808080 (110,585)-(121,600)
pt: +3 cmd=64 -T-- abr=1 col=808080 (101,585)-(110,600)
pt: +3 cmd=64 -T-- abr=1 col=808080 (90,585)-(101,600)
pt: +3 cmd=64 -T-- abr=1 col=808080 (80,585)-(90,600)
pt: +3 cmd=64 -T-- abr=1 col=808080 (71,585)-(80,600)
pt: +3 cmd=64 -T-- abr=1 col=808080 (62,585)-(71,600)
pt: +3 cmd=64 -T-- abr=1 col=808080 (53,585)-(62,600)
pt: +3 cmd=64 -T-- abr=1 col=808080 (317,570)-(325,585)
pt: +3 cmd=64 -T-- abr=1 col=808080 (310,570)-(317,585)
pt: +3 cmd=64 -T-- abr=1 col=808080 (299,570)-(310,585)
pt: +3 cmd=64 -T-- abr=1 col=808080 (286,570)-(299,585)
pt: +3 cmd=64 -T-- abr=1 col=808080 (272,570)-(276,585)
pt: +3 cmd=64 -T-- abr=1 col=808080 (261,570)-(272,585)
pt: +3 cmd=64 -T-- abr=1 col=808080 (251,570)-(261,585)
pt: +3 cmd=64 -T-- abr=1 col=808080 (242,570)-(251,585)
pt: +3 cmd=64 -T-- abr=1 col=808080 (233,570)-(242,585)
pt: +3 cmd=64 -T-- abr=1 col=808080 (220,570)-(233,585)
pt: +3 cmd=64 -T-- abr=1 col=808080 (200,570)-(210,585)
pt: +3 cmd=64 -T-- abr=1 col=808080 (192,570)-(200,585)
pt: +3 cmd=64 -T-- abr=1 col=808080 (176,570)-(192,585)
pt: +3 cmd=64 -T-- abr=1 col=808080 (167,570)-(176,585)
pt: +3 cmd=64 -T-- abr=1 col=808080 (156,570)-(167,585)
pt: +3 cmd=64 -T-- abr=1 col=808080 (137,570)-(146,585)
pt: +3 cmd=64 -T-- abr=1 col=808080 (129,570)-(137,585)
pt: +3 cmd=64 -T-- abr=1 col=808080 (120,570)-(129,585)
pt: +3 cmd=64 -T-- abr=1 col=808080 (112,570)-(120,585)
pt: +3 cmd=64 -T-- abr=1 col=808080 (102,570)-(112,585)
pt: +3 cmd=64 -T-- abr=1 col=808080 (93,570)-(102,585)
pt: +3 cmd=64 -T-- abr=1 col=808080 (83,570)-(93,585)
pt: +3 cmd=64 -T-- abr=1 col=808080 (75,570)-(83,585)
pt: +3 cmd=64 -T-- abr=1 col=808080 (326,555)-(335,570)
pt: +3 cmd=64 -T-- abr=1 col=808080 (308,555)-(316,570)
pt: +3 cmd=64 -T-- abr=1 col=808080 (299,555)-(308,570)
pt: +3 cmd=64 -T-- abr=1 col=808080 (291,555)-(299,570)
pt: +3 cmd=64 -T-- abr=1 col=808080 (275,555)-(291,570)
pt: +3 cmd=64 -T-- abr=1 col=808080 (261,555)-(275,570)
pt: +3 cmd=64 -T-- abr=1 col=808080 (251,555)-(261,570)
pt: +3 cmd=64 -T-- abr=1 col=808080 (245,555)-(251,570)
pt: +3 cmd=64 -T-- abr=1 col=808080 (239,555)-(245,570)
pt: +3 cmd=64 -T-- abr=1 col=808080 (230,555)-(239,570)
pt: +3 cmd=64 -T-- abr=1 col=808080 (217,555)-(230,570)
pt: +3 cmd=64 -T-- abr=1 col=808080 (199,555)-(207,570)
pt: +3 cmd=64 -T-- abr=1 col=808080 (189,555)-(199,570)
pt: +3 cmd=64 -T-- abr=1 col=808080 (163,555)-(179,570)
pt: +3 cmd=64 -T-- abr=1 col=808080 (153,555)-(163,570)
pt: +3 cmd=64 -T-- abr=1 col=808080 (143,555)-(153,570)
pt: +3 cmd=64 -T-- abr=1 col=808080 (132,555)-(143,570)
pt: +3 cmd=64 -T-- abr=1 col=808080 (121,555)-(132,570)
pt: +3 cmd=64 -T-- abr=1 col=808080 (114,555)-(121,570)
pt: +3 cmd=64 -T-- abr=1 col=808080 (103,555)-(114,570)
pt: +3 cmd=64 -T-- abr=1 col=808080 (85,555)-(93,570)
pt: +3 cmd=64 -T-- abr=1 col=808080 (74,555)-(85,570)
pt: +3 cmd=64 -T-- abr=1 col=808080 (65,555)-(74,570)
pt: +3 cmd=64 -T-- abr=1 col=808080 (344,540)-(355,555)
pt: +3 cmd=64 -T-- abr=1 col=808080 (337,540)-(344,555)
pt: +3 cmd=64 -T-- abr=1 col=808080 (317,540)-(327,555)
pt: +3 cmd=64 -T-- abr=1 col=808080 (309,540)-(317,555)
pt: +3 cmd=64 -T-- abr=1 col=808080 (299,540)-(309,555)
pt: +3 cmd=64 -T-- abr=1 col=808080 (292,540)-(299,555)
pt: +3 cmd=64 -T-- abr=1 col=808080 (286,540)-(292,555)
pt: +3 cmd=64 -T-- abr=1 col=808080 (268,540)-(276,555)
pt: +3 cmd=64 -T-- abr=1 col=808080 (259,540)-(268,555)
pt: +3 cmd=64 -T-- abr=1 col=808080 (251,540)-(259,555)
pt: +3 cmd=64 -T-- abr=1 col=808080 (240,540)-(251,555)
pt: +3 cmd=64 -T-- abr=1 col=808080 (231,540)-(240,555)
pt: +3 cmd=64 -T-- abr=1 col=808080 (211,540)-(221,555)
pt: +3 cmd=64 -T-- abr=1 col=808080 (200,540)-(211,555)
pt: +3 cmd=64 -T-- abr=1 col=808080 (191,540)-(200,555)
pt: +3 cmd=64 -T-- abr=1 col=808080 (170,540)-(181,555)
pt: +3 cmd=64 -T-- abr=1 col=808080 (159,540)-(170,555)
pt: +3 cmd=64 -T-- abr=1 col=808080 (149,540)-(159,555)
pt: +3 cmd=64 -T-- abr=1 col=808080 (143,540)-(149,555)
pt: +3 cmd=64 -T-- abr=1 col=808080 (125,540)-(133,555)
pt: +3 cmd=64 -T-- abr=1 col=808080 (109,540)-(125,555)
pt: +3 cmd=64 -T-- abr=1 col=808080 (102,540)-(109,555)
pt: +3 cmd=64 -T-- abr=1 col=808080 (93,540)-(102,555)
pt: +3 cmd=64 -T-- abr=1 col=808080 (74,540)-(83,555)
pt: +3 cmd=64 -T-- abr=1 col=808080 (53,540)-(64,555)
pt: +3 cmd=64 -T-- abr=1 col=808080 (44,540)-(53,555)
pt: +3 cmd=3a S-QG abr=2 col=000000 (40,400)-(360,480)
pt: +3 cmd=3a S-QG abr=2 col=ffffff (40,0)-(360,80)
pt: +3 cmd=2a S-Q- abr=2 col=bfbfbf (40,0)-(360,480)
pt: +4 cmd=f5 ---- abr=0 col=000000 (0,0)-(0,0)
pt: +4 cmd=e3 ---- abr=0 col=000000 (0,0)-(0,0)
pt: +4 cmd=e4 ---- abr=0 col=077e7f (639,479)-(0,0)
pt: +4 cmd=e5 ---- abr=0 col=000000 (0,0)-(0,0)
pt: +4 cmd=02 ---- abr=0 col=000000 (0,0)-(640,480)
pt: +4 cmd=01 ---- abr=0 col=000000 (0,0)-(640,480)
pt: +4 cmd=e5 ---- abr=0 col=000000 (0,0)-(0,0)
pt: +4 cmd=e3 ---- abr=0 col=000000 (0,0)-(0,0)
pt: +4 cmd=e4 ---- abr=0 col=077e7f (639,479)-(0,0)
pt: +4 cmd=66 ST-- abr=1 col=232323 (384,144)-(608,336)
pt: +4 cmd=66 ST-- abr=1 col=050505 (384,144)-(608,336)
pt: +4 cmd=3a S-QG abr=2 col=000000 (40,400)-(360,480)
pt: +4 cmd=3a S-QG abr=2 col=ffffff (40,0)-(360,80)
pt: +4 cmd=2a S-Q- abr=2 col=afafaf (40,0)-(360,480)
pt: +5 cmd=f5 ---- abr=0 col=000000 (0,0)-(0,0)
pt: +5 cmd=e3 ---- abr=0 col=000000 (0,0)-(0,0)
pt: +5 cmd=e4 ---- abr=0 col=077e7f (639,479)-(0,0)
pt: +5 cmd=e5 ---- abr=0 col=000000 (0,0)-(0,0)
pt: +5 cmd=02 ---- abr=0 col=000000 (0,0)-(640,480)
pt: +5 cmd=01 ---- abr=0 col=000000 (0,0)-(640,480)
pt: +5 cmd=e5 ---- abr=0 col=000000 (0,0)-(0,0)
pt: +5 cmd=e3 ---- abr=0 col=000000 (0,0)-(0,0)
pt: +5 cmd=e4 ---- abr=0 col=077e7f (639,479)-(0,0)
pt: +5 cmd=66 ST-- abr=1 col=282828 (384,144)-(608,336)
pt: +5 cmd=66 ST-- abr=1 col=070707 (384,144)-(608,336)
pt: +5 cmd=3a S-QG abr=2 col=000000 (40,400)-(360,480)
pt: +5 cmd=3a S-QG abr=2 col=ffffff (40,0)-(360,80)
pt: +5 cmd=2a S-Q- abr=2 col=9f9f9f (40,0)-(360,480)
pt: +6 cmd=f5 ---- abr=0 col=000000 (0,0)-(0,0)
pt: +6 cmd=e3 ---- abr=0 col=000000 (0,0)-(0,0)
pt: +6 cmd=e4 ---- abr=0 col=077e7f (639,479)-(0,0)
pt: +6 cmd=e5 ---- abr=0 col=000000 (0,0)-(0,0)
pt: +6 cmd=02 ---- abr=0 col=000000 (0,0)-(640,480)
pt: +6 cmd=01 ---- abr=0 col=000000 (0,0)-(640,480)
pt: +6 cmd=e5 ---- abr=0 col=000000 (0,0)-(0,0)
pt: +6 cmd=e3 ---- abr=0 col=000000 (0,0)-(0,0)
pt: +6 cmd=e4 ---- abr=0 col=077e7f (639,479)-(0,0)
pt: +6 cmd=66 ST-- abr=1 col=2d2d2d (384,144)-(608,336)
pt: +6 cmd=66 ST-- abr=1 col=0a0a0a (384,144)-(608,336)
pt: +6 cmd=3a S-QG abr=2 col=000000 (40,400)-(360,480)
pt: +6 cmd=3a S-QG abr=2 col=ffffff (40,0)-(360,80)
pt: +6 cmd=2a S-Q- abr=2 col=8f8f8f (40,0)-(360,480)
pt: +7 cmd=f5 ---- abr=0 col=000000 (0,0)-(0,0)
pt: +7 cmd=e3 ---- abr=0 col=000000 (0,0)-(0,0)
pt: +7 cmd=e4 ---- abr=0 col=077e7f (639,479)-(0,0)
pt: +7 cmd=e5 ---- abr=0 col=000000 (0,0)-(0,0)
pt: +7 cmd=02 ---- abr=0 col=000000 (0,0)-(640,480)
pt: +7 cmd=01 ---- abr=0 col=000000 (0,0)-(640,480)
pt: +7 cmd=e5 ---- abr=0 col=000000 (0,0)-(0,0)
pt: +7 cmd=e3 ---- abr=0 col=000000 (0,0)-(0,0)
pt: +7 cmd=e4 ---- abr=0 col=077e7f (639,479)-(0,0)
pt: +7 cmd=66 ST-- abr=1 col=323232 (384,144)-(608,336)
pt: +7 cmd=66 ST-- abr=1 col=0e0e0e (384,144)-(608,336)
pt: +7 cmd=3a S-QG abr=2 col=000000 (40,400)-(360,480)
pt: +7 cmd=3a S-QG abr=2 col=ffffff (40,0)-(360,80)
pt: +7 cmd=2a S-Q- abr=2 col=7f7f7f (40,0)-(360,480)
pt: +8 cmd=f5 ---- abr=0 col=000000 (0,0)-(0,0)
pt: +8 cmd=e3 ---- abr=0 col=000000 (0,0)-(0,0)
pt: +8 cmd=e4 ---- abr=0 col=077e7f (639,479)-(0,0)
pt: +8 cmd=e5 ---- abr=0 col=000000 (0,0)-(0,0)
pt: +8 cmd=02 ---- abr=0 col=000000 (0,0)-(640,480)
pt: +8 cmd=01 ---- abr=0 col=000000 (0,0)-(640,480)
pt: +8 cmd=e5 ---- abr=0 col=000000 (0,0)-(0,0)
pt: +8 cmd=e3 ---- abr=0 col=000000 (0,0)-(0,0)
pt: +8 cmd=e4 ---- abr=0 col=077e7f (639,479)-(0,0)
pt: +8 cmd=66 ST-- abr=1 col=363636 (384,144)-(608,336)
pt: +8 cmd=66 ST-- abr=1 col=121212 (384,144)-(608,336)
pt: +8 cmd=3a S-QG abr=2 col=000000 (40,400)-(360,480)
pt: +8 cmd=3a S-QG abr=2 col=ffffff (40,0)-(360,80)
pt: +8 cmd=2a S-Q- abr=2 col=6f6f6f (40,0)-(360,480)
pt: +9 cmd=f5 ---- abr=0 col=000000 (0,0)-(0,0)
pt: +9 cmd=e3 ---- abr=0 col=000000 (0,0)-(0,0)
pt: +9 cmd=e4 ---- abr=0 col=077e7f (639,479)-(0,0)
pt: +9 cmd=e5 ---- abr=0 col=000000 (0,0)-(0,0)
pt: +9 cmd=02 ---- abr=0 col=000000 (0,0)-(640,480)
pt: +9 cmd=01 ---- abr=0 col=000000 (0,0)-(640,480)
pt: +9 cmd=e5 ---- abr=0 col=000000 (0,0)-(0,0)
pt: +9 cmd=e3 ---- abr=0 col=000000 (0,0)-(0,0)
pt: +9 cmd=e4 ---- abr=0 col=077e7f (639,479)-(0,0)
pt: +9 cmd=66 ST-- abr=1 col=393939 (384,144)-(608,336)
pt: +9 cmd=66 ST-- abr=1 col=161616 (384,144)-(608,336)
pt: +9 cmd=3a S-QG abr=2 col=000000 (40,400)-(360,480)
pt: +9 cmd=3a S-QG abr=2 col=ffffff (40,0)-(360,80)
pt: +9 cmd=2a S-Q- abr=2 col=5f5f5f (40,0)-(360,480)
pt: +10 cmd=f5 ---- abr=0 col=000000 (0,0)-(0,0)
pt: +10 cmd=e3 ---- abr=0 col=000000 (0,0)-(0,0)
pt: +10 cmd=e4 ---- abr=0 col=077e7f (639,479)-(0,0)
pt: +10 cmd=e5 ---- abr=0 col=000000 (0,0)-(0,0)
pt: +10 cmd=02 ---- abr=0 col=000000 (0,0)-(640,480)
pt: +10 cmd=01 ---- abr=0 col=000000 (0,0)-(640,480)
pt: +10 cmd=e5 ---- abr=0 col=000000 (0,0)-(0,0)
pt: +10 cmd=e3 ---- abr=0 col=000000 (0,0)-(0,0)
pt: +10 cmd=e4 ---- abr=0 col=077e7f (639,479)-(0,0)
pt: +10 cmd=66 ST-- abr=1 col=3c3c3c (384,144)-(608,336)
pt: +10 cmd=66 ST-- abr=1 col=1b1b1b (384,144)-(608,336)
pt: +10 cmd=3a S-QG abr=2 col=000000 (40,400)-(360,480)
pt: +10 cmd=3a S-QG abr=2 col=ffffff (40,0)-(360,80)
pt: +10 cmd=2a S-Q- abr=2 col=4f4f4f (40,0)-(360,480)
pt: +11 cmd=f5 ---- abr=0 col=000000 (0,0)-(0,0)
pt: +11 cmd=e3 ---- abr=0 col=000000 (0,0)-(0,0)
pt: +11 cmd=e4 ---- abr=0 col=077e7f (639,479)-(0,0)
pt: +11 cmd=e5 ---- abr=0 col=000000 (0,0)-(0,0)
pt: +11 cmd=02 ---- abr=0 col=000000 (0,0)-(640,480)
pt: +11 cmd=01 ---- abr=0 col=000000 (0,0)-(640,480)
pt: +11 cmd=e5 ---- abr=0 col=000000 (0,0)-(0,0)
pt: +11 cmd=e3 ---- abr=0 col=000000 (0,0)-(0,0)
pt: +11 cmd=e4 ---- abr=0 col=077e7f (639,479)-(0,0)
pt: +11 cmd=66 ST-- abr=1 col=3f3f3f (384,144)-(608,336)
pt: +11 cmd=66 ST-- abr=1 col=212121 (384,144)-(608,336)
pt: +11 cmd=3a S-QG abr=2 col=000000 (40,400)-(360,480)
pt: +11 cmd=3a S-QG abr=2 col=ffffff (40,0)-(360,80)
pt: +11 cmd=2a S-Q- abr=2 col=3f3f3f (40,0)-(360,480)
pt: +12 cmd=f5 ---- abr=0 col=000000 (0,0)-(0,0)
pt: +12 cmd=e3 ---- abr=0 col=000000 (0,0)-(0,0)
pt: +12 cmd=e4 ---- abr=0 col=077e7f (639,479)-(0,0)
pt: +12 cmd=e5 ---- abr=0 col=000000 (0,0)-(0,0)
pt: +12 cmd=02 ---- abr=0 col=000000 (0,0)-(640,480)
pt: +12 cmd=01 ---- abr=0 col=000000 (0,0)-(640,480)
pt: +12 cmd=e5 ---- abr=0 col=000000 (0,0)-(0,0)
pt: +12 cmd=e3 ---- abr=0 col=000000 (0,0)-(0,0)
pt: +12 cmd=e4 ---- abr=0 col=077e7f (639,479)-(0,0)
pt: +12 cmd=66 ST-- abr=1 col=414141 (384,144)-(608,336)
pt: +12 cmd=66 ST-- abr=1 col=272727 (384,144)-(608,336)
pt: +12 cmd=3a S-QG abr=2 col=000000 (40,400)-(360,480)
pt: +12 cmd=3a S-QG abr=2 col=ffffff (40,0)-(360,80)
pt: +12 cmd=2a S-Q- abr=2 col=2f2f2f (40,0)-(360,480)
pt: +13 cmd=f5 ---- abr=0 col=000000 (0,0)-(0,0)
pt: +13 cmd=e3 ---- abr=0 col=000000 (0,0)-(0,0)
pt: +13 cmd=e4 ---- abr=0 col=077e7f (639,479)-(0,0)
pt: +13 cmd=e5 ---- abr=0 col=000000 (0,0)-(0,0)
pt: +13 cmd=02 ---- abr=0 col=000000 (0,0)-(640,480)
pt: +13 cmd=01 ---- abr=0 col=000000 (0,0)-(640,480)
pt: +13 cmd=e5 ---- abr=0 col=000000 (0,0)-(0,0)
pt: +13 cmd=e3 ---- abr=0 col=000000 (0,0)-(0,0)
pt: +13 cmd=e4 ---- abr=0 col=077e7f (639,479)-(0,0)
pt: +13 cmd=66 ST-- abr=1 col=424242 (384,144)-(608,336)
pt: +13 cmd=66 ST-- abr=1 col=2d2d2d (384,144)-(608,336)
pt: +13 cmd=3a S-QG abr=2 col=000000 (40,400)-(360,480)
pt: +13 cmd=3a S-QG abr=2 col=ffffff (40,0)-(360,80)
pt: +13 cmd=2a S-Q- abr=2 col=1f1f1f (40,0)-(360,480)
pt: +14 cmd=f5 ---- abr=0 col=000000 (0,0)-(0,0)
pt: +14 cmd=e3 ---- abr=0 col=000000 (0,0)-(0,0)
pt: +14 cmd=e4 ---- abr=0 col=077e7f (639,479)-(0,0)
pt: +14 cmd=e5 ---- abr=0 col=000000 (0,0)-(0,0)
pt: +14 cmd=02 ---- abr=0 col=000000 (0,0)-(640,480)
pt: +14 cmd=01 ---- abr=0 col=000000 (0,0)-(640,480)
pt: +14 cmd=e5 ---- abr=0 col=000000 (0,0)-(0,0)
pt: +14 cmd=e3 ---- abr=0 col=000000 (0,0)-(0,0)
pt: +14 cmd=e4 ---- abr=0 col=077e7f (639,479)-(0,0)
pt: +14 cmd=66 ST-- abr=1 col=434343 (384,144)-(608,336)
pt: +14 cmd=66 ST-- abr=1 col=343434 (384,144)-(608,336)
pt: +14 cmd=3a S-QG abr=2 col=000000 (40,400)-(360,480)
pt: +14 cmd=3a S-QG abr=2 col=ffffff (40,0)-(360,80)
pt: +14 cmd=2a S-Q- abr=2 col=0f0f0f (40,0)-(360,480)
pt: +15 cmd=f5 ---- abr=0 col=000000 (0,0)-(0,0)
pt: +15 cmd=e3 ---- abr=0 col=000000 (0,0)-(0,0)
pt: +15 cmd=e4 ---- abr=0 col=077e7f (639,479)-(0,0)
pt: +15 cmd=e5 ---- abr=0 col=000000 (0,0)-(0,0)
pt: +15 cmd=02 ---- abr=0 col=000000 (0,0)-(640,480)
pt: +15 cmd=01 ---- abr=0 col=000000 (0,0)-(640,480)
pt: +15 cmd=e5 ---- abr=0 col=000000 (0,0)-(0,0)
pt: +15 cmd=e3 ---- abr=0 col=000000 (0,0)-(0,0)
pt: +15 cmd=e4 ---- abr=0 col=077e7f (639,479)-(0,0)
pt: +15 cmd=66 ST-- abr=1 col=444444 (384,144)-(608,336)
pt: +15 cmd=66 ST-- abr=1 col=3c3c3c (384,144)-(608,336)
pt: +15 cmd=3a S-QG abr=2 col=000000 (40,400)-(360,480)
pt: +15 cmd=3a S-QG abr=2 col=ffffff (40,0)-(360,80)
ogxeq: n=331301 mism=950 hole=0
ogxeqr: tex=1 mode=0 page=0 clut=0000 nv=4 psx_uv=(0,0) gx_xy=(128,120) exp=0000 got=8000
ogxeqr: tex=1 mode=0 page=0 clut=0000 nv=4 psx_uv=(0,0) gx_xy=(32,120) exp=0000 got=8000
ogxeqr: tex=1 mode=0 page=0 clut=0000 nv=4 psx_uv=(0,0) gx_xy=(32,120) exp=0000 got=8000
ogxeqr: tex=1 mode=0 page=0 clut=0000 nv=4 psx_uv=(0,0) gx_xy=(32,120) exp=0000 got=9488
ogxdraw: ft=333945 gt=0 uni_ft=2590 uni_gt=0 vram_wr=39348 inval=1
ogxud: gt=0 nv=4 mode=0 page=0 clut=0000 tex=1 256x240 semi=2 texel=8000 uv1024=(0,0)(1024,0)(1024,1024)(0,1024)
ogxud: gt=0 nv=4 mode=0 page=0 clut=0000 tex=1 64x240 semi=2 texel=8000 uv1024=(0,0)(1024,0)(1024,1024)(0,1024)
ogxud: gt=0 nv=4 mode=0 page=0 clut=0000 tex=1 256x240 semi=2 texel=8000 uv1024=(0,0)(1024,0)(1024,1024)(0,1024)
ogxud: gt=0 nv=4 mode=0 page=0 clut=0000 tex=1 64x240 semi=2 texel=8000 uv1024=(0,0)(1024,0)(1024,1024)(0,1024)
ogxud: gt=0 nv=4 mode=0 page=0 clut=0000 tex=1 256x240 semi=2 texel=8000 uv1024=(0,0)(1024,0)(1024,1024)(0,1024)
ogxud: gt=0 nv=4 mode=0 page=0 clut=0000 tex=1 64x240 semi=2 texel=8000 uv1024=(0,0)(1024,0)(1024,1024)(0,1024)
ogxud: gt=0 nv=4 mode=0 page=0 clut=0000 tex=1 256x240 semi=2 texel=8000 uv1024=(0,0)(1024,0)(1024,1024)(0,1024)
ogxud: gt=0 nv=4 mode=0 page=0 clut=0000 tex=1 64x240 semi=2 texel=8000 uv1024=(0,0)(1024,0)(1024,1024)(0,1024)
cd: reads=7343 bytes=17270736 seq=7328 rand=15 worst_us=9111 total_us=236108
chd: hit=0 miss=0 err=0 chd_us=0
xa: sectors=842 starts=3 fed=1978032 trunc=0 fill_min=0 fill_max=60 freq=37800 stereo=1 dt_min=1801314 dt_max=1812110 filtered=2806
xamix: mix=32948 hold=3 gaps=1 gap_calls=1421 gap_samples=88260 | spu: ns=2428320 pulls=0 busy=624 desync=0 aev=3072 | out: dry=108628 drop=0
rate: ppm=-5000 i=-988 min=-5000 max=71 occ_min=0 occ_max=6607 occ_avg=3512 updates=5387 sat=730 changes=0 prefill=9216 | limit: debt_max=1250 debt_drops=363
menu: frames=0 menu_us=0 strings=73800 glyphs=382022 texloads=382022
