--- perf frames=1285 ---
fixes: dwActFixes=00000000 cdrom=SCUS94163
cpu: slices=267355 int=0 cpu_us=50821640 jit_full=0 jit_part=3502 interp_fb=0 hle=69102 exc=6
wall: wall_us=50862071 vblanks=2400 pal=0 nested=54560
inside: limit_us=22343201 limit=1824 target=1666 spu_us=1187947 spu=29400 out_us=399337 out=29400 hw_us=8316435 hw=7659993 hw_gpu_us=8064462 hw_gpu=5209217
slicecost: sched_us=32999973 jit_us=17144402 post_us=677264 exit_norm=196413 exit_irq=1834
softcall: runs=54242 steps=10 escapes=0 run_escapes=0 hle_exits=6198
nested: n=54560 sched_us=346580 jit_us=132633
slice: cycles=4810858936 avg=17994 tiny=1232
irq: cdr=70 cdread=478 gpudma=135987 spudma=2 mdecindma=2 gpuotcdma=985 cdrdma=924 newdrc=4 rcnt=60359
ram: mem1_free_kb=5707 mem2=14888/24575KB peak=14888KB fails=0 null_read=0 heap_ok=1
gpu: tex_hit=1043 miss=3951 resets=4137 loads=0 bytes=0 batches=0
gpu: drawdone=4137 drawdone_us=13246 convert_us=0 present_us=118720
texk: conv_us=781317 conv=819 texels=16663616 tile_us=632215 tile=819 mdec_us=0 mdec=0
ogx: gc=0 sub_new=819 sub_hit=1963 skip=3888 unaligned=0 oob=0
ogxskip: b1=2782 b2=0 op_empty=1106 op_semi=0
ogxupl: semi=819 opaque=3318 mismatch=0
ogxgeom: coord_rej=0
efbloss: upl_calls=554 upl_done=553 | pres: total=1285 clear=2 inflight_skip=0
uplret: dis=1 skip=0 rgb24=0 px1=0
uplst0: 0 0 0 0 0 0 0 1 2 0 0 0 640 480 0 0 0 0 640 479 135 1
uplst1: 1 0 0 0 0 0 0 1 2 0 0 0 640 480 0 0 0 1 640 480 688 1
offsoft: prims=273 rejected=638 | pad: startpoll=3048 update=3048 ai_calls=1524
sio: write8=0 start=0 ctrl16=0 read8=0 irq=0 padtype0=1
ogxoff: prims=0 tex=0 off_roi=0 fills=0 fills_off=0 va=0 va_roi=0
autoinput: vblank=876 mask=0000 at_present=555
ogxeq: n=0 mism=0 hole=0
ogxdraw: ft=0 gt=0 uni_ft=0 uni_gt=0 vram_wr=133993 inval=807
cd: reads=462 bytes=1086624 seq=452 rand=10 worst_us=10338 total_us=43481
cdpf: hit=0 miss=0 reads=0
chd: hit=0 miss=0 err=0 chd_us=0
xa: sectors=0 starts=0 fed=0 trunc=0 fill_min=0 fill_max=0 freq=0 stereo=0 dt_min=0 dt_max=0 filtered=0
xamix: mix=0 hold=0 gaps=0 gap_calls=0 gap_samples=0 | spu: ns=1764000 pulls=0 busy=295 desync=0 aev=2134 | out: dry=511742 drop=0
rate: ppm=-2526 i=-1052 min=-4814 max=156 occ_min=0 occ_max=6512 occ_avg=2078 updates=4754 sat=0 changes=0 prefill=6144 | limit: debt_max=1250 debt_drops=562
save: states=0 save_us=0 loads=0 load_us=0 bytes=0 fails=0 mcd=0 mcd_us=0 mcd_fails=0
bios: calls=5717 custom=0 us=653368 exc=57206 exc_us=633786 | B17:ReturnFromException=2948 A2a:memcpy=2578 B07:DeliverEvent=68 A17:strcmp=50 B0a:WaitEvent=40 A18:strncmp=11 A3f:printf=2 B08:OpenEvent=2 B0c:EnableEvent=2 B3f:puts=2
ports: 0:1/0 1:0/1 2:0/0 3:0/0 4:0/0 5:0/0 6:0/0 7:0/0 8:0/0 9:0/0 | avail G=1000 C=0000 N=0000 W=0000 P=0000 D=0000 H=0000
carry: fc=0 rc0=0/0/0/0 rc1=0/0/0/0 rc2=0/0/0/0 spu=0/0/0000/000000/00000000 sio=0005/0000/0/0 pad1=0/- gc=1 av=0 | rcntfire=20671,17,13740,29400
gpusplit: parse_us=93293 vram_us=5201028 vram_words=42639115 off_us=5679 off=145771 prim_us=1918231 prims=145498
gpuregs: gp1_us=173686 gp1=271027 read_us=36 reads=10
gpuflip: will_us=230 done_us=23735 present_us=117233 presents=734
gpupres: upload_us=9647407 uploads=554 prep_us=0 capture_us=58 vout_us=349
gpuprim: misc=67407/732 poly=798643/2782 rect=1545/257 cv=1027637/132986 state=22997/8741
gpudeep: fill_gx_us=1793 fill_sw_us=64845 fill_mark_us=19 vramfin_us=2369504 vramfin=135995
gpudraw: ogx_us=14354 draws=7089 common_us=709 state_us=10296 states=9871 tex_us=788778 mode_us=10410366
gxcache: sets=0 skips=0
spustage: chans=41079 adpcm_us=265272 adsr_us=69439 mix_us=113968 rvb_us=207071
lc: mask=0 | stores=0 store_kb=0 loads=0 load_kb=0 wait_us=0
menu: frames=0 menu_us=0 strings=30012 glyphs=75016 texloads=75016
=== chain 1/4 end vblanks=2400 rom=Final Fantasy VII [U] [Disc 1] [SLUS-94163].cue ===
--- perf frames=896 ---
fixes: dwActFixes=00000000 cdrom=SCUS94227
cpu: slices=265634 int=0 cpu_us=40274733 jit_full=0 jit_part=7392 interp_fb=0 hle=153364 exc=39
wall: wall_us=40308696 vblanks=2400 pal=0 nested=120101
inside: limit_us=20217895 limit=2287 target=1666 spu_us=642641 spu=29400 out_us=398497 out=29400 hw_us=7367828 hw=9423022 hw_gpu_us=3997596 hw_gpu=3282766
slicecost: sched_us=22812635 jit_us=16543622 post_us=918475 exit_norm=95264 exit_irq=16967
softcall: runs=109508 steps=13 escapes=0 run_escapes=0 hle_exits=41
nested: n=120101 sched_us=49619 jit_us=502914
slice: cycles=746067073912 avg=2808627 tiny=643
irq: sio=8204 cdr=133 cdread=5099 gpudma=10818 mdecoutdma=9405 mdecindma=4 gpuotcdma=423 cdrdma=7392 newdrc=35 rcnt=53462
ram: mem1_free_kb=5519 mem2=7222/24575KB peak=7222KB fails=0 null_read=0 heap_ok=1
gpu: tex_hit=78508 miss=2026 resets=981 loads=0 bytes=0 batches=0
gpu: drawdone=981 drawdone_us=3161 convert_us=0 present_us=176226
texk: conv_us=9328 conv=31 texels=146459 tile_us=6685 tile=31 mdec_us=2655491 mdec=9405
ogx: gc=0 sub_new=31 sub_hit=79972 skip=1257 unaligned=0 oob=0
ogxskip: b1=838 b2=419 op_empty=0 op_semi=0
ogxupl: semi=2 opaque=29 mismatch=0
ogxgeom: coord_rej=0
efbloss: upl_calls=936 upl_done=471 | pres: total=896 clear=896 inflight_skip=0
uplret: dis=13 skip=0 rgb24=452 px1=0
uplst0: 0 0 0 1 0 0 0 0 0 0 0 2 320 241 0 240 0 2 320 241 72 0
uplst1: 1 0 0 1 0 1 472 1 2 0 0 0 640 480 0 0 0 0 640 480 1969 1
offsoft: prims=5679 rejected=75255 | pad: startpoll=2051 update=2051 ai_calls=2051
sio: write8=10963 start=2051 ctrl16=21999 read8=13722 irq=8204 padtype0=1
ogxoff: prims=0 tex=0 off_roi=0 fills=0 fills_off=0 va=0 va_roi=0
autoinput: vblank=0 mask=0000 at_present=0
ogxeq: n=0 mism=0 hole=0
ogxdraw: ft=0 gt=0 uni_ft=0 uni_gt=0 vram_wr=16116 inval=0
cd: reads=5082 bytes=11952864 seq=5067 rand=15 worst_us=18036 total_us=236328
cdpf: hit=0 miss=0 reads=0
chd: hit=0 miss=0 err=0 chd_us=0
xa: sectors=560 starts=3 fed=0 trunc=0 fill_min=0 fill_max=60 freq=37800 stereo=1 dt_min=1801284 dt_max=1812156 filtered=827
xamix: mix=21870 hold=3 gaps=1 gap_calls=1434 gap_samples=88260 | spu: ns=1764000 pulls=0 busy=244 desync=0 aev=2634 | out: dry=3805 drop=0
rate: ppm=-3311 i=-527 min=-5000 max=7 occ_min=0 occ_max=6335 occ_avg=4402 updates=3759 sat=3 changes=0 prefill=9216 | limit: debt_max=1250 debt_drops=19
save: states=0 save_us=0 loads=0 load_us=0 bytes=0 fails=0 mcd=0 mcd_us=0 mcd_fails=0
bios: calls=28983 custom=0 us=874561 exc=107597 exc_us=794653 | B17:ReturnFromException=14825 B0b:TestEvent=13740 B0a:WaitEvent=207 B07:DeliverEvent=138 B5b:ChangeClearPAD=13 C0a:ChangeClearRCnt=13 B35:write=12 A44:FlushCache=6 A49:GPU_cw=3 A72:CdRemove=3
mdec: blocks=104768 dconly=117632 rl_us=1028707 yuv_us=1467726
ports: 0:1/0 1:0/1 2:0/0 3:0/0 4:0/0 5:0/0 6:0/0 7:0/0 8:0/0 9:0/0 | avail G=1000 C=0000 N=0000 W=0000 P=0000 D=0000 H=0000
carry: fc=0 rc0=1400/0/0/0 rc1=1507/0/0/0 rc2=e58/43d1/1/1 spu=1354752000/0/c081/007c00/80000080 sio=0005/0000/0/0 pad1=1/G gc=1 av=1 | rcntfire=20671,8,20671,29400
gpusplit: parse_us=33988 vram_us=1414067 vram_words=20107709 off_us=22467 off=105753 prim_us=361096 prims=100074
gpuregs: gp1_us=1657777 gp1=22668 read_us=1 reads=25
gpuflip: will_us=79 done_us=14930 present_us=1633052 presents=470
gpupres: upload_us=1565844 uploads=936 prep_us=3664 capture_us=40 vout_us=251
gpuprim: misc=1457/428 poly=6196/1275 rect=277051/80057 vv=397/422 cv=55788/9496 state=20203/8396
gpudeep: fill_gx_us=1026 fill_sw_us=21 fill_mark_us=0 vramfin_us=36045 vramfin=10826
gpudraw: ogx_us=137502 draws=82708 common_us=3236 state_us=105284 states=83546 tex_us=79079 mode_us=1635557
gxcache: sets=0 skips=0
gte: calls=8 us=1 | GPF=8
spustage: chans=48 adpcm_us=806 adsr_us=43 mix_us=72 rvb_us=11330
lc: mask=0 | stores=0 store_kb=0 loads=0 load_kb=0 wait_us=0
menu: frames=0 menu_us=0 strings=36736 glyphs=116051 texloads=116051
=== chain 2/4 end vblanks=2400 rom=Medievil [U] [SCUS-94227].cue ===
--- perf frames=1285 ---
fixes: dwActFixes=00000000 cdrom=SCUS94163
cpu: slices=267355 int=0 cpu_us=50821233 jit_full=0 jit_part=3502 interp_fb=0 hle=69102 exc=6
wall: wall_us=50861598 vblanks=2400 pal=0 nested=54560
inside: limit_us=22351344 limit=1824 target=1666 spu_us=1186673 spu=29400 out_us=398560 out=29400 hw_us=8314301 hw=7659993 hw_gpu_us=8062574 hw_gpu=5209217
slicecost: sched_us=33007845 jit_us=17136690 post_us=676697 exit_norm=196413 exit_irq=1834
softcall: runs=54242 steps=10 escapes=0 run_escapes=0 hle_exits=6198
nested: n=54560 sched_us=346693 jit_us=132237
slice: cycles=4810858936 avg=17994 tiny=1232
irq: cdr=70 cdread=478 gpudma=135987 spudma=2 mdecindma=2 gpuotcdma=985 cdrdma=924 newdrc=4 rcnt=60359
ram: mem1_free_kb=5519 mem2=14888/24575KB peak=14888KB fails=0 null_read=0 heap_ok=1
gpu: tex_hit=1043 miss=3951 resets=4137 loads=0 bytes=0 batches=0
gpu: drawdone=4137 drawdone_us=13295 convert_us=0 present_us=118208
texk: conv_us=780387 conv=819 texels=16663616 tile_us=631476 tile=819 mdec_us=0 mdec=0
ogx: gc=0 sub_new=819 sub_hit=1963 skip=3888 unaligned=0 oob=0
ogxskip: b1=2782 b2=0 op_empty=1106 op_semi=0
ogxupl: semi=819 opaque=3318 mismatch=0
ogxgeom: coord_rej=0
efbloss: upl_calls=554 upl_done=553 | pres: total=1285 clear=2 inflight_skip=0
uplret: dis=1 skip=0 rgb24=0 px1=0
uplst0: 0 0 0 0 0 0 0 1 2 0 0 0 640 480 0 0 0 0 640 479 135 1
uplst1: 1 0 0 0 0 0 0 1 2 0 0 0 640 480 0 0 0 1 640 480 688 1
offsoft: prims=273 rejected=638 | pad: startpoll=3048 update=3048 ai_calls=1524
sio: write8=0 start=0 ctrl16=0 read8=0 irq=0 padtype0=1
ogxoff: prims=0 tex=0 off_roi=0 fills=0 fills_off=0 va=0 va_roi=0
autoinput: vblank=876 mask=0000 at_present=555
ogxeq: n=0 mism=0 hole=0
ogxdraw: ft=0 gt=0 uni_ft=0 uni_gt=0 vram_wr=133993 inval=807
cd: reads=462 bytes=1086624 seq=452 rand=10 worst_us=10561 total_us=44327
cdpf: hit=0 miss=0 reads=0
chd: hit=0 miss=0 err=0 chd_us=0
xa: sectors=0 starts=0 fed=0 trunc=0 fill_min=0 fill_max=0 freq=0 stereo=0 dt_min=0 dt_max=0 filtered=0
xamix: mix=0 hold=0 gaps=0 gap_calls=0 gap_samples=0 | spu: ns=1764000 pulls=0 busy=842 desync=0 aev=2134 | out: dry=511329 drop=0
rate: ppm=-2483 i=-903 min=-4799 max=350 occ_min=0 occ_max=6750 occ_avg=2008 updates=4753 sat=0 changes=0 prefill=6656 | limit: debt_max=1250 debt_drops=563
save: states=0 save_us=0 loads=0 load_us=0 bytes=0 fails=0 mcd=0 mcd_us=0 mcd_fails=0
bios: calls=5717 custom=0 us=652873 exc=57206 exc_us=633306 | B17:ReturnFromException=2948 A2a:memcpy=2578 B07:DeliverEvent=68 A17:strcmp=50 B0a:WaitEvent=40 A18:strncmp=11 A3f:printf=2 B08:OpenEvent=2 B0c:EnableEvent=2 B3f:puts=2
ports: 0:1/0 1:0/1 2:0/0 3:0/0 4:0/0 5:0/0 6:0/0 7:0/0 8:0/0 9:0/0 | avail G=1000 C=0000 N=0000 W=0000 P=0000 D=0000 H=0000
carry: fc=0 rc0=1400/0/0/0 rc1=1500/0/0/0 rc2=400/0/0/0 spu=1354752000/3/c005/000000/33000033 sio=0005/0000/0/0 pad1=1/G gc=1 av=1 | rcntfire=20671,17,13740,29400
gpusplit: parse_us=93357 vram_us=5201211 vram_words=42639115 off_us=5690 off=145771 prim_us=1917046 prims=145498
gpuregs: gp1_us=172792 gp1=271027 read_us=0 reads=10
gpuflip: will_us=230 done_us=23211 present_us=116708 presents=734
gpupres: upload_us=9647506 uploads=554 prep_us=0 capture_us=57 vout_us=347
gpuprim: misc=67314/732 poly=797696/2782 rect=1536/257 cv=1027597/132986 state=22900/8741
gpudeep: fill_gx_us=1760 fill_sw_us=64799 fill_mark_us=20 vramfin_us=2369573 vramfin=135995
gpudraw: ogx_us=14307 draws=7089 common_us=709 state_us=10261 states=9871 tex_us=787844 mode_us=10409501
gxcache: sets=0 skips=0
spustage: chans=41079 adpcm_us=265112 adsr_us=69512 mix_us=113798 rvb_us=207056
lc: mask=0 | stores=0 store_kb=0 loads=0 load_kb=0 wait_us=0
menu: frames=0 menu_us=0 strings=30012 glyphs=75417 texloads=75417
=== chain 3/4 end vblanks=2400 rom=Final Fantasy VII [U] [Disc 1] [SLUS-94163].cue ===
--- perf frames=1285 ---
fixes: dwActFixes=00000000 cdrom=SCUS94163
cpu: slices=267355 int=0 cpu_us=50797409 jit_full=0 jit_part=3502 interp_fb=0 hle=69102 exc=6
wall: wall_us=50837732 vblanks=2400 pal=0 nested=54560
inside: limit_us=22354147 limit=1825 target=1666 spu_us=1185604 spu=29400 out_us=398448 out=29400 hw_us=8305938 hw=7659993 hw_gpu_us=8054386 hw_gpu=5209217
slicecost: sched_us=32996482 jit_us=17124099 post_us=676827 exit_norm=196413 exit_irq=1834
softcall: runs=54242 steps=10 escapes=0 run_escapes=0 hle_exits=6198
nested: n=54560 sched_us=346714 jit_us=132379
slice: cycles=4810858936 avg=17994 tiny=1232
irq: cdr=70 cdread=478 gpudma=135987 spudma=2 mdecindma=2 gpuotcdma=985 cdrdma=924 newdrc=4 rcnt=60359
ram: mem1_free_kb=5703 mem2=14888/24575KB peak=14888KB fails=0 null_read=0 heap_ok=1
gpu: tex_hit=1043 miss=3951 resets=4137 loads=0 bytes=0 batches=0
gpu: drawdone=4137 drawdone_us=13269 convert_us=0 present_us=118448
texk: conv_us=780387 conv=819 texels=16663616 tile_us=631503 tile=819 mdec_us=0 mdec=0
ogx: gc=0 sub_new=819 sub_hit=1963 skip=3888 unaligned=0 oob=0
ogxskip: b1=2782 b2=0 op_empty=1106 op_semi=0
ogxupl: semi=819 opaque=3318 mismatch=0
ogxgeom: coord_rej=0
efbloss: upl_calls=554 upl_done=553 | pres: total=1285 clear=2 inflight_skip=0
uplret: dis=1 skip=0 rgb24=0 px1=0
uplst0: 0 0 0 0 0 0 0 1 2 0 0 0 640 480 0 0 0 0 640 479 135 1
uplst1: 1 0 0 0 0 0 0 1 2 0 0 0 640 480 0 0 0 1 640 480 688 1
offsoft: prims=273 rejected=638 | pad: startpoll=3048 update=3048 ai_calls=1524
sio: write8=0 start=0 ctrl16=0 read8=0 irq=0 padtype0=1
ogxoff: prims=0 tex=0 off_roi=0 fills=0 fills_off=0 va=0 va_roi=0
autoinput: vblank=876 mask=0000 at_present=555
ogxeq: n=0 mism=0 hole=0
ogxdraw: ft=0 gt=0 uni_ft=0 uni_gt=0 vram_wr=133993 inval=807
cd: reads=462 bytes=1086624 seq=452 rand=10 worst_us=10225 total_us=42937
cdpf: hit=0 miss=0 reads=0
chd: hit=0 miss=0 err=0 chd_us=0
xa: sectors=0 starts=0 fed=0 trunc=0 fill_min=0 fill_max=0 freq=0 stereo=0 dt_min=0 dt_max=0 filtered=0
xamix: mix=0 hold=0 gaps=0 gap_calls=0 gap_samples=0 | spu: ns=1764000 pulls=0 busy=867 desync=0 aev=2134 | out: dry=510303 drop=0
rate: ppm=-2473 i=-1002 min=-4798 max=359 occ_min=0 occ_max=6755 occ_avg=2064 updates=4751 sat=0 changes=0 prefill=6656 | limit: debt_max=1250 debt_drops=563
save: states=0 save_us=0 loads=0 load_us=0 bytes=0 fails=0 mcd=0 mcd_us=0 mcd_fails=0
bios: calls=5717 custom=0 us=652893 exc=57206 exc_us=633409 | B17:ReturnFromException=2948 A2a:memcpy=2578 B07:DeliverEvent=68 A17:strcmp=50 B0a:WaitEvent=40 A18:strncmp=11 A3f:printf=2 B08:OpenEvent=2 B0c:EnableEvent=2 B3f:puts=2
ports: 0:1/0 1:0/1 2:0/0 3:0/0 4:0/0 5:0/0 6:0/0 7:0/0 8:0/0 9:0/0 | avail G=1000 C=0000 N=0000 W=0000 P=0000 D=0000 H=0000
carry: fc=0 rc0=1400/0/0/0 rc1=1507/0/0/0 rc2=e58/43d1/1/1 spu=1354752000/0/c081/007c00/80000080 sio=0005/0000/0/0 pad1=1/G gc=1 av=1 | rcntfire=20671,17,13740,29400
gpusplit: parse_us=93172 vram_us=5194900 vram_words=42639115 off_us=5707 off=145771 prim_us=1916046 prims=145498
gpuregs: gp1_us=172755 gp1=271027 read_us=0 reads=10
gpuflip: will_us=232 done_us=23214 present_us=116926 presents=734
gpupres: upload_us=9636044 uploads=554 prep_us=0 capture_us=57 vout_us=348
gpuprim: misc=67682/732 poly=797782/2782 rect=1538/257 cv=1026213/132986 state=22829/8741
gpudeep: fill_gx_us=1766 fill_sw_us=65159 fill_mark_us=19 vramfin_us=2366576 vramfin=135995
gpudraw: ogx_us=14342 draws=7089 common_us=710 state_us=10273 states=9871 tex_us=787880 mode_us=10398125
gxcache: sets=0 skips=0
spustage: chans=41079 adpcm_us=264748 adsr_us=69481 mix_us=113664 rvb_us=207001
lc: mask=0 | stores=0 store_kb=0 loads=0 load_kb=0 wait_us=0
menu: frames=0 menu_us=0 strings=30012 glyphs=75421 texloads=75421
=== chain 4/4 end vblanks=2400 rom=Final Fantasy VII [U] [Disc 1] [SLUS-94163].cue ===
