--- perf frames=1285 ---
fixes: dwActFixes=00000000 cdrom=SCUS94163
cpu: slices=267355 int=0 cpu_us=50822194 jit_full=0 jit_part=3502 interp_fb=0 hle=69102 exc=6
wall: wall_us=50862492 vblanks=2400 pal=0 nested=54560
inside: limit_us=22350590 limit=1824 target=1666 spu_us=1189101 spu=29400 out_us=401034 out=29400 hw_us=8314515 hw=7659993 hw_gpu_us=8062677 hw_gpu=5209217
slicecost: sched_us=33009406 jit_us=17145254 post_us=667532 exit_norm=196413 exit_irq=1834
softcall: runs=54242 steps=10 escapes=0 run_escapes=0 hle_exits=6198
nested: n=54560 sched_us=346729 jit_us=132595
slice: cycles=4810858936 avg=17994 tiny=1232
irq: cdr=70 cdread=478 gpudma=135987 spudma=2 mdecindma=2 gpuotcdma=985 cdrdma=924 newdrc=4 rcnt=60359
ram: mem1_free_kb=5707 mem2=14888/24575KB peak=14888KB fails=0 null_read=0 heap_ok=1
gpu: tex_hit=1043 miss=3951 resets=4137 loads=0 bytes=0 batches=0
gpu: drawdone=4137 drawdone_us=13227 convert_us=0 present_us=117456
texk: conv_us=781491 conv=819 texels=16663616 tile_us=632482 tile=819 mdec_us=0 mdec=0
ogx: gc=0 sub_new=819 sub_hit=1963 skip=3888 unaligned=0 oob=0
ogxskip: b1=2782 b2=0 op_empty=1106 op_semi=0
ogxupl: semi=819 opaque=3318 mismatch=0
ogxgeom: coord_rej=0
efbloss: upl_calls=554 upl_done=553 | pres: total=1285 clear=2 inflight_skip=0
uplret: dis=1 skip=0 rgb24=0 px1=0
uplst0: 0 0 0 0 0 0 0 1 2 0 0 0 640 480 0 0 0 0 640 479 135 1
uplst1: 1 0 0 0 0 0 0 1 2 0 0 0 640 480 0 0 0 1 640 480 688 1
offsoft: prims=273 rejected=638 | pad: startpoll=3048 update=3048 ai_calls=1524
sio: write8=0 start=0 ctrl16=0 read8=0 irq=0 padtype0=1
ogxoff: prims=0 tex=0 off_roi=0 fills=0 fills_off=0 va=0 va_roi=0
autoinput: vblank=876 mask=0000 at_present=555
ogxeq: n=0 mism=0 hole=0
ogxdraw: ft=0 gt=0 uni_ft=0 uni_gt=0 vram_wr=133993 inval=807
cd: reads=462 bytes=1086624 seq=452 rand=10 worst_us=10820 total_us=44685
cdpf: hit=0 miss=0 reads=0
chd: hit=0 miss=0 err=0 chd_us=0
xa: sectors=0 starts=0 fed=0 trunc=0 fill_min=0 fill_max=0 freq=0 stereo=0 dt_min=0 dt_max=0 filtered=0
xamix: mix=0 hold=0 gaps=0 gap_calls=0 gap_samples=0 | spu: ns=1764000 pulls=0 busy=316 desync=0 aev=2134 | out: dry=511743 drop=0
rate: ppm=-2522 i=-1045 min=-4811 max=164 occ_min=0 occ_max=6526 occ_avg=2073 updates=4754 sat=0 changes=0 prefill=6656 | limit: debt_max=1250 debt_drops=562
save: states=0 save_us=0 loads=0 load_us=0 bytes=0 fails=0 mcd=0 mcd_us=0 mcd_fails=0
bios: calls=5717 custom=0 us=643258 exc=57206 exc_us=624679 | B17:ReturnFromException=2948 A2a:memcpy=2578 B07:DeliverEvent=68 A17:strcmp=50 B0a:WaitEvent=40 A18:strncmp=11 A3f:printf=2 B08:OpenEvent=2 B0c:EnableEvent=2 B3f:puts=2
ports: 0:1/0 1:0/1 2:0/0 3:0/0 4:0/0 5:0/0 6:0/0 7:0/0 8:0/0 9:0/0 | avail G=0000 C=0000 N=0000 W=0000 P=0000 D=0000 H=0000
carry: fc=0 rc0=0/0/0/0 rc1=0/0/0/0 rc2=0/0/0/0 spu=0/0/0000/000000/00000000 sio=0005/0000/0/0 pad1=0/- gc=1 av=0 | rcntfire=20671,17,13740,29400
gpusplit: parse_us=93338 vram_us=5201007 vram_words=42639115 off_us=5675 off=145771 prim_us=1917920 prims=145498
gpuregs: gp1_us=171907 gp1=271027 read_us=36 reads=10
gpuflip: will_us=232 done_us=23221 present_us=116009 presents=734
gpupres: upload_us=9647360 uploads=554 prep_us=0 capture_us=57 vout_us=352
gpuprim: misc=67391/732 poly=798811/2782 rect=1547/257 cv=1027340/132986 state=22829/8741
gpudeep: fill_gx_us=1766 fill_sw_us=64870 fill_mark_us=19 vramfin_us=2369504 vramfin=135995
gpudraw: ogx_us=14337 draws=7089 common_us=708 state_us=10287 states=9871 tex_us=788944 mode_us=10410436
gxcache: sets=0 skips=0
spustage: chans=41079 adpcm_us=265026 adsr_us=69506 mix_us=113881 rvb_us=207387
lc: mask=0 | stores=0 store_kb=0 loads=0 load_kb=0 wait_us=0
menu: frames=0 menu_us=0 strings=30012 glyphs=75016 texloads=75016
=== chain 1/4 end vblanks=2400 rom=Final Fantasy VII [U] [Disc 1] [SLUS-94163].cue ===
--- perf frames=896 ---
fixes: dwActFixes=00000000 cdrom=SCUS94227
cpu: slices=284058 int=0 cpu_us=40273050 jit_full=0 jit_part=7392 interp_fb=0 hle=153384 exc=39
wall: wall_us=40309072 vblanks=2400 pal=0 nested=120289
inside: limit_us=20199717 limit=2284 target=1666 spu_us=645041 spu=29400 out_us=400988 out=29400 hw_us=7368791 hw=9418366 hw_gpu_us=4001168 hw_gpu=3285780
slicecost: sched_us=22808083 jit_us=16551563 post_us=913402 exit_norm=112594 exit_irq=18041
softcall: runs=109522 steps=13 escapes=0 run_escapes=0 hle_exits=41
nested: n=120289 sched_us=49232 jit_us=496725
slice: cycles=745463875469 avg=2624336 tiny=869
irq: sio=8160 cdr=133 cdread=5099 gpudma=10818 mdecoutdma=9405 mdecindma=4 gpuotcdma=423 cdrdma=7392 newdrc=35 rcnt=73536
ram: mem1_free_kb=5519 mem2=7222/24575KB peak=7222KB fails=0 null_read=0 heap_ok=1
gpu: tex_hit=78508 miss=2026 resets=981 loads=0 bytes=0 batches=0
gpu: drawdone=981 drawdone_us=3143 convert_us=0 present_us=176773
texk: conv_us=9325 conv=31 texels=146459 tile_us=6689 tile=31 mdec_us=2653473 mdec=9405
ogx: gc=0 sub_new=31 sub_hit=79972 skip=1257 unaligned=0 oob=0
ogxskip: b1=838 b2=419 op_empty=0 op_semi=0
ogxupl: semi=2 opaque=29 mismatch=0
ogxgeom: coord_rej=0
efbloss: upl_calls=936 upl_done=471 | pres: total=896 clear=896 inflight_skip=0
uplret: dis=13 skip=0 rgb24=452 px1=0
uplst0: 0 0 0 1 0 0 0 0 0 0 0 2 320 241 0 240 0 2 320 241 72 0
uplst1: 1 0 0 1 0 1 472 1 2 0 0 0 640 480 0 0 0 0 640 480 1969 1
offsoft: prims=5679 rejected=75255 | pad: startpoll=2051 update=2044 ai_calls=2044
sio: write8=10896 start=2051 ctrl16=21932 read8=13655 irq=8160 padtype0=1
ogxoff: prims=0 tex=0 off_roi=0 fills=0 fills_off=0 va=0 va_roi=0
ogxeq: n=0 mism=0 hole=0
ogxdraw: ft=0 gt=0 uni_ft=0 uni_gt=0 vram_wr=16116 inval=0
cd: reads=5082 bytes=11952864 seq=5067 rand=15 worst_us=17742 total_us=236685
cdpf: hit=0 miss=0 reads=0
chd: hit=0 miss=0 err=0 chd_us=0
xa: sectors=560 starts=3 fed=0 trunc=0 fill_min=0 fill_max=60 freq=37800 stereo=1 dt_min=1801286 dt_max=1812141 filtered=827
xamix: mix=21870 hold=3 gaps=1 gap_calls=1433 gap_samples=88260 | spu: ns=1763940 pulls=0 busy=1160 desync=1 aev=2634 | out: dry=3854 drop=0
rate: ppm=-3141 i=-261 min=-4737 max=279 occ_min=0 occ_max=7054 occ_avg=4625 updates=3758 sat=0 changes=0 prefill=9728 | limit: debt_max=1250 debt_drops=20
save: states=0 save_us=0 loads=0 load_us=0 bytes=0 fails=0 mcd=0 mcd_us=0 mcd_fails=0
bios: calls=28993 custom=0 us=868397 exc=107611 exc_us=788047 | B17:ReturnFromException=14827 B0b:TestEvent=13740 B0a:WaitEvent=215 B07:DeliverEvent=138 B5b:ChangeClearPAD=13 C0a:ChangeClearRCnt=13 B35:write=12 A44:FlushCache=6 A49:GPU_cw=3 A72:CdRemove=3
mdec: blocks=104768 dconly=117632 rl_us=1027639 yuv_us=1466359
ports: 0:1/0 1:0/1 2:0/0 3:0/0 4:0/0 5:0/0 6:0/0 7:0/0 8:0/0 9:0/0 | avail G=1000 C=0000 N=0000 W=0000 P=0000 D=0000 H=0000
carry: fc=0 rc0=1400/0/0/0 rc1=1507/0/0/0 rc2=e58/43d1/1/1 spu=1354752000/0/c081/007c00/80000080 sio=0005/0000/0/0 pad1=1/G gc=1 av=1 | rcntfire=20671,8,41289,29400
gpusplit: parse_us=34072 vram_us=1415868 vram_words=20107709 off_us=22492 off=105753 prim_us=361548 prims=100074
gpuregs: gp1_us=1658905 gp1=22668 read_us=1 reads=25
gpuflip: will_us=79 done_us=15797 present_us=1633305 presents=470
gpupres: upload_us=1565571 uploads=936 prep_us=3641 capture_us=41 vout_us=253
gpuprim: misc=1458/428 poly=6172/1275 rect=277488/80057 vv=398/422 cv=55830/9496 state=20199/8396
gpudeep: fill_gx_us=1026 fill_sw_us=21 fill_mark_us=0 vramfin_us=36077 vramfin=10826
gpudraw: ogx_us=137721 draws=82708 common_us=3244 state_us=105520 states=83546 tex_us=79121 mode_us=1635311
gxcache: sets=0 skips=0
gte: calls=8 us=1 | GPF=8
spustage: chans=54 adpcm_us=858 adsr_us=40 mix_us=86 rvb_us=11601
lc: mask=0 | stores=0 store_kb=0 loads=0 load_kb=0 wait_us=0
menu: frames=0 menu_us=0 strings=36736 glyphs=116051 texloads=116051
=== chain 2/4 end vblanks=2400 rom=Medievil [U] [SCUS-94227].cue ===
--- perf frames=1285 ---
fixes: dwActFixes=00000000 cdrom=SCUS94163
cpu: slices=274776 int=0 cpu_us=50825691 jit_full=0 jit_part=3502 interp_fb=0 hle=69105 exc=6
wall: wall_us=50867155 vblanks=2400 pal=0 nested=54563
inside: limit_us=22345831 limit=1824 target=1666 spu_us=1189423 spu=29400 out_us=401354 out=29400 hw_us=8314962 hw=7660054 hw_gpu_us=8063045 hw_gpu=5209271
slicecost: sched_us=32981550 jit_us=17139579 post_us=704562 exit_norm=203586 exit_irq=2079
softcall: runs=54242 steps=10 escapes=0 run_escapes=0 hle_exits=6198
nested: n=54563 sched_us=361236 jit_us=132203
slice: cycles=4233507259 avg=15407 tiny=1588
irq: cdr=70 cdread=477 gpudma=135987 spudma=2 mdecindma=2 gpuotcdma=985 cdrdma=924 newdrc=4 rcnt=67870
ram: mem1_free_kb=5519 mem2=14888/24575KB peak=14888KB fails=0 null_read=0 heap_ok=1
gpu: tex_hit=1043 miss=3951 resets=4137 loads=0 bytes=0 batches=0
gpu: drawdone=4137 drawdone_us=13225 convert_us=0 present_us=118346
texk: conv_us=780697 conv=819 texels=16663616 tile_us=631578 tile=819 mdec_us=0 mdec=0
ogx: gc=0 sub_new=819 sub_hit=1963 skip=3888 unaligned=0 oob=0
ogxskip: b1=2782 b2=0 op_empty=1106 op_semi=0
ogxupl: semi=819 opaque=3318 mismatch=0
ogxgeom: coord_rej=0
efbloss: upl_calls=554 upl_done=553 | pres: total=1285 clear=2 inflight_skip=0
uplret: dis=1 skip=0 rgb24=0 px1=0
uplst0: 0 0 0 0 0 0 0 1 2 0 0 0 640 480 0 0 0 0 640 479 135 1
uplst1: 1 0 0 0 0 0 0 1 2 0 0 0 640 480 0 0 0 1 640 480 688 1
offsoft: prims=273 rejected=638 | pad: startpoll=3048 update=3048 ai_calls=1524
sio: write8=0 start=0 ctrl16=0 read8=0 irq=0 padtype0=1
ogxoff: prims=0 tex=0 off_roi=0 fills=0 fills_off=0 va=0 va_roi=0
ogxeq: n=0 mism=0 hole=0
ogxdraw: ft=0 gt=0 uni_ft=0 uni_gt=0 vram_wr=133993 inval=807
cd: reads=462 bytes=1086624 seq=452 rand=10 worst_us=10663 total_us=44201
cdpf: hit=0 miss=0 reads=0
chd: hit=0 miss=0 err=0 chd_us=0
xa: sectors=0 starts=0 fed=0 trunc=0 fill_min=0 fill_max=0 freq=0 stereo=0 dt_min=0 dt_max=0 filtered=0
xamix: mix=0 hold=3 gaps=1 gap_calls=1471 gap_samples=88260 | spu: ns=1763940 pulls=0 busy=116 desync=1 aev=2136 | out: dry=511852 drop=0
rate: ppm=-2525 i=-883 min=-4821 max=93 occ_min=0 occ_max=6346 occ_avg=1968 updates=4755 sat=0 changes=0 prefill=6144 | limit: debt_max=1250 debt_drops=563
save: states=0 save_us=0 loads=0 load_us=0 bytes=0 fails=0 mcd=0 mcd_us=0 mcd_fails=0
bios: calls=5717 custom=0 us=680332 exc=57206 exc_us=660923 | B17:ReturnFromException=2948 A2a:memcpy=2578 B07:DeliverEvent=68 A17:strcmp=50 B0a:WaitEvent=40 A18:strncmp=11 A3f:printf=2 B08:OpenEvent=2 B0c:EnableEvent=2 B3f:puts=2
ports: 0:1/0 1:0/1 2:0/0 3:0/0 4:0/0 5:0/0 6:0/0 7:0/0 8:0/0 9:0/0 | avail G=1000 C=0000 N=0000 W=0000 P=0000 D=0000 H=0000
carry: fc=0 rc0=1400/0/0/0 rc1=1500/0/0/0 rc2=c00/43d1/0/0 spu=1354752005/3/c005/000000/33000033 sio=0005/0000/0/0 pad1=1/G gc=1 av=1 | rcntfire=20671,17,21288,29400
gpusplit: parse_us=93210 vram_us=5201179 vram_words=42639115 off_us=5673 off=145771 prim_us=1917241 prims=145498
gpuregs: gp1_us=173142 gp1=271027 read_us=0 reads=10
gpuflip: will_us=230 done_us=23246 present_us=116860 presents=734
gpupres: upload_us=9647398 uploads=554 prep_us=0 capture_us=58 vout_us=346
gpuprim: misc=67318/732 poly=798001/2782 rect=1540/257 cv=1027469/132986 state=22912/8741
gpudeep: fill_gx_us=1766 fill_sw_us=64794 fill_mark_us=20 vramfin_us=2369477 vramfin=135995
gpudraw: ogx_us=14301 draws=7089 common_us=710 state_us=10258 states=9871 tex_us=788148 mode_us=10409704
gxcache: sets=0 skips=0
spustage: chans=41079 adpcm_us=264859 adsr_us=69496 mix_us=113769 rvb_us=207393
lc: mask=0 | stores=0 store_kb=0 loads=0 load_kb=0 wait_us=0
menu: frames=0 menu_us=0 strings=30012 glyphs=75417 texloads=75417
=== chain 3/4 end vblanks=2400 rom=Final Fantasy VII [U] [Disc 1] [SLUS-94163].cue ===
--- perf frames=1285 ---
fixes: dwActFixes=00000000 cdrom=SCUS94163
cpu: slices=274776 int=0 cpu_us=50802197 jit_full=0 jit_part=3502 interp_fb=0 hle=69105 exc=6
wall: wall_us=50844176 vblanks=2400 pal=0 nested=54563
inside: limit_us=22347496 limit=1824 target=1666 spu_us=1189191 spu=29400 out_us=400861 out=29400 hw_us=8305684 hw=7660054 hw_gpu_us=8054120 hw_gpu=5209271
slicecost: sched_us=32972170 jit_us=17125242 post_us=704784 exit_norm=203586 exit_irq=2079
softcall: runs=54242 steps=10 escapes=0 run_escapes=0 hle_exits=6198
nested: n=54563 sched_us=361284 jit_us=132397
slice: cycles=4233507259 avg=15407 tiny=1588
irq: cdr=70 cdread=477 gpudma=135987 spudma=2 mdecindma=2 gpuotcdma=985 cdrdma=924 newdrc=4 rcnt=67870
ram: mem1_free_kb=5703 mem2=14888/24575KB peak=14888KB fails=0 null_read=0 heap_ok=1
gpu: tex_hit=1043 miss=3951 resets=4137 loads=0 bytes=0 batches=0
gpu: drawdone=4137 drawdone_us=13252 convert_us=0 present_us=118187
texk: conv_us=781074 conv=819 texels=16663616 tile_us=631794 tile=819 mdec_us=0 mdec=0
ogx: gc=0 sub_new=819 sub_hit=1963 skip=3888 unaligned=0 oob=0
ogxskip: b1=2782 b2=0 op_empty=1106 op_semi=0
ogxupl: semi=819 opaque=3318 mismatch=0
ogxgeom: coord_rej=0
efbloss: upl_calls=554 upl_done=553 | pres: total=1285 clear=2 inflight_skip=0
uplret: dis=1 skip=0 rgb24=0 px1=0
uplst0: 0 0 0 0 0 0 0 1 2 0 0 0 640 480 0 0 0 0 640 479 135 1
uplst1: 1 0 0 0 0 0 0 1 2 0 0 0 640 480 0 0 0 1 640 480 688 1
offsoft: prims=273 rejected=638 | pad: startpoll=3048 update=3048 ai_calls=1524
sio: write8=0 start=0 ctrl16=0 read8=0 irq=0 padtype0=1
ogxoff: prims=0 tex=0 off_roi=0 fills=0 fills_off=0 va=0 va_roi=0
ogxeq: n=0 mism=0 hole=0
ogxdraw: ft=0 gt=0 uni_ft=0 uni_gt=0 vram_wr=133993 inval=807
cd: reads=462 bytes=1086624 seq=452 rand=10 worst_us=10819 total_us=44868
cdpf: hit=0 miss=0 reads=0
chd: hit=0 miss=0 err=0 chd_us=0
xa: sectors=0 starts=0 fed=0 trunc=0 fill_min=0 fill_max=0 freq=0 stereo=0 dt_min=0 dt_max=0 filtered=0
xamix: mix=0 hold=0 gaps=0 gap_calls=0 gap_samples=0 | spu: ns=1763940 pulls=0 busy=187 desync=1 aev=2135 | out: dry=510836 drop=0
rate: ppm=-2484 i=-1030 min=-4816 max=93 occ_min=0 occ_max=6451 occ_avg=2056 updates=4752 sat=0 changes=0 prefill=6656 | limit: debt_max=1250 debt_drops=563
save: states=0 save_us=0 loads=0 load_us=0 bytes=0 fails=0 mcd=0 mcd_us=0 mcd_fails=0
bios: calls=5717 custom=0 us=680491 exc=57206 exc_us=661054 | B17:ReturnFromException=2948 A2a:memcpy=2578 B07:DeliverEvent=68 A17:strcmp=50 B0a:WaitEvent=40 A18:strncmp=11 A3f:printf=2 B08:OpenEvent=2 B0c:EnableEvent=2 B3f:puts=2
ports: 0:1/0 1:0/1 2:0/0 3:0/0 4:0/0 5:0/0 6:0/0 7:0/0 8:0/0 9:0/0 | avail G=1000 C=0000 N=0000 W=0000 P=0000 D=0000 H=0000
carry: fc=0 rc0=1400/0/0/0 rc1=1507/0/0/0 rc2=e58/43d1/1/1 spu=1354752001/0/c081/007c00/80000080 sio=0005/0000/0/0 pad1=1/G gc=1 av=1 | rcntfire=20671,17,21288,29400
gpusplit: parse_us=93187 vram_us=5194718 vram_words=42639115 off_us=5674 off=145771 prim_us=1916197 prims=145498
gpuregs: gp1_us=172603 gp1=271027 read_us=0 reads=10
gpuflip: will_us=236 done_us=23237 present_us=116686 presents=734
gpupres: upload_us=9636072 uploads=554 prep_us=0 capture_us=58 vout_us=349
gpuprim: misc=67297/732 poly=798369/2782 rect=1539/257 cv=1026163/132986 state=22826/8741
gpudeep: fill_gx_us=1765 fill_sw_us=64775 fill_mark_us=20 vramfin_us=2366596 vramfin=135995
gpudraw: ogx_us=14314 draws=7089 common_us=709 state_us=10271 states=9871 tex_us=788521 mode_us=10398763
gxcache: sets=0 skips=0
spustage: chans=41085 adpcm_us=265019 adsr_us=69420 mix_us=113821 rvb_us=207600
lc: mask=0 | stores=0 store_kb=0 loads=0 load_kb=0 wait_us=0
menu: frames=0 menu_us=0 strings=30012 glyphs=75421 texloads=75421
=== chain 4/4 end vblanks=2400 rom=Final Fantasy VII [U] [Disc 1] [SLUS-94163].cue ===
